
*** Running vivado
    with args -log top_wrapper.vdi -applog -m64 -product Vivado -messageDb vivado.pb -mode batch -source top_wrapper.tcl -notrace


****** Vivado v2022.2 (64-bit)
  **** SW Build 3671981 on Fri Oct 14 04:59:54 MDT 2022
  **** IP Build 3669848 on Fri Oct 14 08:30:02 MDT 2022
    ** Copyright 1986-2022 Xilinx, Inc. All Rights Reserved.

source top_wrapper.tcl -notrace
INFO: [IP_Flow 19-234] Refreshing IP repositories
INFO: [IP_Flow 19-1700] Loaded user IP repository '/tmp/finn_qi_int8_sweep/code_gen_ipgen_StreamingDataflowPartition_0_IODMA_hls_0_gu0r6x71/project_StreamingDataflowPartition_0_IODMA_hls_0/sol1/impl/ip'.
INFO: [IP_Flow 19-1700] Loaded user IP repository '/tmp/finn_qi_int8_sweep/vivado_stitch_proj_ekpdrz0g/ip'.
INFO: [IP_Flow 19-1700] Loaded user IP repository '/tmp/finn_qi_int8_sweep/code_gen_ipgen_StreamingFIFO_rtl_0_yl8xsr1z'.
INFO: [IP_Flow 19-1700] Loaded user IP repository '/tmp/finn_qi_int8_sweep/code_gen_ipgen_FMPadding_rtl_0_a348baun'.
INFO: [IP_Flow 19-1700] Loaded user IP repository '/tmp/finn_qi_int8_sweep/code_gen_ipgen_StreamingFIFO_rtl_1_kse6jg6t'.
INFO: [IP_Flow 19-1700] Loaded user IP repository '/tmp/finn_qi_int8_sweep/code_gen_ipgen_ConvolutionInputGenerator_rtl_0_u41j9w0k'.
INFO: [IP_Flow 19-1700] Loaded user IP repository '/tmp/finn_qi_int8_sweep/code_gen_ipgen_StreamingFIFO_rtl_2_yk_rc3ef'.
INFO: [IP_Flow 19-1700] Loaded user IP repository '/tmp/finn_qi_int8_sweep/code_gen_ipgen_MVAU_hls_0_2j33cjxo/project_MVAU_hls_0/sol1/impl/ip'.
INFO: [IP_Flow 19-1700] Loaded user IP repository '/tmp/finn_qi_int8_sweep/code_gen_ipgen_StreamingFIFO_rtl_3_nop3_f7e'.
INFO: [IP_Flow 19-1700] Loaded user IP repository '/tmp/finn_qi_int8_sweep/code_gen_ipgen_StreamingDataWidthConverter_rtl_0_6oih_fhq'.
INFO: [IP_Flow 19-1700] Loaded user IP repository '/tmp/finn_qi_int8_sweep/code_gen_ipgen_StreamingFIFO_rtl_4_m5glom5h'.
INFO: [IP_Flow 19-1700] Loaded user IP repository '/tmp/finn_qi_int8_sweep/code_gen_ipgen_StreamingMaxPool_hls_0_m7mhog1b/project_StreamingMaxPool_hls_0/sol1/impl/ip'.
INFO: [IP_Flow 19-1700] Loaded user IP repository '/tmp/finn_qi_int8_sweep/code_gen_ipgen_StreamingFIFO_rtl_5_zhl3kd8x'.
INFO: [IP_Flow 19-1700] Loaded user IP repository '/tmp/finn_qi_int8_sweep/code_gen_ipgen_FMPadding_rtl_1_zebbhjg9'.
INFO: [IP_Flow 19-1700] Loaded user IP repository '/tmp/finn_qi_int8_sweep/code_gen_ipgen_StreamingFIFO_rtl_6_ru9o15t2'.
INFO: [IP_Flow 19-1700] Loaded user IP repository '/tmp/finn_qi_int8_sweep/code_gen_ipgen_StreamingDataWidthConverter_rtl_1_v1jesu7c'.
INFO: [IP_Flow 19-1700] Loaded user IP repository '/tmp/finn_qi_int8_sweep/code_gen_ipgen_StreamingFIFO_rtl_7_zzmhxh9y'.
INFO: [IP_Flow 19-1700] Loaded user IP repository '/tmp/finn_qi_int8_sweep/code_gen_ipgen_ConvolutionInputGenerator_rtl_1_kksy9_z3'.
INFO: [IP_Flow 19-1700] Loaded user IP repository '/tmp/finn_qi_int8_sweep/code_gen_ipgen_StreamingFIFO_rtl_8_482z712i'.
INFO: [IP_Flow 19-1700] Loaded user IP repository '/tmp/finn_qi_int8_sweep/code_gen_ipgen_StreamingDataWidthConverter_rtl_2_0n0qsrpv'.
INFO: [IP_Flow 19-1700] Loaded user IP repository '/tmp/finn_qi_int8_sweep/code_gen_ipgen_StreamingFIFO_rtl_9_zgtem8pg'.
INFO: [IP_Flow 19-1700] Loaded user IP repository '/tmp/finn_qi_int8_sweep/code_gen_ipgen_MVAU_hls_1_qdilzfu5/project_MVAU_hls_1/sol1/impl/ip'.
INFO: [IP_Flow 19-1700] Loaded user IP repository '/tmp/finn_qi_int8_sweep/code_gen_ipgen_StreamingFIFO_rtl_10_82sh_z9r'.
INFO: [IP_Flow 19-1700] Loaded user IP repository '/tmp/finn_qi_int8_sweep/code_gen_ipgen_StreamingDataWidthConverter_rtl_3_ekk9u3hw'.
INFO: [IP_Flow 19-1700] Loaded user IP repository '/tmp/finn_qi_int8_sweep/code_gen_ipgen_StreamingFIFO_rtl_11_7rkqde38'.
INFO: [IP_Flow 19-1700] Loaded user IP repository '/tmp/finn_qi_int8_sweep/code_gen_ipgen_StreamingMaxPool_hls_1_67k1v7u6/project_StreamingMaxPool_hls_1/sol1/impl/ip'.
INFO: [IP_Flow 19-1700] Loaded user IP repository '/tmp/finn_qi_int8_sweep/code_gen_ipgen_StreamingFIFO_rtl_12_01gwjf12'.
INFO: [IP_Flow 19-1700] Loaded user IP repository '/tmp/finn_qi_int8_sweep/vivado_stitch_proj_95o9wfo8/ip'.
INFO: [IP_Flow 19-1700] Loaded user IP repository '/home/samu/dev/CEN571-final/finn-vs-vitisai/finn-repo/finn-rtllib/memstream'.
INFO: [IP_Flow 19-1700] Loaded user IP repository '/tmp/finn_qi_int8_sweep/code_gen_ipgen_StreamingDataflowPartition_2_IODMA_hls_0_mu7xy9ad/project_StreamingDataflowPartition_2_IODMA_hls_0/sol1/impl/ip'.
INFO: [IP_Flow 19-1700] Loaded user IP repository '/tmp/finn_qi_int8_sweep/vivado_stitch_proj_jl4d9og0/ip'.
INFO: [IP_Flow 19-2313] Loaded Vivado IP repository '/tools/Xilinx/Vivado/2022.2/data/ip'.
Command: link_design -top top_wrapper -part xczu3eg-sbva484-1-e
Design is defaulting to srcset: sources_1
Design is defaulting to constrset: constrs_1
INFO: [Device 21-403] Loading part xczu3eg-sbva484-1-e
INFO: [Project 1-454] Reading design checkpoint '/tmp/finn_qi_int8_sweep/vivado_zynq_proj_hff23ob9/finn_zynq_link.gen/sources_1/bd/top/ip/top_StreamingDataflowPartition_1_0/top_StreamingDataflowPartition_1_0.dcp' for cell 'top_i/StreamingDataflowPartition_1'
INFO: [Project 1-454] Reading design checkpoint '/tmp/finn_qi_int8_sweep/vivado_zynq_proj_hff23ob9/finn_zynq_link.gen/sources_1/bd/top/ip/top_idma0_0/top_idma0_0.dcp' for cell 'top_i/idma0'
INFO: [Project 1-454] Reading design checkpoint '/tmp/finn_qi_int8_sweep/vivado_zynq_proj_hff23ob9/finn_zynq_link.gen/sources_1/bd/top/ip/top_odma0_0/top_odma0_0.dcp' for cell 'top_i/odma0'
INFO: [Project 1-454] Reading design checkpoint '/tmp/finn_qi_int8_sweep/vivado_zynq_proj_hff23ob9/finn_zynq_link.gen/sources_1/bd/top/ip/top_rst_zynq_ps_100M_0/top_rst_zynq_ps_100M_0.dcp' for cell 'top_i/rst_zynq_ps_100M'
INFO: [Project 1-454] Reading design checkpoint '/tmp/finn_qi_int8_sweep/vivado_zynq_proj_hff23ob9/finn_zynq_link.gen/sources_1/bd/top/ip/top_smartconnect_0_0/top_smartconnect_0_0.dcp' for cell 'top_i/smartconnect_0'
INFO: [Project 1-454] Reading design checkpoint '/tmp/finn_qi_int8_sweep/vivado_zynq_proj_hff23ob9/finn_zynq_link.gen/sources_1/bd/top/ip/top_zynq_ps_0/top_zynq_ps_0.dcp' for cell 'top_i/zynq_ps'
INFO: [Project 1-454] Reading design checkpoint '/tmp/finn_qi_int8_sweep/vivado_zynq_proj_hff23ob9/finn_zynq_link.gen/sources_1/bd/top/ip/top_xbar_0/top_xbar_0.dcp' for cell 'top_i/axi_interconnect_0/xbar'
INFO: [Project 1-454] Reading design checkpoint '/tmp/finn_qi_int8_sweep/vivado_zynq_proj_hff23ob9/finn_zynq_link.gen/sources_1/bd/top/ip/top_auto_ds_0/top_auto_ds_0.dcp' for cell 'top_i/axi_interconnect_0/s00_couplers/auto_ds'
INFO: [Project 1-454] Reading design checkpoint '/tmp/finn_qi_int8_sweep/vivado_zynq_proj_hff23ob9/finn_zynq_link.gen/sources_1/bd/top/ip/top_auto_pc_0/top_auto_pc_0.dcp' for cell 'top_i/axi_interconnect_0/s00_couplers/auto_pc'
Netlist sorting complete. Time (s): cpu = 00:00:00.43 ; elapsed = 00:00:00.44 . Memory (MB): peak = 2690.848 ; gain = 0.000 ; free physical = 25982 ; free virtual = 51673
INFO: [Netlist 29-17] Analyzing 1816 Unisim elements for replacement
INFO: [Netlist 29-28] Unisim Transformation completed in 0 CPU seconds
INFO: [Project 1-479] Netlist was created with Vivado 2022.2
INFO: [Project 1-570] Preparing netlist for logic optimization
Parsing XDC File [/tmp/finn_qi_int8_sweep/vivado_zynq_proj_hff23ob9/finn_zynq_link.gen/sources_1/bd/top/ip/top_zynq_ps_0/top_zynq_ps_0.xdc] for cell 'top_i/zynq_ps/inst'
Finished Parsing XDC File [/tmp/finn_qi_int8_sweep/vivado_zynq_proj_hff23ob9/finn_zynq_link.gen/sources_1/bd/top/ip/top_zynq_ps_0/top_zynq_ps_0.xdc] for cell 'top_i/zynq_ps/inst'
Parsing XDC File [/tmp/finn_qi_int8_sweep/vivado_zynq_proj_hff23ob9/finn_zynq_link.gen/sources_1/bd/top/ip/top_smartconnect_0_0/bd_0/ip/ip_1/bd_acc6_psr_aclk_0_board.xdc] for cell 'top_i/smartconnect_0/inst/clk_map/psr_aclk/U0'
Finished Parsing XDC File [/tmp/finn_qi_int8_sweep/vivado_zynq_proj_hff23ob9/finn_zynq_link.gen/sources_1/bd/top/ip/top_smartconnect_0_0/bd_0/ip/ip_1/bd_acc6_psr_aclk_0_board.xdc] for cell 'top_i/smartconnect_0/inst/clk_map/psr_aclk/U0'
Parsing XDC File [/tmp/finn_qi_int8_sweep/vivado_zynq_proj_hff23ob9/finn_zynq_link.gen/sources_1/bd/top/ip/top_smartconnect_0_0/bd_0/ip/ip_1/bd_acc6_psr_aclk_0.xdc] for cell 'top_i/smartconnect_0/inst/clk_map/psr_aclk/U0'
Finished Parsing XDC File [/tmp/finn_qi_int8_sweep/vivado_zynq_proj_hff23ob9/finn_zynq_link.gen/sources_1/bd/top/ip/top_smartconnect_0_0/bd_0/ip/ip_1/bd_acc6_psr_aclk_0.xdc] for cell 'top_i/smartconnect_0/inst/clk_map/psr_aclk/U0'
Parsing XDC File [/tmp/finn_qi_int8_sweep/vivado_zynq_proj_hff23ob9/finn_zynq_link.gen/sources_1/bd/top/ip/top_rst_zynq_ps_100M_0/top_rst_zynq_ps_100M_0_board.xdc] for cell 'top_i/rst_zynq_ps_100M/U0'
Finished Parsing XDC File [/tmp/finn_qi_int8_sweep/vivado_zynq_proj_hff23ob9/finn_zynq_link.gen/sources_1/bd/top/ip/top_rst_zynq_ps_100M_0/top_rst_zynq_ps_100M_0_board.xdc] for cell 'top_i/rst_zynq_ps_100M/U0'
Parsing XDC File [/tmp/finn_qi_int8_sweep/vivado_zynq_proj_hff23ob9/finn_zynq_link.gen/sources_1/bd/top/ip/top_rst_zynq_ps_100M_0/top_rst_zynq_ps_100M_0.xdc] for cell 'top_i/rst_zynq_ps_100M/U0'
Finished Parsing XDC File [/tmp/finn_qi_int8_sweep/vivado_zynq_proj_hff23ob9/finn_zynq_link.gen/sources_1/bd/top/ip/top_rst_zynq_ps_100M_0/top_rst_zynq_ps_100M_0.xdc] for cell 'top_i/rst_zynq_ps_100M/U0'
Parsing XDC File [/tmp/finn_qi_int8_sweep/vivado_zynq_proj_hff23ob9/finn_zynq_link.gen/sources_1/bd/top/ip/top_auto_ds_0/top_auto_ds_0_clocks.xdc] for cell 'top_i/axi_interconnect_0/s00_couplers/auto_ds/inst'
Finished Parsing XDC File [/tmp/finn_qi_int8_sweep/vivado_zynq_proj_hff23ob9/finn_zynq_link.gen/sources_1/bd/top/ip/top_auto_ds_0/top_auto_ds_0_clocks.xdc] for cell 'top_i/axi_interconnect_0/s00_couplers/auto_ds/inst'
INFO: [Project 1-1714] 71 XPM XDC files have been applied to the design.
INFO: [Opt 31-138] Pushed 0 inverter(s) to 0 load pin(s).
Netlist sorting complete. Time (s): cpu = 00:00:00.01 ; elapsed = 00:00:00.01 . Memory (MB): peak = 3068.352 ; gain = 0.000 ; free physical = 25793 ; free virtual = 51484
INFO: [Project 1-111] Unisim Transformation Summary:
  A total of 359 instances were transformed.
  DSP48E2 => DSP48E2 (DSP_ALU, DSP_A_B_DATA, DSP_C_DATA, DSP_MULTIPLIER, DSP_M_DATA, DSP_OUTPUT, DSP_PREADD, DSP_PREADD_DATA): 3 instances
  RAM16X1D => RAM32X1D (RAMD32(x2)): 2 instances
  RAM16X1S => RAM32X1S (RAMS32): 200 instances
  RAM32M => RAM32M (RAMD32(x6), RAMS32(x2)): 6 instances
  RAM32M16 => RAM32M16 (RAMD32(x14), RAMS32(x2)): 126 instances
  RAM32X1D => RAM32X1D (RAMD32(x2)): 2 instances
  RAM64M8 => RAM64M8 (RAMD64E(x8)): 6 instances
  RAM64X1D => RAM64X1D (RAMD64E(x2)): 6 instances
  RAM64X1S => RAM64X1S (RAMS64E): 8 instances

50 Infos, 0 Warnings, 0 Critical Warnings and 0 Errors encountered.
link_design completed successfully
link_design: Time (s): cpu = 00:00:19 ; elapsed = 00:00:19 . Memory (MB): peak = 3068.352 ; gain = 1245.527 ; free physical = 25800 ; free virtual = 51491
Command: opt_design -directive Explore
INFO: [Vivado_Tcl 4-136] Directive used for opt_design is: Explore
Attempting to get a license for feature 'Implementation' and/or device 'xczu3eg'
INFO: [Common 17-349] Got license for feature 'Implementation' and/or device 'xczu3eg'
Running DRC as a precondition to command opt_design

Starting DRC Task
INFO: [DRC 23-27] Running DRC with 8 threads
INFO: [Project 1-461] DRC finished with 0 Errors
INFO: [Project 1-462] Please refer to the DRC report (report_drc) for more information.

Time (s): cpu = 00:00:02 ; elapsed = 00:00:00.77 . Memory (MB): peak = 3068.352 ; gain = 0.000 ; free physical = 25787 ; free virtual = 51478

Starting Logic Optimization Task
INFO: [Timing 38-35] Done setting XDC timing constraints.

Phase 1 Retarget
INFO: [Opt 31-1287] Pulled Inverter top_i/StreamingDataflowPartition_1/inst/StreamingDataflowPartition_1_MVAU_hls_1/StreamingDataflowPartition_1_MVAU_hls_1/inst/grp_Matrix_Vector_Activate_Stream_Batch_fu_540/flow_control_loop_pipe_sequential_init_U/icmp_ln249_reg_12880[0]_i_1 into driver instance top_i/StreamingDataflowPartition_1/inst/StreamingDataflowPartition_1_MVAU_hls_1/StreamingDataflowPartition_1_MVAU_hls_1/inst/grp_Matrix_Vector_Activate_Stream_Batch_fu_540/flow_control_loop_pipe_sequential_init_U/p_reg_reg_i_19, which resulted in an inversion of 5 pins
INFO: [Opt 31-1287] Pulled Inverter top_i/axi_interconnect_0/s00_couplers/auto_ds/inst/gen_downsizer.gen_simple_downsizer.axi_downsizer_inst/USE_READ.read_addr_inst/cmd_queue/inst/current_word_1[3]_i_1 into driver instance top_i/axi_interconnect_0/s00_couplers/auto_ds/inst/gen_downsizer.gen_simple_downsizer.axi_downsizer_inst/USE_READ.read_addr_inst/cmd_queue/inst/s_axi_rvalid_INST_0_i_3, which resulted in an inversion of 2 pins
INFO: [Opt 31-1287] Pulled Inverter top_i/axi_interconnect_0/s00_couplers/auto_ds/inst/gen_downsizer.gen_simple_downsizer.axi_downsizer_inst/USE_WRITE.USE_SPLIT.write_resp_inst/first_mi_word_i_2 into driver instance top_i/axi_interconnect_0/s00_couplers/auto_ds/inst/gen_downsizer.gen_simple_downsizer.axi_downsizer_inst/USE_WRITE.USE_SPLIT.write_resp_inst/s_axi_bvalid_INST_0_i_1, which resulted in an inversion of 5 pins
INFO: [Opt 31-1287] Pulled Inverter top_i/idma0/inst/StreamingDataflowPartition_0_IODMA_hls_0/inst/gmem_m_axi_U/bus_read/fifo_rctl/sect_addr_buf[63]_i_1 into driver instance top_i/idma0/inst/StreamingDataflowPartition_0_IODMA_hls_0/inst/gmem_m_axi_U/bus_read/fifo_rctl/state[1]_i_2, which resulted in an inversion of 17 pins
INFO: [Opt 31-1287] Pulled Inverter top_i/smartconnect_0/inst/s00_entry_pipeline/s00_si_converter/inst/converter.wrap_narrow_inst/gen_thread_loop[0].r_payld_fifo/cmd_fifo/cmd_len_qq[7]_i_1 into driver instance top_i/smartconnect_0/inst/s00_entry_pipeline/s00_si_converter/inst/converter.wrap_narrow_inst/gen_thread_loop[0].r_payld_fifo/cmd_fifo/gen_pipelined.state[2]_i_3, which resulted in an inversion of 6 pins
INFO: [Opt 31-1287] Pulled Inverter top_i/smartconnect_0/inst/s00_entry_pipeline/s00_si_converter/inst/converter.wrap_narrow_inst/w_payld_fifo/cmd_fifo/cmd_len_qq[7]_i_1__0 into driver instance top_i/smartconnect_0/inst/s00_entry_pipeline/s00_si_converter/inst/converter.wrap_narrow_inst/w_payld_fifo/cmd_fifo/gen_pipelined.state[2]_i_3__0, which resulted in an inversion of 6 pins
INFO: [Opt 31-1287] Pulled Inverter top_i/smartconnect_0/inst/s01_entry_pipeline/s01_si_converter/inst/converter.wrap_narrow_inst/gen_thread_loop[0].r_payld_fifo/cmd_fifo/cmd_len_qq[7]_i_1 into driver instance top_i/smartconnect_0/inst/s01_entry_pipeline/s01_si_converter/inst/converter.wrap_narrow_inst/gen_thread_loop[0].r_payld_fifo/cmd_fifo/gen_pipelined.state[2]_i_3, which resulted in an inversion of 6 pins
INFO: [Opt 31-1287] Pulled Inverter top_i/smartconnect_0/inst/s01_entry_pipeline/s01_si_converter/inst/converter.wrap_narrow_inst/w_payld_fifo/cmd_fifo/cmd_len_qq[7]_i_1__0 into driver instance top_i/smartconnect_0/inst/s01_entry_pipeline/s01_si_converter/inst/converter.wrap_narrow_inst/w_payld_fifo/cmd_fifo/gen_pipelined.state[2]_i_3__0, which resulted in an inversion of 6 pins
INFO: [Opt 31-138] Pushed 79 inverter(s) to 2948 load pin(s).
INFO: [Opt 31-49] Retargeted 0 cell(s).
Phase 1 Retarget | Checksum: 960eb4cb

Time (s): cpu = 00:00:07 ; elapsed = 00:00:04 . Memory (MB): peak = 3601.625 ; gain = 372.844 ; free physical = 25330 ; free virtual = 51022
INFO: [Opt 31-389] Phase Retarget created 400 cells and removed 760 cells
INFO: [Opt 31-1021] In phase Retarget, 72 netlist objects are constrained preventing optimization. Please run opt_design with -debug_log to get more detail. 

Phase 2 Constant propagation
INFO: [Opt 31-138] Pushed 23 inverter(s) to 50 load pin(s).
Phase 2 Constant propagation | Checksum: d393995c

Time (s): cpu = 00:00:08 ; elapsed = 00:00:05 . Memory (MB): peak = 3601.625 ; gain = 372.844 ; free physical = 25335 ; free virtual = 51026
INFO: [Opt 31-389] Phase Constant propagation created 415 cells and removed 5358 cells
INFO: [Opt 31-1021] In phase Constant propagation, 87 netlist objects are constrained preventing optimization. Please run opt_design with -debug_log to get more detail. 

Phase 3 Sweep
Phase 3 Sweep | Checksum: 148db6349

Time (s): cpu = 00:00:09 ; elapsed = 00:00:06 . Memory (MB): peak = 3601.625 ; gain = 372.844 ; free physical = 25335 ; free virtual = 51026
INFO: [Opt 31-389] Phase Sweep created 0 cells and removed 2219 cells
INFO: [Opt 31-1021] In phase Sweep, 172 netlist objects are constrained preventing optimization. Please run opt_design with -debug_log to get more detail. 

Phase 4 BUFG optimization
INFO: [Opt 31-1077] Phase BUFG optimization inserted 0 global clock buffer(s) for CLOCK_LOW_FANOUT.
Phase 4 BUFG optimization | Checksum: 148db6349

Time (s): cpu = 00:00:10 ; elapsed = 00:00:07 . Memory (MB): peak = 3633.641 ; gain = 404.859 ; free physical = 25335 ; free virtual = 51026
INFO: [Opt 31-662] Phase BUFG optimization created 0 cells of which 0 are BUFGs and removed 0 cells.

Phase 5 Shift Register Optimization
INFO: [Opt 31-1064] SRL Remap converted 0 SRLs to 0 registers and converted 0 registers of register chains to 0 SRLs
Phase 5 Shift Register Optimization | Checksum: 148db6349

Time (s): cpu = 00:00:10 ; elapsed = 00:00:07 . Memory (MB): peak = 3633.641 ; gain = 404.859 ; free physical = 25335 ; free virtual = 51026
INFO: [Opt 31-389] Phase Shift Register Optimization created 0 cells and removed 0 cells
INFO: [Opt 31-1555] control_set_opt supports Versal devices only, and device xczu3eg is unsupported

Phase 6 Post Processing Netlist
Phase 6 Post Processing Netlist | Checksum: fad995de

Time (s): cpu = 00:00:10 ; elapsed = 00:00:07 . Memory (MB): peak = 3633.641 ; gain = 404.859 ; free physical = 25335 ; free virtual = 51026
INFO: [Opt 31-389] Phase Post Processing Netlist created 0 cells and removed 0 cells
INFO: [Opt 31-1021] In phase Post Processing Netlist, 78 netlist objects are constrained preventing optimization. Please run opt_design with -debug_log to get more detail. 
Opt_design Change Summary
=========================


-------------------------------------------------------------------------------------------------------------------------
|  Phase                        |  #Cells created  |  #Cells Removed  |  #Constrained objects preventing optimizations  |
-------------------------------------------------------------------------------------------------------------------------
|  Retarget                     |             400  |             760  |                                             72  |
|  Constant propagation         |             415  |            5358  |                                             87  |
|  Sweep                        |               0  |            2219  |                                            172  |
|  BUFG optimization            |               0  |               0  |                                              0  |
|  Shift Register Optimization  |               0  |               0  |                                              0  |
|  Post Processing Netlist      |               0  |               0  |                                             78  |
-------------------------------------------------------------------------------------------------------------------------



Starting Connectivity Check Task

Time (s): cpu = 00:00:00.07 ; elapsed = 00:00:00.06 . Memory (MB): peak = 3633.641 ; gain = 0.000 ; free physical = 25336 ; free virtual = 51028
Ending Logic Optimization Task | Checksum: f0c4b3d9

Time (s): cpu = 00:00:11 ; elapsed = 00:00:08 . Memory (MB): peak = 3633.641 ; gain = 404.859 ; free physical = 25336 ; free virtual = 51028

Starting Netlist Obfuscation Task
Netlist sorting complete. Time (s): cpu = 00:00:00.01 ; elapsed = 00:00:00.01 . Memory (MB): peak = 3633.641 ; gain = 0.000 ; free physical = 25336 ; free virtual = 51028
Ending Netlist Obfuscation Task | Checksum: f0c4b3d9

Time (s): cpu = 00:00:00.01 ; elapsed = 00:00:00.01 . Memory (MB): peak = 3633.641 ; gain = 0.000 ; free physical = 25336 ; free virtual = 51028
INFO: [Common 17-83] Releasing license: Implementation
81 Infos, 0 Warnings, 0 Critical Warnings and 0 Errors encountered.
opt_design completed successfully
opt_design: Time (s): cpu = 00:00:14 ; elapsed = 00:00:10 . Memory (MB): peak = 3633.641 ; gain = 565.289 ; free physical = 25336 ; free virtual = 51028
INFO: [Timing 38-480] Writing timing data to binary archive.
INFO: [Common 17-1381] The checkpoint '/tmp/finn_qi_int8_sweep/vivado_zynq_proj_hff23ob9/finn_zynq_link.runs/impl_1/top_wrapper_opt.dcp' has been generated.
INFO: [runtcl-4] Executing : report_drc -file top_wrapper_drc_opted.rpt -pb top_wrapper_drc_opted.pb -rpx top_wrapper_drc_opted.rpx
Command: report_drc -file top_wrapper_drc_opted.rpt -pb top_wrapper_drc_opted.pb -rpx top_wrapper_drc_opted.rpx
INFO: [IP_Flow 19-1839] IP Catalog is up to date.
INFO: [DRC 23-27] Running DRC with 8 threads
INFO: [Vivado_Tcl 2-168] The results of DRC are in file /tmp/finn_qi_int8_sweep/vivado_zynq_proj_hff23ob9/finn_zynq_link.runs/impl_1/top_wrapper_drc_opted.rpt.
report_drc completed successfully
Command: place_design -directive ExtraTimingOpt
Attempting to get a license for feature 'Implementation' and/or device 'xczu3eg'
INFO: [Common 17-349] Got license for feature 'Implementation' and/or device 'xczu3eg'
INFO: [DRC 23-27] Running DRC with 8 threads
INFO: [Vivado_Tcl 4-198] DRC finished with 0 Errors
INFO: [Vivado_Tcl 4-199] Please refer to the DRC report (report_drc) for more information.
Running DRC as a precondition to command place_design
INFO: [DRC 23-27] Running DRC with 8 threads
INFO: [Vivado_Tcl 4-198] DRC finished with 0 Errors
INFO: [Vivado_Tcl 4-199] Please refer to the DRC report (report_drc) for more information.

Starting Placer Task
INFO: [Place 46-5] The placer was invoked with the 'ExtraTimingOpt' directive.
INFO: [Place 30-611] Multithreading enabled for place_design using a maximum of 8 CPUs

Phase 1 Placer Initialization

Phase 1.1 Placer Initialization Netlist Sorting
Netlist sorting complete. Time (s): cpu = 00:00:00 ; elapsed = 00:00:00 . Memory (MB): peak = 3744.266 ; gain = 0.000 ; free physical = 25185 ; free virtual = 50890
Phase 1.1 Placer Initialization Netlist Sorting | Checksum: 5f11fcba

Time (s): cpu = 00:00:00.02 ; elapsed = 00:00:00.03 . Memory (MB): peak = 3744.266 ; gain = 0.000 ; free physical = 25185 ; free virtual = 50890
Netlist sorting complete. Time (s): cpu = 00:00:00.01 ; elapsed = 00:00:00.01 . Memory (MB): peak = 3744.266 ; gain = 0.000 ; free physical = 25186 ; free virtual = 50891

Phase 1.2 IO Placement/ Clock Placement/ Build Placer Device
INFO: [Timing 38-35] Done setting XDC timing constraints.
Phase 1.2 IO Placement/ Clock Placement/ Build Placer Device | Checksum: 7ad7494d

Time (s): cpu = 00:00:23 ; elapsed = 00:00:21 . Memory (MB): peak = 4930.086 ; gain = 1185.820 ; free physical = 24172 ; free virtual = 49877

Phase 1.3 Build Placer Netlist Model
Phase 1.3 Build Placer Netlist Model | Checksum: 8a90412b

Time (s): cpu = 00:00:35 ; elapsed = 00:00:27 . Memory (MB): peak = 4969.129 ; gain = 1224.863 ; free physical = 23895 ; free virtual = 49600

Phase 1.4 Constrain Clocks/Macros
Phase 1.4 Constrain Clocks/Macros | Checksum: 8a90412b

Time (s): cpu = 00:00:35 ; elapsed = 00:00:27 . Memory (MB): peak = 4969.129 ; gain = 1224.863 ; free physical = 23911 ; free virtual = 49616
Phase 1 Placer Initialization | Checksum: 8a90412b

Time (s): cpu = 00:00:35 ; elapsed = 00:00:27 . Memory (MB): peak = 4969.129 ; gain = 1224.863 ; free physical = 23910 ; free virtual = 49615

Phase 2 Global Placement

Phase 2.1 Floorplanning

Phase 2.1.1 Partition Driven Placement

Phase 2.1.1.1 PBP: Partition Driven Placement
Phase 2.1.1.1 PBP: Partition Driven Placement | Checksum: 12427d688

Time (s): cpu = 00:00:44 ; elapsed = 00:00:31 . Memory (MB): peak = 4977.133 ; gain = 1232.867 ; free physical = 23945 ; free virtual = 49650

Phase 2.1.1.2 PBP: Clock Region Placement
Phase 2.1.1.2 PBP: Clock Region Placement | Checksum: 12ed4a358

Time (s): cpu = 00:00:45 ; elapsed = 00:00:31 . Memory (MB): peak = 4977.133 ; gain = 1232.867 ; free physical = 23965 ; free virtual = 49670

Phase 2.1.1.3 PBP: Compute Congestion
Phase 2.1.1.3 PBP: Compute Congestion | Checksum: 12ed4a358

Time (s): cpu = 00:00:46 ; elapsed = 00:00:31 . Memory (MB): peak = 5015.492 ; gain = 1271.227 ; free physical = 23965 ; free virtual = 49671

Phase 2.1.1.4 PBP: UpdateTiming
Phase 2.1.1.4 PBP: UpdateTiming | Checksum: 905af209

Time (s): cpu = 00:00:48 ; elapsed = 00:00:32 . Memory (MB): peak = 5045.508 ; gain = 1301.242 ; free physical = 23982 ; free virtual = 49687

Phase 2.1.1.5 PBP: Add part constraints
Phase 2.1.1.5 PBP: Add part constraints | Checksum: 905af209

Time (s): cpu = 00:00:48 ; elapsed = 00:00:32 . Memory (MB): peak = 5045.508 ; gain = 1301.242 ; free physical = 23982 ; free virtual = 49687
Phase 2.1.1 Partition Driven Placement | Checksum: 905af209

Time (s): cpu = 00:00:48 ; elapsed = 00:00:32 . Memory (MB): peak = 5045.508 ; gain = 1301.242 ; free physical = 23982 ; free virtual = 49687
Phase 2.1 Floorplanning | Checksum: b36fceee

Time (s): cpu = 00:00:48 ; elapsed = 00:00:32 . Memory (MB): peak = 5045.508 ; gain = 1301.242 ; free physical = 23982 ; free virtual = 49687

Phase 2.2 Update Timing before SLR Path Opt
Phase 2.2 Update Timing before SLR Path Opt | Checksum: b36fceee

Time (s): cpu = 00:00:48 ; elapsed = 00:00:32 . Memory (MB): peak = 5045.508 ; gain = 1301.242 ; free physical = 23982 ; free virtual = 49687

Phase 2.3 Post-Processing in Floorplanning
Phase 2.3 Post-Processing in Floorplanning | Checksum: b36fceee

Time (s): cpu = 00:00:48 ; elapsed = 00:00:32 . Memory (MB): peak = 5045.508 ; gain = 1301.242 ; free physical = 23982 ; free virtual = 49687

Phase 2.4 Global Placement Core

Phase 2.4.1 UpdateTiming Before Physical Synthesis
Phase 2.4.1 UpdateTiming Before Physical Synthesis | Checksum: 14162c8ef

Time (s): cpu = 00:01:29 ; elapsed = 00:00:45 . Memory (MB): peak = 5057.527 ; gain = 1313.262 ; free physical = 24110 ; free virtual = 49815

Phase 2.4.2 Physical Synthesis In Placer
INFO: [Physopt 32-1035] Found 0 LUTNM shape to break, 793 LUT instances to create LUTNM shape
INFO: [Physopt 32-1044] Break lutnm for timing: one critical 0, two critical 0, total 0, new lutff created 0
INFO: [Physopt 32-1138] End 1 Pass. Optimized 292 nets or LUTs. Breaked 0 LUT, combined 292 existing LUTs and moved 0 existing LUT
INFO: [Physopt 32-1030] Pass 1. Identified 11 candidate driver sets for equivalent driver rewiring.
INFO: [Physopt 32-661] Optimized 8 nets.  Re-placed 211 instances.
INFO: [Physopt 32-775] End 1 Pass. Optimized 8 nets or cells. Created 0 new cell, deleted 0 existing cell and moved 211 existing cells
Netlist sorting complete. Time (s): cpu = 00:00:00.06 ; elapsed = 00:00:00.06 . Memory (MB): peak = 5057.527 ; gain = 0.000 ; free physical = 24141 ; free virtual = 49846
INFO: [Physopt 32-65] No nets found for high-fanout optimization.
INFO: [Physopt 32-232] Optimized 0 net. Created 0 new instance.
INFO: [Physopt 32-775] End 1 Pass. Optimized 0 net or cell. Created 0 new cell, deleted 0 existing cell and moved 0 existing cell
INFO: [Physopt 32-670] No setup violation found.  DSP Register Optimization was not performed.
INFO: [Physopt 32-670] No setup violation found.  Shift Register to Pipeline Optimization was not performed.
INFO: [Physopt 32-670] No setup violation found.  Shift Register Optimization was not performed.
INFO: [Physopt 32-670] No setup violation found.  BRAM Register Optimization was not performed.
INFO: [Physopt 32-670] No setup violation found.  URAM Register Optimization was not performed.
INFO: [Physopt 32-949] No candidate nets found for dynamic/static region interface net replication
INFO: [Physopt 32-775] End 1 Pass. Optimized 0 net or cell. Created 0 new cell, deleted 0 existing cell and moved 0 existing cell
Netlist sorting complete. Time (s): cpu = 00:00:00 ; elapsed = 00:00:00.01 . Memory (MB): peak = 5057.527 ; gain = 0.000 ; free physical = 24169 ; free virtual = 49874

Summary of Physical Synthesis Optimizations
============================================


-----------------------------------------------------------------------------------------------------------------------------------------------------------
|  Optimization                                     |  Added Cells  |  Removed Cells  |  Optimized Cells/Nets  |  Dont Touch  |  Iterations  |  Elapsed   |
-----------------------------------------------------------------------------------------------------------------------------------------------------------
|  LUT Combining                                    |            0  |            292  |                   292  |           0  |           1  |  00:00:00  |
|  Retime                                           |            0  |              0  |                     0  |           0  |           1  |  00:00:00  |
|  Equivalent Driver Rewiring                       |            0  |              0  |                     8  |           0  |           1  |  00:00:03  |
|  Very High Fanout                                 |            0  |              0  |                     0  |           0  |           1  |  00:00:00  |
|  DSP Register                                     |            0  |              0  |                     0  |           0  |           0  |  00:00:00  |
|  Shift Register to Pipeline                       |            0  |              0  |                     0  |           0  |           0  |  00:00:00  |
|  Shift Register                                   |            0  |              0  |                     0  |           0  |           0  |  00:00:00  |
|  BRAM Register                                    |            0  |              0  |                     0  |           0  |           0  |  00:00:00  |
|  URAM Register                                    |            0  |              0  |                     0  |           0  |           0  |  00:00:00  |
|  Dynamic/Static Region Interface Net Replication  |            0  |              0  |                     0  |           0  |           1  |  00:00:00  |
|  Total                                            |            0  |            292  |                   300  |           0  |           5  |  00:00:04  |
-----------------------------------------------------------------------------------------------------------------------------------------------------------


Phase 2.4.2 Physical Synthesis In Placer | Checksum: 13fb752c3

Time (s): cpu = 00:01:37 ; elapsed = 00:00:51 . Memory (MB): peak = 5057.527 ; gain = 1313.262 ; free physical = 24154 ; free virtual = 49859
Phase 2.4 Global Placement Core | Checksum: 1b1d778eb

Time (s): cpu = 00:01:39 ; elapsed = 00:00:51 . Memory (MB): peak = 5057.527 ; gain = 1313.262 ; free physical = 24171 ; free virtual = 49877
Phase 2 Global Placement | Checksum: 1b1d778eb

Time (s): cpu = 00:01:39 ; elapsed = 00:00:51 . Memory (MB): peak = 5057.527 ; gain = 1313.262 ; free physical = 24184 ; free virtual = 49890

Phase 3 Detail Placement

Phase 3.1 Commit Multi Column Macros
Phase 3.1 Commit Multi Column Macros | Checksum: 1819a54e4

Time (s): cpu = 00:01:42 ; elapsed = 00:00:52 . Memory (MB): peak = 5057.527 ; gain = 1313.262 ; free physical = 24204 ; free virtual = 49909

Phase 3.2 Commit Most Macros & LUTRAMs
Phase 3.2 Commit Most Macros & LUTRAMs | Checksum: b5222402

Time (s): cpu = 00:01:48 ; elapsed = 00:00:55 . Memory (MB): peak = 5057.527 ; gain = 1313.262 ; free physical = 24213 ; free virtual = 49918

Phase 3.3 Small Shape DP

Phase 3.3.1 Small Shape Clustering
Phase 3.3.1 Small Shape Clustering | Checksum: 19ac6d471

Time (s): cpu = 00:01:49 ; elapsed = 00:00:56 . Memory (MB): peak = 5057.527 ; gain = 1313.262 ; free physical = 24203 ; free virtual = 49909

Phase 3.3.2 Flow Legalize Slice Clusters
Phase 3.3.2 Flow Legalize Slice Clusters | Checksum: ed2f6c63

Time (s): cpu = 00:01:49 ; elapsed = 00:00:56 . Memory (MB): peak = 5057.527 ; gain = 1313.262 ; free physical = 24203 ; free virtual = 49908

Phase 3.3.3 Slice Area Swap

Phase 3.3.3.1 Slice Area Swap Initial
Phase 3.3.3.1 Slice Area Swap Initial | Checksum: a2823fcb

Time (s): cpu = 00:01:50 ; elapsed = 00:00:57 . Memory (MB): peak = 5057.527 ; gain = 1313.262 ; free physical = 24205 ; free virtual = 49911
Phase 3.3.3 Slice Area Swap | Checksum: a2823fcb

Time (s): cpu = 00:01:50 ; elapsed = 00:00:57 . Memory (MB): peak = 5057.527 ; gain = 1313.262 ; free physical = 24205 ; free virtual = 49911
Phase 3.3 Small Shape DP | Checksum: d0df9b77

Time (s): cpu = 00:01:57 ; elapsed = 00:00:59 . Memory (MB): peak = 5057.527 ; gain = 1313.262 ; free physical = 24219 ; free virtual = 49924

Phase 3.4 Re-assign LUT pins
Phase 3.4 Re-assign LUT pins | Checksum: 16dbd1a5b

Time (s): cpu = 00:01:59 ; elapsed = 00:01:01 . Memory (MB): peak = 5057.527 ; gain = 1313.262 ; free physical = 24223 ; free virtual = 49928

Phase 3.5 Pipeline Register Optimization
Phase 3.5 Pipeline Register Optimization | Checksum: 14a97e7d4

Time (s): cpu = 00:01:59 ; elapsed = 00:01:01 . Memory (MB): peak = 5057.527 ; gain = 1313.262 ; free physical = 24223 ; free virtual = 49928
Phase 3 Detail Placement | Checksum: 14a97e7d4

Time (s): cpu = 00:01:59 ; elapsed = 00:01:01 . Memory (MB): peak = 5057.527 ; gain = 1313.262 ; free physical = 24199 ; free virtual = 49904

Phase 4 Post Placement Optimization and Clean-Up

Phase 4.1 Post Commit Optimization
INFO: [Timing 38-35] Done setting XDC timing constraints.

Phase 4.1.1 Post Placement Optimization
Post Placement Optimization Initialization | Checksum: 1c37f658a

Phase 4.1.1.1 BUFG Insertion

Starting Physical Synthesis Task

Phase 1 Physical Synthesis Initialization
INFO: [Physopt 32-721] Multithreading enabled for phys_opt_design using a maximum of 8 CPUs
INFO: [Physopt 32-619] Estimated Timing Summary | WNS=3.488 | TNS=0.000 |
Phase 1 Physical Synthesis Initialization | Checksum: 106e5a752

Time (s): cpu = 00:00:01 ; elapsed = 00:00:00.32 . Memory (MB): peak = 5057.527 ; gain = 0.000 ; free physical = 24209 ; free virtual = 49914
INFO: [Place 46-32] Processed net top_i/StreamingDataflowPartition_1/inst/StreamingDataflowPartition_1_MVAU_hls_1/StreamingDataflowPartition_1_MVAU_hls_1/inst/grp_Matrix_Vector_Activate_Stream_Batch_fu_540/p_ZL7threshs_10_U/p_ZL7threshs_0_ce0, BUFG insertion was skipped because the netlist could not be updated.
INFO: [Place 46-32] Processed net top_i/StreamingDataflowPartition_1/inst/StreamingDataflowPartition_1_MVAU_hls_0/StreamingDataflowPartition_1_MVAU_hls_0/inst/grp_Matrix_Vector_Activate_Stream_Batch_fu_540/p_ZL7threshs_172_U/p_ZL7threshs_0_ce0, BUFG insertion was skipped because the netlist could not be updated.
INFO: [Place 46-35] Processed net top_i/rst_zynq_ps_100M/U0/peripheral_aresetn[0], inserted BUFG to drive 2614 loads.
INFO: [Place 46-45] Replicated bufg driver top_i/rst_zynq_ps_100M/U0/ACTIVE_LOW_PR_OUT_DFF[0].FDRE_PER_N_replica
INFO: [Place 46-56] BUFG insertion identified 3 candidate nets. Inserted BUFG: 1, Replicated BUFG Driver: 1, Skipped due to Placement/Routing Conflicts: 0, Skipped due to Timing Degradation: 0, Skipped due to Illegal Netlist: 2.
Ending Physical Synthesis Task | Checksum: 195de900b

Time (s): cpu = 00:00:04 ; elapsed = 00:00:02 . Memory (MB): peak = 5057.527 ; gain = 0.000 ; free physical = 24209 ; free virtual = 49914
Phase 4.1.1.1 BUFG Insertion | Checksum: 102b0b31e

Time (s): cpu = 00:02:17 ; elapsed = 00:01:08 . Memory (MB): peak = 5057.527 ; gain = 1313.262 ; free physical = 24209 ; free virtual = 49914

Phase 4.1.1.2 Post Placement Timing Optimization
INFO: [Place 30-746] Post Placement Timing Summary WNS=3.488. For the most accurate timing information please run report_timing.
Phase 4.1.1.2 Post Placement Timing Optimization | Checksum: 123e6039b

Time (s): cpu = 00:02:18 ; elapsed = 00:01:08 . Memory (MB): peak = 5057.527 ; gain = 1313.262 ; free physical = 24209 ; free virtual = 49915

Time (s): cpu = 00:02:18 ; elapsed = 00:01:08 . Memory (MB): peak = 5057.527 ; gain = 1313.262 ; free physical = 24212 ; free virtual = 49917
Phase 4.1 Post Commit Optimization | Checksum: 123e6039b

Time (s): cpu = 00:02:18 ; elapsed = 00:01:08 . Memory (MB): peak = 5057.527 ; gain = 1313.262 ; free physical = 24212 ; free virtual = 49917
Netlist sorting complete. Time (s): cpu = 00:00:00.1 ; elapsed = 00:00:00.11 . Memory (MB): peak = 5057.527 ; gain = 0.000 ; free physical = 24197 ; free virtual = 49902

Phase 4.2 Post Placement Cleanup
Phase 4.2 Post Placement Cleanup | Checksum: 15582d4ae

Time (s): cpu = 00:02:20 ; elapsed = 00:01:10 . Memory (MB): peak = 5057.527 ; gain = 1313.262 ; free physical = 24197 ; free virtual = 49902

Phase 4.3 Placer Reporting

Phase 4.3.1 Print Estimated Congestion
INFO: [Place 30-612] Post-Placement Estimated Congestion 
 ________________________________________________________________________
|           | Global Congestion | Long Congestion   | Short Congestion  |
| Direction | Region Size       | Region Size       | Region Size       |
|___________|___________________|___________________|___________________|
|      North|                1x1|                1x1|                4x4|
|___________|___________________|___________________|___________________|
|      South|                1x1|                1x1|                1x1|
|___________|___________________|___________________|___________________|
|       East|                1x1|                1x1|                4x4|
|___________|___________________|___________________|___________________|
|       West|                8x8|                1x1|                4x4|
|___________|___________________|___________________|___________________|

Phase 4.3.1 Print Estimated Congestion | Checksum: 15582d4ae

Time (s): cpu = 00:02:21 ; elapsed = 00:01:11 . Memory (MB): peak = 5057.527 ; gain = 1313.262 ; free physical = 24198 ; free virtual = 49903
Phase 4.3 Placer Reporting | Checksum: 15582d4ae

Time (s): cpu = 00:02:21 ; elapsed = 00:01:11 . Memory (MB): peak = 5057.527 ; gain = 1313.262 ; free physical = 24198 ; free virtual = 49903

Phase 4.4 Final Placement Cleanup
Netlist sorting complete. Time (s): cpu = 00:00:00.01 ; elapsed = 00:00:00.01 . Memory (MB): peak = 5057.527 ; gain = 0.000 ; free physical = 24198 ; free virtual = 49903

Time (s): cpu = 00:02:21 ; elapsed = 00:01:11 . Memory (MB): peak = 5057.527 ; gain = 1313.262 ; free physical = 24198 ; free virtual = 49903
Phase 4 Post Placement Optimization and Clean-Up | Checksum: 192b6ef86

Time (s): cpu = 00:02:21 ; elapsed = 00:01:11 . Memory (MB): peak = 5057.527 ; gain = 1313.262 ; free physical = 24200 ; free virtual = 49905
Ending Placer Task | Checksum: 1713c5146

Time (s): cpu = 00:02:21 ; elapsed = 00:01:11 . Memory (MB): peak = 5057.527 ; gain = 1313.262 ; free physical = 24200 ; free virtual = 49905
INFO: [Common 17-83] Releasing license: Implementation
124 Infos, 0 Warnings, 0 Critical Warnings and 0 Errors encountered.
place_design completed successfully
place_design: Time (s): cpu = 00:02:24 ; elapsed = 00:01:12 . Memory (MB): peak = 5057.527 ; gain = 1313.262 ; free physical = 24285 ; free virtual = 49990
INFO: [Timing 38-480] Writing timing data to binary archive.
Writing XDEF routing.
Writing XDEF routing logical nets.
Writing XDEF routing special nets.
Write XDEF Complete: Time (s): cpu = 00:00:07 ; elapsed = 00:00:03 . Memory (MB): peak = 5057.527 ; gain = 0.000 ; free physical = 24177 ; free virtual = 49947
INFO: [Common 17-1381] The checkpoint '/tmp/finn_qi_int8_sweep/vivado_zynq_proj_hff23ob9/finn_zynq_link.runs/impl_1/top_wrapper_placed.dcp' has been generated.
write_checkpoint: Time (s): cpu = 00:00:11 ; elapsed = 00:00:05 . Memory (MB): peak = 5057.527 ; gain = 0.000 ; free physical = 24234 ; free virtual = 49960
INFO: [runtcl-4] Executing : report_io -file top_wrapper_io_placed.rpt
report_io: Time (s): cpu = 00:00:00.1 ; elapsed = 00:00:00.25 . Memory (MB): peak = 5057.527 ; gain = 0.000 ; free physical = 24223 ; free virtual = 49949
INFO: [runtcl-4] Executing : report_utilization -file top_wrapper_utilization_placed.rpt -pb top_wrapper_utilization_placed.pb
INFO: [runtcl-4] Executing : report_control_sets -verbose -file top_wrapper_control_sets_placed.rpt
report_control_sets: Time (s): cpu = 00:00:00.13 ; elapsed = 00:00:00.28 . Memory (MB): peak = 5057.527 ; gain = 0.000 ; free physical = 24195 ; free virtual = 49922
Command: phys_opt_design -directive AggressiveExplore
Attempting to get a license for feature 'Implementation' and/or device 'xczu3eg'
INFO: [Common 17-349] Got license for feature 'Implementation' and/or device 'xczu3eg'
INFO: [Vivado_Tcl 4-137] Directive used for phys_opt_design is: AggressiveExplore

Starting Initial Update Timing Task

Time (s): cpu = 00:00:12 ; elapsed = 00:00:03 . Memory (MB): peak = 5057.527 ; gain = 0.000 ; free physical = 24206 ; free virtual = 49932
INFO: [Vivado_Tcl 4-383] Design worst setup slack (WNS) is greater than or equal to 0.000 ns. Skipping all physical synthesis optimizations.
INFO: [Vivado_Tcl 4-232] No setup violation found. The netlist was not modified.
INFO: [Common 17-83] Releasing license: Implementation
134 Infos, 0 Warnings, 0 Critical Warnings and 0 Errors encountered.
phys_opt_design completed successfully
INFO: [Timing 38-480] Writing timing data to binary archive.
Writing XDEF routing.
Writing XDEF routing logical nets.
Writing XDEF routing special nets.
Write XDEF Complete: Time (s): cpu = 00:00:07 ; elapsed = 00:00:03 . Memory (MB): peak = 5057.527 ; gain = 0.000 ; free physical = 24102 ; free virtual = 49894
INFO: [Common 17-1381] The checkpoint '/tmp/finn_qi_int8_sweep/vivado_zynq_proj_hff23ob9/finn_zynq_link.runs/impl_1/top_wrapper_physopt.dcp' has been generated.
Command: route_design -directive NoTimingRelaxation
Attempting to get a license for feature 'Implementation' and/or device 'xczu3eg'
INFO: [Common 17-349] Got license for feature 'Implementation' and/or device 'xczu3eg'
Running DRC as a precondition to command route_design
INFO: [DRC 23-27] Running DRC with 8 threads
INFO: [Vivado_Tcl 4-198] DRC finished with 0 Errors
INFO: [Vivado_Tcl 4-199] Please refer to the DRC report (report_drc) for more information.


Starting Routing Task
INFO: [Route 35-270] Using Router directive 'NoTimingRelaxation'.
INFO: [Route 35-254] Multithreading enabled for route_design using a maximum of 8 CPUs

Phase 1 Build RT Design
Checksum: PlaceDB: a2381111 ConstDB: 0 ShapeSum: 9d676f22 RouteDB: 319cd113
Nodegraph reading from file.  Time (s): cpu = 00:00:00.33 ; elapsed = 00:00:00.34 . Memory (MB): peak = 5057.527 ; gain = 0.000 ; free physical = 23987 ; free virtual = 49734
Post Restoration Checksum: NetGraph: f0b9b44d NumContArr: 3f5cfe5c Constraints: 2f38a067 Timing: 0
Phase 1 Build RT Design | Checksum: 15f4f5310

Time (s): cpu = 00:00:21 ; elapsed = 00:00:05 . Memory (MB): peak = 5057.527 ; gain = 0.000 ; free physical = 24041 ; free virtual = 49789

Phase 2 Router Initialization

Phase 2.1 Fix Topology Constraints
Phase 2.1 Fix Topology Constraints | Checksum: 15f4f5310

Time (s): cpu = 00:00:21 ; elapsed = 00:00:06 . Memory (MB): peak = 5057.527 ; gain = 0.000 ; free physical = 24002 ; free virtual = 49749

Phase 2.2 Pre Route Cleanup
Phase 2.2 Pre Route Cleanup | Checksum: 15f4f5310

Time (s): cpu = 00:00:21 ; elapsed = 00:00:06 . Memory (MB): peak = 5057.527 ; gain = 0.000 ; free physical = 24002 ; free virtual = 49749

Phase 2.3 Global Clock Net Routing
 Number of Nodes with overlaps = 0
Phase 2.3 Global Clock Net Routing | Checksum: 157a830bc

Time (s): cpu = 00:00:23 ; elapsed = 00:00:06 . Memory (MB): peak = 5057.527 ; gain = 0.000 ; free physical = 23954 ; free virtual = 49702

Phase 2.4 Update Timing
Phase 2.4 Update Timing | Checksum: 1038ff61e

Time (s): cpu = 00:00:31 ; elapsed = 00:00:10 . Memory (MB): peak = 5057.527 ; gain = 0.000 ; free physical = 23970 ; free virtual = 49718
INFO: [Route 35-416] Intermediate Timing Summary | WNS=3.720  | TNS=0.000  | WHS=-0.058 | THS=-36.141|


Router Utilization Summary
  Global Vertical Routing Utilization    = 0 %
  Global Horizontal Routing Utilization  = 0 %
  Routable Net Status*
  *Does not include unroutable nets such as driverless and loadless.
  Run report_route_status for detailed report.
  Number of Failed Nets               = 33379
    (Failed Nets is the sum of unrouted and partially routed nets)
  Number of Unrouted Nets             = 30251
  Number of Partially Routed Nets     = 3128
  Number of Node Overlaps             = 0

Phase 2 Router Initialization | Checksum: 1bcabb234

Time (s): cpu = 00:00:44 ; elapsed = 00:00:14 . Memory (MB): peak = 5057.527 ; gain = 0.000 ; free physical = 23944 ; free virtual = 49692

Phase 3 Initial Routing

Phase 3.1 Global Routing
Phase 3.1 Global Routing | Checksum: 1bcabb234

Time (s): cpu = 00:00:44 ; elapsed = 00:00:14 . Memory (MB): peak = 5057.527 ; gain = 0.000 ; free physical = 23944 ; free virtual = 49692
Phase 3 Initial Routing | Checksum: 1beb99d3f

Time (s): cpu = 00:00:53 ; elapsed = 00:00:17 . Memory (MB): peak = 5057.527 ; gain = 0.000 ; free physical = 23914 ; free virtual = 49662

Phase 4 Rip-up And Reroute

Phase 4.1 Global Iteration 0
 Number of Nodes with overlaps = 4764
 Number of Nodes with overlaps = 272
 Number of Nodes with overlaps = 16
 Number of Nodes with overlaps = 5
 Number of Nodes with overlaps = 1
 Number of Nodes with overlaps = 1
 Number of Nodes with overlaps = 0
INFO: [Route 35-416] Intermediate Timing Summary | WNS=3.442  | TNS=0.000  | WHS=-0.048 | THS=-1.213 |

Phase 4.1 Global Iteration 0 | Checksum: 137aaed38

Time (s): cpu = 00:01:39 ; elapsed = 00:00:38 . Memory (MB): peak = 5057.527 ; gain = 0.000 ; free physical = 23978 ; free virtual = 49725

Phase 4.2 Global Iteration 1
 Number of Nodes with overlaps = 4
 Number of Nodes with overlaps = 0
INFO: [Route 35-416] Intermediate Timing Summary | WNS=3.442  | TNS=0.000  | WHS=N/A    | THS=N/A    |

Phase 4.2 Global Iteration 1 | Checksum: 12899a775

Time (s): cpu = 00:01:43 ; elapsed = 00:00:40 . Memory (MB): peak = 5057.527 ; gain = 0.000 ; free physical = 23985 ; free virtual = 49733
Phase 4 Rip-up And Reroute | Checksum: 12899a775

Time (s): cpu = 00:01:43 ; elapsed = 00:00:40 . Memory (MB): peak = 5057.527 ; gain = 0.000 ; free physical = 23985 ; free virtual = 49733

Phase 5 Delay and Skew Optimization

Phase 5.1 Delay CleanUp

Phase 5.1.1 Update Timing
Phase 5.1.1 Update Timing | Checksum: 1d469cbc5

Time (s): cpu = 00:01:51 ; elapsed = 00:00:43 . Memory (MB): peak = 5057.527 ; gain = 0.000 ; free physical = 23981 ; free virtual = 49728
INFO: [Route 35-416] Intermediate Timing Summary | WNS=3.442  | TNS=0.000  | WHS=0.010  | THS=0.000  |


Phase 5.1.2 Update Timing
Phase 5.1.2 Update Timing | Checksum: 1c4cf1af6

Time (s): cpu = 00:01:56 ; elapsed = 00:00:45 . Memory (MB): peak = 5057.527 ; gain = 0.000 ; free physical = 23985 ; free virtual = 49732
INFO: [Route 35-416] Intermediate Timing Summary | WNS=3.442  | TNS=0.000  | WHS=0.010  | THS=0.000  |

Phase 5.1 Delay CleanUp | Checksum: 1c4cf1af6

Time (s): cpu = 00:01:56 ; elapsed = 00:00:45 . Memory (MB): peak = 5057.527 ; gain = 0.000 ; free physical = 23985 ; free virtual = 49732

Phase 5.2 Clock Skew Optimization
Phase 5.2 Clock Skew Optimization | Checksum: 1c4cf1af6

Time (s): cpu = 00:01:56 ; elapsed = 00:00:45 . Memory (MB): peak = 5057.527 ; gain = 0.000 ; free physical = 23985 ; free virtual = 49732
Phase 5 Delay and Skew Optimization | Checksum: 1c4cf1af6

Time (s): cpu = 00:01:57 ; elapsed = 00:00:45 . Memory (MB): peak = 5057.527 ; gain = 0.000 ; free physical = 23985 ; free virtual = 49732

Phase 6 Post Hold Fix

Phase 6.1 Hold Fix Iter

Phase 6.1.1 Update Timing
Phase 6.1.1 Update Timing | Checksum: 1d5b575db

Time (s): cpu = 00:02:02 ; elapsed = 00:00:47 . Memory (MB): peak = 5057.527 ; gain = 0.000 ; free physical = 23977 ; free virtual = 49725
INFO: [Route 35-416] Intermediate Timing Summary | WNS=3.442  | TNS=0.000  | WHS=0.010  | THS=0.000  |

Phase 6.1 Hold Fix Iter | Checksum: 191edd71b

Time (s): cpu = 00:02:02 ; elapsed = 00:00:47 . Memory (MB): peak = 5057.527 ; gain = 0.000 ; free physical = 23978 ; free virtual = 49725
Phase 6 Post Hold Fix | Checksum: 191edd71b

Time (s): cpu = 00:02:02 ; elapsed = 00:00:47 . Memory (MB): peak = 5057.527 ; gain = 0.000 ; free physical = 23978 ; free virtual = 49726

Phase 7 Route finalize

Router Utilization Summary
  Global Vertical Routing Utilization    = 4.58834 %
  Global Horizontal Routing Utilization  = 6.02213 %
  Routable Net Status*
  *Does not include unroutable nets such as driverless and loadless.
  Run report_route_status for detailed report.
  Number of Failed Nets               = 0
    (Failed Nets is the sum of unrouted and partially routed nets)
  Number of Unrouted Nets             = 0
  Number of Partially Routed Nets     = 0
  Number of Node Overlaps             = 0

Phase 7 Route finalize | Checksum: 137846931

Time (s): cpu = 00:02:03 ; elapsed = 00:00:47 . Memory (MB): peak = 5057.527 ; gain = 0.000 ; free physical = 23980 ; free virtual = 49727

Phase 8 Verifying routed nets

 Verification completed successfully
Phase 8 Verifying routed nets | Checksum: 137846931

Time (s): cpu = 00:02:03 ; elapsed = 00:00:48 . Memory (MB): peak = 5057.527 ; gain = 0.000 ; free physical = 23972 ; free virtual = 49720

Phase 9 Depositing Routes
Phase 9 Depositing Routes | Checksum: 137846931

Time (s): cpu = 00:02:06 ; elapsed = 00:00:50 . Memory (MB): peak = 5057.527 ; gain = 0.000 ; free physical = 23974 ; free virtual = 49722

Phase 10 Resolve XTalk
Phase 10 Resolve XTalk | Checksum: 137846931

Time (s): cpu = 00:02:06 ; elapsed = 00:00:50 . Memory (MB): peak = 5057.527 ; gain = 0.000 ; free physical = 23973 ; free virtual = 49720

Phase 11 Route finalize
Phase 11 Route finalize | Checksum: 137846931

Time (s): cpu = 00:02:06 ; elapsed = 00:00:50 . Memory (MB): peak = 5057.527 ; gain = 0.000 ; free physical = 23973 ; free virtual = 49720

Phase 12 Post Router Timing
INFO: [Route 35-20] Post Routing Timing Summary | WNS=3.436  | TNS=0.000  | WHS=0.010  | THS=0.000  |

Phase 12 Post Router Timing | Checksum: 1d60502e5

Time (s): cpu = 00:02:20 ; elapsed = 00:00:53 . Memory (MB): peak = 5057.527 ; gain = 0.000 ; free physical = 23953 ; free virtual = 49700
INFO: [Route 35-61] The design met the timing requirement.
INFO: [Route 35-16] Router Completed Successfully

Time (s): cpu = 00:02:21 ; elapsed = 00:00:53 . Memory (MB): peak = 5057.527 ; gain = 0.000 ; free physical = 24111 ; free virtual = 49858

Routing Is Done.
INFO: [Common 17-83] Releasing license: Implementation
152 Infos, 0 Warnings, 0 Critical Warnings and 0 Errors encountered.
route_design completed successfully
route_design: Time (s): cpu = 00:02:25 ; elapsed = 00:00:55 . Memory (MB): peak = 5057.527 ; gain = 0.000 ; free physical = 24110 ; free virtual = 49858
INFO: [Timing 38-480] Writing timing data to binary archive.
Writing XDEF routing.
Writing XDEF routing logical nets.
Writing XDEF routing special nets.
Write XDEF Complete: Time (s): cpu = 00:00:07 ; elapsed = 00:00:03 . Memory (MB): peak = 5057.527 ; gain = 0.000 ; free physical = 23942 ; free virtual = 49761
INFO: [Common 17-1381] The checkpoint '/tmp/finn_qi_int8_sweep/vivado_zynq_proj_hff23ob9/finn_zynq_link.runs/impl_1/top_wrapper_routed.dcp' has been generated.
write_checkpoint: Time (s): cpu = 00:00:13 ; elapsed = 00:00:06 . Memory (MB): peak = 5057.527 ; gain = 0.000 ; free physical = 23759 ; free virtual = 49530
INFO: [runtcl-4] Executing : report_drc -file top_wrapper_drc_routed.rpt -pb top_wrapper_drc_routed.pb -rpx top_wrapper_drc_routed.rpx
Command: report_drc -file top_wrapper_drc_routed.rpt -pb top_wrapper_drc_routed.pb -rpx top_wrapper_drc_routed.rpx
INFO: [IP_Flow 19-1839] IP Catalog is up to date.
INFO: [DRC 23-27] Running DRC with 8 threads
INFO: [Vivado_Tcl 2-168] The results of DRC are in file /tmp/finn_qi_int8_sweep/vivado_zynq_proj_hff23ob9/finn_zynq_link.runs/impl_1/top_wrapper_drc_routed.rpt.
report_drc completed successfully
INFO: [runtcl-4] Executing : report_methodology -file top_wrapper_methodology_drc_routed.rpt -pb top_wrapper_methodology_drc_routed.pb -rpx top_wrapper_methodology_drc_routed.rpx
Command: report_methodology -file top_wrapper_methodology_drc_routed.rpt -pb top_wrapper_methodology_drc_routed.pb -rpx top_wrapper_methodology_drc_routed.rpx
INFO: [Timing 38-35] Done setting XDC timing constraints.
INFO: [DRC 23-133] Running Methodology with 8 threads
INFO: [Vivado_Tcl 2-1520] The results of Report Methodology are in file /tmp/finn_qi_int8_sweep/vivado_zynq_proj_hff23ob9/finn_zynq_link.runs/impl_1/top_wrapper_methodology_drc_routed.rpt.
report_methodology completed successfully
INFO: [runtcl-4] Executing : report_power -file top_wrapper_power_routed.rpt -pb top_wrapper_power_summary_routed.pb -rpx top_wrapper_power_routed.rpx
Command: report_power -file top_wrapper_power_routed.rpt -pb top_wrapper_power_summary_routed.pb -rpx top_wrapper_power_routed.rpx
INFO: [Timing 38-35] Done setting XDC timing constraints.
Running Vector-less Activity Propagation...

Finished Running Vector-less Activity Propagation
164 Infos, 0 Warnings, 0 Critical Warnings and 0 Errors encountered.
report_power completed successfully
INFO: [runtcl-4] Executing : report_route_status -file top_wrapper_route_status.rpt -pb top_wrapper_route_status.pb
INFO: [runtcl-4] Executing : report_timing_summary -max_paths 10 -report_unconstrained -file top_wrapper_timing_summary_routed.rpt -pb top_wrapper_timing_summary_routed.pb -rpx top_wrapper_timing_summary_routed.rpx
INFO: [Timing 38-91] UpdateTimingParams: Speed grade: -1, Temperature grade: E, Delay Type: min_max.
INFO: [Timing 38-191] Multithreading enabled for timing update using a maximum of 8 CPUs
INFO: [runtcl-4] Executing : report_incremental_reuse -file top_wrapper_incremental_reuse_routed.rpt
INFO: [Vivado_Tcl 4-1062] Incremental flow is disabled. No incremental reuse Info to report.
INFO: [runtcl-4] Executing : report_clock_utilization -file top_wrapper_clock_utilization_routed.rpt
INFO: [runtcl-4] Executing : report_bus_skew -warn_on_violation -file top_wrapper_bus_skew_routed.rpt -pb top_wrapper_bus_skew_routed.pb -rpx top_wrapper_bus_skew_routed.rpx
INFO: [Timing 38-91] UpdateTimingParams: Speed grade: -1, Temperature grade: E, Delay Type: min_max.
INFO: [Timing 38-191] Multithreading enabled for timing update using a maximum of 8 CPUs
Command: phys_opt_design -directive AggressiveExplore
Attempting to get a license for feature 'Implementation' and/or device 'xczu3eg'
INFO: [Common 17-349] Got license for feature 'Implementation' and/or device 'xczu3eg'
INFO: [Vivado_Tcl 4-241] Physical synthesis in post route mode ( 100.0% nets are fully routed)
INFO: [Vivado_Tcl 4-137] Directive used for phys_opt_design is: AggressiveExplore

Starting Initial Update Timing Task

Time (s): cpu = 00:00:03 ; elapsed = 00:00:01 . Memory (MB): peak = 5079.559 ; gain = 0.000 ; free physical = 23786 ; free virtual = 49574
INFO: [Vivado_Tcl 4-383] Design worst setup slack (WNS) is greater than or equal to 0.000 ns. Skipping all physical synthesis optimizations.
INFO: [Vivado_Tcl 4-232] No setup violation found. The netlist was not modified.
INFO: [Common 17-83] Releasing license: Implementation
9 Infos, 0 Warnings, 0 Critical Warnings and 0 Errors encountered.
phys_opt_design completed successfully
INFO: [Timing 38-480] Writing timing data to binary archive.
Writing XDEF routing.
Writing XDEF routing logical nets.
Writing XDEF routing special nets.
Write XDEF Complete: Time (s): cpu = 00:00:07 ; elapsed = 00:00:03 . Memory (MB): peak = 5079.559 ; gain = 0.000 ; free physical = 23731 ; free virtual = 49590
INFO: [Common 17-1381] The checkpoint '/tmp/finn_qi_int8_sweep/vivado_zynq_proj_hff23ob9/finn_zynq_link.runs/impl_1/top_wrapper_postroute_physopt.dcp' has been generated.
INFO: [runtcl-4] Executing : report_timing_summary -max_paths 10 -report_unconstrained -warn_on_violation -file top_wrapper_timing_summary_postroute_physopted.rpt -pb top_wrapper_timing_summary_postroute_physopted.pb -rpx top_wrapper_timing_summary_postroute_physopted.rpx
INFO: [Timing 38-91] UpdateTimingParams: Speed grade: -1, Temperature grade: E, Delay Type: min_max.
INFO: [Timing 38-191] Multithreading enabled for timing update using a maximum of 8 CPUs
INFO: [runtcl-4] Executing : report_bus_skew -warn_on_violation -file top_wrapper_bus_skew_postroute_physopted.rpt -pb top_wrapper_bus_skew_postroute_physopted.pb -rpx top_wrapper_bus_skew_postroute_physopted.rpx
INFO: [Timing 38-91] UpdateTimingParams: Speed grade: -1, Temperature grade: E, Delay Type: min_max.
INFO: [Timing 38-191] Multithreading enabled for timing update using a maximum of 8 CPUs
INFO: [Memdata 28-167] Found XPM memory block top_i/smartconnect_0/inst/s01_nodes/s01_w_node/inst/inst_mi_handler/gen_normal_area.inst_fifo_node_payld/gen_xpm_memory_fifo.inst_fifo/gen_mem_rep[0].inst_xpm_memory/xpm_memory_base_inst with a P_MEMORY_PRIMITIVE property set to distributed. A value of block is required. You will not be able to use the updatemem program to update the bitstream with new data for the top_i/smartconnect_0/inst/s01_nodes/s01_w_node/inst/inst_mi_handler/gen_normal_area.inst_fifo_node_payld/gen_xpm_memory_fifo.inst_fifo/gen_mem_rep[0].inst_xpm_memory/xpm_memory_base_inst block.
INFO: [Memdata 28-167] Found XPM memory block top_i/smartconnect_0/inst/s01_nodes/s01_w_node/inst/inst_mi_handler/gen_normal_area.gen_fifo_req.inst_fifo_req/gen_xpm_memory_fifo.inst_fifo/gen_mem_rep[0].inst_xpm_memory/xpm_memory_base_inst with a P_MEMORY_PRIMITIVE property set to distributed. A value of block is required. You will not be able to use the updatemem program to update the bitstream with new data for the top_i/smartconnect_0/inst/s01_nodes/s01_w_node/inst/inst_mi_handler/gen_normal_area.gen_fifo_req.inst_fifo_req/gen_xpm_memory_fifo.inst_fifo/gen_mem_rep[0].inst_xpm_memory/xpm_memory_base_inst block.
INFO: [Memdata 28-167] Found XPM memory block top_i/smartconnect_0/inst/s01_nodes/s01_aw_node/inst/inst_mi_handler/gen_normal_area.inst_fifo_node_payld/gen_xpm_memory_fifo.inst_fifo/gen_mem_rep[0].inst_xpm_memory/xpm_memory_base_inst with a P_MEMORY_PRIMITIVE property set to distributed. A value of block is required. You will not be able to use the updatemem program to update the bitstream with new data for the top_i/smartconnect_0/inst/s01_nodes/s01_aw_node/inst/inst_mi_handler/gen_normal_area.inst_fifo_node_payld/gen_xpm_memory_fifo.inst_fifo/gen_mem_rep[0].inst_xpm_memory/xpm_memory_base_inst block.
INFO: [Memdata 28-167] Found XPM memory block top_i/smartconnect_0/inst/s01_nodes/s01_ar_node/inst/inst_mi_handler/gen_normal_area.inst_fifo_node_payld/gen_xpm_memory_fifo.inst_fifo/gen_mem_rep[0].inst_xpm_memory/xpm_memory_base_inst with a P_MEMORY_PRIMITIVE property set to distributed. A value of block is required. You will not be able to use the updatemem program to update the bitstream with new data for the top_i/smartconnect_0/inst/s01_nodes/s01_ar_node/inst/inst_mi_handler/gen_normal_area.inst_fifo_node_payld/gen_xpm_memory_fifo.inst_fifo/gen_mem_rep[0].inst_xpm_memory/xpm_memory_base_inst block.
INFO: [Memdata 28-167] Found XPM memory block top_i/smartconnect_0/inst/s00_nodes/s00_w_node/inst/inst_mi_handler/gen_normal_area.inst_fifo_node_payld/gen_xpm_memory_fifo.inst_fifo/gen_mem_rep[0].inst_xpm_memory/xpm_memory_base_inst with a P_MEMORY_PRIMITIVE property set to distributed. A value of block is required. You will not be able to use the updatemem program to update the bitstream with new data for the top_i/smartconnect_0/inst/s00_nodes/s00_w_node/inst/inst_mi_handler/gen_normal_area.inst_fifo_node_payld/gen_xpm_memory_fifo.inst_fifo/gen_mem_rep[0].inst_xpm_memory/xpm_memory_base_inst block.
INFO: [Memdata 28-167] Found XPM memory block top_i/smartconnect_0/inst/s00_nodes/s00_w_node/inst/inst_mi_handler/gen_normal_area.gen_fifo_req.inst_fifo_req/gen_xpm_memory_fifo.inst_fifo/gen_mem_rep[0].inst_xpm_memory/xpm_memory_base_inst with a P_MEMORY_PRIMITIVE property set to distributed. A value of block is required. You will not be able to use the updatemem program to update the bitstream with new data for the top_i/smartconnect_0/inst/s00_nodes/s00_w_node/inst/inst_mi_handler/gen_normal_area.gen_fifo_req.inst_fifo_req/gen_xpm_memory_fifo.inst_fifo/gen_mem_rep[0].inst_xpm_memory/xpm_memory_base_inst block.
INFO: [Memdata 28-167] Found XPM memory block top_i/smartconnect_0/inst/s00_nodes/s00_r_node/inst/inst_mi_handler/gen_normal_area.inst_fifo_node_payld/gen_xpm_memory_fifo.inst_fifo/gen_mem_rep[0].inst_xpm_memory/xpm_memory_base_inst with a P_MEMORY_PRIMITIVE property set to distributed. A value of block is required. You will not be able to use the updatemem program to update the bitstream with new data for the top_i/smartconnect_0/inst/s00_nodes/s00_r_node/inst/inst_mi_handler/gen_normal_area.inst_fifo_node_payld/gen_xpm_memory_fifo.inst_fifo/gen_mem_rep[0].inst_xpm_memory/xpm_memory_base_inst block.
INFO: [Memdata 28-167] Found XPM memory block top_i/smartconnect_0/inst/s00_nodes/s00_aw_node/inst/inst_mi_handler/gen_normal_area.inst_fifo_node_payld/gen_xpm_memory_fifo.inst_fifo/gen_mem_rep[0].inst_xpm_memory/xpm_memory_base_inst with a P_MEMORY_PRIMITIVE property set to distributed. A value of block is required. You will not be able to use the updatemem program to update the bitstream with new data for the top_i/smartconnect_0/inst/s00_nodes/s00_aw_node/inst/inst_mi_handler/gen_normal_area.inst_fifo_node_payld/gen_xpm_memory_fifo.inst_fifo/gen_mem_rep[0].inst_xpm_memory/xpm_memory_base_inst block.
INFO: [Memdata 28-167] Found XPM memory block top_i/smartconnect_0/inst/s00_nodes/s00_ar_node/inst/inst_mi_handler/gen_normal_area.inst_fifo_node_payld/gen_xpm_memory_fifo.inst_fifo/gen_mem_rep[0].inst_xpm_memory/xpm_memory_base_inst with a P_MEMORY_PRIMITIVE property set to distributed. A value of block is required. You will not be able to use the updatemem program to update the bitstream with new data for the top_i/smartconnect_0/inst/s00_nodes/s00_ar_node/inst/inst_mi_handler/gen_normal_area.inst_fifo_node_payld/gen_xpm_memory_fifo.inst_fifo/gen_mem_rep[0].inst_xpm_memory/xpm_memory_base_inst block.
INFO: [Memdata 28-167] Found XPM memory block top_i/smartconnect_0/inst/m00_nodes/m00_w_node/inst/inst_si_handler/gen_si_handler.gen_request_fifos.gen_req_fifo[1].inst_req_fifo/gen_xpm_memory_fifo.inst_fifo/gen_mem_rep[0].inst_xpm_memory/xpm_memory_base_inst with a P_MEMORY_PRIMITIVE property set to distributed. A value of block is required. You will not be able to use the updatemem program to update the bitstream with new data for the top_i/smartconnect_0/inst/m00_nodes/m00_w_node/inst/inst_si_handler/gen_si_handler.gen_request_fifos.gen_req_fifo[1].inst_req_fifo/gen_xpm_memory_fifo.inst_fifo/gen_mem_rep[0].inst_xpm_memory/xpm_memory_base_inst block.
INFO: [Memdata 28-167] Found XPM memory block top_i/smartconnect_0/inst/m00_nodes/m00_w_node/inst/inst_si_handler/gen_si_handler.gen_request_fifos.gen_req_fifo[0].inst_req_fifo/gen_xpm_memory_fifo.inst_fifo/gen_mem_rep[0].inst_xpm_memory/xpm_memory_base_inst with a P_MEMORY_PRIMITIVE property set to distributed. A value of block is required. You will not be able to use the updatemem program to update the bitstream with new data for the top_i/smartconnect_0/inst/m00_nodes/m00_w_node/inst/inst_si_handler/gen_si_handler.gen_request_fifos.gen_req_fifo[0].inst_req_fifo/gen_xpm_memory_fifo.inst_fifo/gen_mem_rep[0].inst_xpm_memory/xpm_memory_base_inst block.
INFO: [Memdata 28-167] Found XPM memory block top_i/smartconnect_0/inst/m00_nodes/m00_w_node/inst/inst_mi_handler/gen_normal_area.inst_fifo_node_payld/gen_xpm_memory_fifo.inst_fifo/gen_mem_rep[0].inst_xpm_memory/xpm_memory_base_inst with a P_MEMORY_PRIMITIVE property set to distributed. A value of block is required. You will not be able to use the updatemem program to update the bitstream with new data for the top_i/smartconnect_0/inst/m00_nodes/m00_w_node/inst/inst_mi_handler/gen_normal_area.inst_fifo_node_payld/gen_xpm_memory_fifo.inst_fifo/gen_mem_rep[0].inst_xpm_memory/xpm_memory_base_inst block.
INFO: [Memdata 28-167] Found XPM memory block top_i/smartconnect_0/inst/m00_nodes/m00_r_node/inst/inst_mi_handler/gen_normal_area.inst_fifo_node_payld/gen_xpm_memory_fifo.inst_fifo/gen_mem_rep[0].inst_xpm_memory/xpm_memory_base_inst with a P_MEMORY_PRIMITIVE property set to distributed. A value of block is required. You will not be able to use the updatemem program to update the bitstream with new data for the top_i/smartconnect_0/inst/m00_nodes/m00_r_node/inst/inst_mi_handler/gen_normal_area.inst_fifo_node_payld/gen_xpm_memory_fifo.inst_fifo/gen_mem_rep[0].inst_xpm_memory/xpm_memory_base_inst block.
INFO: [Memdata 28-167] Found XPM memory block top_i/smartconnect_0/inst/m00_nodes/m00_r_node/inst/inst_mi_handler/gen_normal_area.gen_fifo_req.inst_fifo_req/gen_xpm_memory_fifo.inst_fifo/gen_mem_rep[0].inst_xpm_memory/xpm_memory_base_inst with a P_MEMORY_PRIMITIVE property set to distributed. A value of block is required. You will not be able to use the updatemem program to update the bitstream with new data for the top_i/smartconnect_0/inst/m00_nodes/m00_r_node/inst/inst_mi_handler/gen_normal_area.gen_fifo_req.inst_fifo_req/gen_xpm_memory_fifo.inst_fifo/gen_mem_rep[0].inst_xpm_memory/xpm_memory_base_inst block.
INFO: [Memdata 28-167] Found XPM memory block top_i/smartconnect_0/inst/m00_nodes/m00_b_node/inst/inst_mi_handler/gen_normal_area.gen_fifo_req.inst_fifo_req/gen_xpm_memory_fifo.inst_fifo/gen_mem_rep[0].inst_xpm_memory/xpm_memory_base_inst with a P_MEMORY_PRIMITIVE property set to distributed. A value of block is required. You will not be able to use the updatemem program to update the bitstream with new data for the top_i/smartconnect_0/inst/m00_nodes/m00_b_node/inst/inst_mi_handler/gen_normal_area.gen_fifo_req.inst_fifo_req/gen_xpm_memory_fifo.inst_fifo/gen_mem_rep[0].inst_xpm_memory/xpm_memory_base_inst block.
INFO: [Memdata 28-167] Found XPM memory block top_i/smartconnect_0/inst/m00_nodes/m00_aw_node/inst/inst_mi_handler/gen_normal_area.inst_fifo_node_payld/gen_xpm_memory_fifo.inst_fifo/gen_mem_rep[0].inst_xpm_memory/xpm_memory_base_inst with a P_MEMORY_PRIMITIVE property set to distributed. A value of block is required. You will not be able to use the updatemem program to update the bitstream with new data for the top_i/smartconnect_0/inst/m00_nodes/m00_aw_node/inst/inst_mi_handler/gen_normal_area.inst_fifo_node_payld/gen_xpm_memory_fifo.inst_fifo/gen_mem_rep[0].inst_xpm_memory/xpm_memory_base_inst block.
INFO: [Memdata 28-167] Found XPM memory block top_i/smartconnect_0/inst/m00_nodes/m00_ar_node/inst/inst_mi_handler/gen_normal_area.inst_fifo_node_payld/gen_xpm_memory_fifo.inst_fifo/gen_mem_rep[0].inst_xpm_memory/xpm_memory_base_inst with a P_MEMORY_PRIMITIVE property set to distributed. A value of block is required. You will not be able to use the updatemem program to update the bitstream with new data for the top_i/smartconnect_0/inst/m00_nodes/m00_ar_node/inst/inst_mi_handler/gen_normal_area.inst_fifo_node_payld/gen_xpm_memory_fifo.inst_fifo/gen_mem_rep[0].inst_xpm_memory/xpm_memory_base_inst block.
INFO: [Memdata 28-208] The XPM instance: <top_i/StreamingDataflowPartition_1/inst/StreamingDataflowPartition_1_StreamingFIFO_rtl_9/fifo/inst/gen_fifo.xpm_fifo_axis_inst/xpm_fifo_base_inst/gen_sdpram.xpm_memory_base_inst> is part of IP: <top_i/StreamingDataflowPartition_1/inst/StreamingDataflowPartition_1_StreamingFIFO_rtl_9/fifo>. This XPM instance will be excluded from the .mmi because updatemem is prohibited from making changes to an XPM that is part of an IP.
INFO: [Memdata 28-208] The XPM instance: <top_i/StreamingDataflowPartition_1/inst/StreamingDataflowPartition_1_StreamingFIFO_rtl_8/fifo/inst/gen_fifo.xpm_fifo_axis_inst/xpm_fifo_base_inst/gen_sdpram.xpm_memory_base_inst> is part of IP: <top_i/StreamingDataflowPartition_1/inst/StreamingDataflowPartition_1_StreamingFIFO_rtl_8/fifo>. This XPM instance will be excluded from the .mmi because updatemem is prohibited from making changes to an XPM that is part of an IP.
INFO: [Memdata 28-208] The XPM instance: <top_i/StreamingDataflowPartition_1/inst/StreamingDataflowPartition_1_StreamingFIFO_rtl_7/fifo/inst/gen_fifo.xpm_fifo_axis_inst/xpm_fifo_base_inst/gen_sdpram.xpm_memory_base_inst> is part of IP: <top_i/StreamingDataflowPartition_1/inst/StreamingDataflowPartition_1_StreamingFIFO_rtl_7/fifo>. This XPM instance will be excluded from the .mmi because updatemem is prohibited from making changes to an XPM that is part of an IP.
INFO: [Memdata 28-208] The XPM instance: <top_i/StreamingDataflowPartition_1/inst/StreamingDataflowPartition_1_StreamingFIFO_rtl_2/fifo/inst/gen_fifo.xpm_fifo_axis_inst/xpm_fifo_base_inst/gen_sdpram.xpm_memory_base_inst> is part of IP: <top_i/StreamingDataflowPartition_1/inst/StreamingDataflowPartition_1_StreamingFIFO_rtl_2/fifo>. This XPM instance will be excluded from the .mmi because updatemem is prohibited from making changes to an XPM that is part of an IP.
INFO: [Memdata 28-208] The XPM instance: <top_i/StreamingDataflowPartition_1/inst/StreamingDataflowPartition_1_StreamingFIFO_rtl_1/fifo/inst/gen_fifo.xpm_fifo_axis_inst/xpm_fifo_base_inst/gen_sdpram.xpm_memory_base_inst> is part of IP: <top_i/StreamingDataflowPartition_1/inst/StreamingDataflowPartition_1_StreamingFIFO_rtl_1/fifo>. This XPM instance will be excluded from the .mmi because updatemem is prohibited from making changes to an XPM that is part of an IP.
Command: write_bitstream -force top_wrapper.bit
Attempting to get a license for feature 'Implementation' and/or device 'xczu3eg'
INFO: [Common 17-349] Got license for feature 'Implementation' and/or device 'xczu3eg'
Running DRC as a precondition to command write_bitstream
INFO: [IP_Flow 19-1839] IP Catalog is up to date.
INFO: [DRC 23-27] Running DRC with 8 threads
WARNING: [DRC DPIP-2] Input pipelining: DSP top_i/StreamingDataflowPartition_1/inst/StreamingDataflowPartition_1_MVAU_hls_0/StreamingDataflowPartition_1_MVAU_hls_0/inst/grp_Matrix_Vector_Activate_Stream_Batch_fu_540/mac_muladd_8s_8s_17s_17_4_1_U2/MVAU_hls_0_mac_muladd_8s_8s_17s_17_4_1_DSP48_0_U/p_reg_reg input top_i/StreamingDataflowPartition_1/inst/StreamingDataflowPartition_1_MVAU_hls_0/StreamingDataflowPartition_1_MVAU_hls_0/inst/grp_Matrix_Vector_Activate_Stream_Batch_fu_540/mac_muladd_8s_8s_17s_17_4_1_U2/MVAU_hls_0_mac_muladd_8s_8s_17s_17_4_1_DSP48_0_U/p_reg_reg/C[47:0] is not pipelined. Pipelining DSP48 input will improve performance.
WARNING: [DRC DPIP-2] Input pipelining: DSP top_i/StreamingDataflowPartition_1/inst/StreamingDataflowPartition_1_MVAU_hls_1/StreamingDataflowPartition_1_MVAU_hls_1/inst/grp_Matrix_Vector_Activate_Stream_Batch_fu_540/mac_muladd_8ns_8s_16s_17_4_1_U3/MVAU_hls_1_mac_muladd_8ns_8s_16s_17_4_1_DSP48_0_U/p_reg_reg input top_i/StreamingDataflowPartition_1/inst/StreamingDataflowPartition_1_MVAU_hls_1/StreamingDataflowPartition_1_MVAU_hls_1/inst/grp_Matrix_Vector_Activate_Stream_Batch_fu_540/mac_muladd_8ns_8s_16s_17_4_1_U3/MVAU_hls_1_mac_muladd_8ns_8s_16s_17_4_1_DSP48_0_U/p_reg_reg/C[47:0] is not pipelined. Pipelining DSP48 input will improve performance.
WARNING: [DRC DPOP-3] PREG Output pipelining: DSP top_i/StreamingDataflowPartition_1/inst/StreamingDataflowPartition_1_MVAU_hls_1/StreamingDataflowPartition_1_MVAU_hls_1/inst/grp_Matrix_Vector_Activate_Stream_Batch_fu_540/mul_8ns_8s_16_1_1_U2/dout output top_i/StreamingDataflowPartition_1/inst/StreamingDataflowPartition_1_MVAU_hls_1/StreamingDataflowPartition_1_MVAU_hls_1/inst/grp_Matrix_Vector_Activate_Stream_Batch_fu_540/mul_8ns_8s_16_1_1_U2/dout/P[47:0] is not pipelined (PREG=0). Pipelining the DSP48 output will improve performance and often saves power so it is suggested whenever possible to fully pipeline this function.  If this DSP48 function was inferred, it is suggested to describe an additional register stage after this function.  If the DSP48 was instantiated in the design, it is suggested to set the PREG attribute to 1.
WARNING: [DRC DPOP-4] MREG Output pipelining: DSP top_i/StreamingDataflowPartition_1/inst/StreamingDataflowPartition_1_MVAU_hls_1/StreamingDataflowPartition_1_MVAU_hls_1/inst/grp_Matrix_Vector_Activate_Stream_Batch_fu_540/mul_8ns_8s_16_1_1_U2/dout multiplier stage top_i/StreamingDataflowPartition_1/inst/StreamingDataflowPartition_1_MVAU_hls_1/StreamingDataflowPartition_1_MVAU_hls_1/inst/grp_Matrix_Vector_Activate_Stream_Batch_fu_540/mul_8ns_8s_16_1_1_U2/dout/P[47:0] is not pipelined (MREG=0). Pipelining the multiplier function will improve performance and will save significant power so it is suggested whenever possible to fully pipeline this function.  If this multiplier was inferred, it is suggested to describe an additional register stage after this function.  If there is no registered adder/accumulator following the multiply function, two pipeline stages are suggested to allow both the MREG and PREG registers to be used.  If the DSP48 was instantiated in the design, it is suggested to set both the MREG and PREG attributes to 1 when performing multiply functions.
WARNING: [DRC PDCN-1569] LUT equation term check: Used physical LUT pin 'A1' of cell top_i/axi_interconnect_0/s00_couplers/auto_ds/inst/gen_downsizer.gen_simple_downsizer.axi_downsizer_inst/USE_READ.read_addr_inst/cmd_queue/inst/fifo_gen_inst/inst_fifo_gen/gconvfifo.rf/grf.rf/gntv_or_sync_fifo.gl0.rd/gr1.gr1_int.rfwft/gpregsm1.user_valid_i_1 (pin top_i/axi_interconnect_0/s00_couplers/auto_ds/inst/gen_downsizer.gen_simple_downsizer.axi_downsizer_inst/USE_READ.read_addr_inst/cmd_queue/inst/fifo_gen_inst/inst_fifo_gen/gconvfifo.rf/grf.rf/gntv_or_sync_fifo.gl0.rd/gr1.gr1_int.rfwft/gpregsm1.user_valid_i_1/I1) is not included in the LUT equation: 'O5=(A3)+((~A3)*(~A5)*A4)'. If this cell is a user instantiated LUT in the design, please remove connectivity to the pin or change the equation and/or INIT string of the LUT to prevent this issue. If the cell is inferred or IP created LUT, please regenerate the IP and/or resynthesize the design to attempt to correct the issue.
WARNING: [DRC PDCN-1569] LUT equation term check: Used physical LUT pin 'A1' of cell top_i/axi_interconnect_0/s00_couplers/auto_ds/inst/gen_downsizer.gen_simple_downsizer.axi_downsizer_inst/USE_WRITE.write_addr_inst/USE_B_CHANNEL.cmd_b_queue/inst/fifo_gen_inst/inst_fifo_gen/gconvfifo.rf/grf.rf/gntv_or_sync_fifo.gl0.rd/gr1.gr1_int.rfwft/gpregsm1.user_valid_i_1 (pin top_i/axi_interconnect_0/s00_couplers/auto_ds/inst/gen_downsizer.gen_simple_downsizer.axi_downsizer_inst/USE_WRITE.write_addr_inst/USE_B_CHANNEL.cmd_b_queue/inst/fifo_gen_inst/inst_fifo_gen/gconvfifo.rf/grf.rf/gntv_or_sync_fifo.gl0.rd/gr1.gr1_int.rfwft/gpregsm1.user_valid_i_1/I1) is not included in the LUT equation: 'O5=(A4)+((~A4)*(~A3)*A5)'. If this cell is a user instantiated LUT in the design, please remove connectivity to the pin or change the equation and/or INIT string of the LUT to prevent this issue. If the cell is inferred or IP created LUT, please regenerate the IP and/or resynthesize the design to attempt to correct the issue.
WARNING: [DRC PDCN-1569] LUT equation term check: Used physical LUT pin 'A2' of cell top_i/axi_interconnect_0/s00_couplers/auto_ds/inst/gen_downsizer.gen_simple_downsizer.axi_downsizer_inst/USE_WRITE.write_addr_inst/cmd_queue/inst/fifo_gen_inst/inst_fifo_gen/gconvfifo.rf/grf.rf/gntv_or_sync_fifo.gl0.rd/gr1.gr1_int.rfwft/gpregsm1.user_valid_i_1 (pin top_i/axi_interconnect_0/s00_couplers/auto_ds/inst/gen_downsizer.gen_simple_downsizer.axi_downsizer_inst/USE_WRITE.write_addr_inst/cmd_queue/inst/fifo_gen_inst/inst_fifo_gen/gconvfifo.rf/grf.rf/gntv_or_sync_fifo.gl0.rd/gr1.gr1_int.rfwft/gpregsm1.user_valid_i_1/I1) is not included in the LUT equation: 'O5=(A3)+((~A3)*(~A5)*A4)'. If this cell is a user instantiated LUT in the design, please remove connectivity to the pin or change the equation and/or INIT string of the LUT to prevent this issue. If the cell is inferred or IP created LUT, please regenerate the IP and/or resynthesize the design to attempt to correct the issue.
WARNING: [DRC RTSTAT-10] No routable loads: 33 net(s) have no routable loads. The problem bus(es) and/or net(s) are top_i/axi_interconnect_0/s00_couplers/auto_ds/inst/gen_downsizer.gen_simple_downsizer.axi_downsizer_inst/USE_READ.read_addr_inst/cmd_queue/inst/fifo_gen_inst/inst_fifo_gen/gconvfifo.rf/grf.rf/gntv_or_sync_fifo.gl0.rd/gr1.gr1_int.rfwft/aempty_fwft_i, top_i/axi_interconnect_0/s00_couplers/auto_ds/inst/gen_downsizer.gen_simple_downsizer.axi_downsizer_inst/USE_WRITE.write_addr_inst/USE_B_CHANNEL.cmd_b_queue/inst/fifo_gen_inst/inst_fifo_gen/gconvfifo.rf/grf.rf/gntv_or_sync_fifo.gl0.rd/gr1.gr1_int.rfwft/aempty_fwft_i, top_i/axi_interconnect_0/s00_couplers/auto_ds/inst/gen_downsizer.gen_simple_downsizer.axi_downsizer_inst/USE_WRITE.write_addr_inst/cmd_queue/inst/fifo_gen_inst/inst_fifo_gen/gconvfifo.rf/grf.rf/gntv_or_sync_fifo.gl0.rd/gr1.gr1_int.rfwft/aempty_fwft_i, top_i/axi_interconnect_0/s00_couplers/auto_ds/inst/gen_downsizer.gen_simple_downsizer.axi_downsizer_inst/USE_WRITE.write_addr_inst/USE_B_CHANNEL.cmd_b_queue/inst/fifo_gen_inst/inst_fifo_gen/gconvfifo.rf/grf.rf/rstblk/ngwrdrst.grst.rd_rst_reg[2:0], top_i/axi_interconnect_0/s00_couplers/auto_ds/inst/gen_downsizer.gen_simple_downsizer.axi_downsizer_inst/USE_READ.read_addr_inst/cmd_queue/inst/fifo_gen_inst/inst_fifo_gen/gconvfifo.rf/grf.rf/rstblk/ngwrdrst.grst.rd_rst_reg[2:0], top_i/axi_interconnect_0/s00_couplers/auto_ds/inst/gen_downsizer.gen_simple_downsizer.axi_downsizer_inst/USE_WRITE.write_addr_inst/cmd_queue/inst/fifo_gen_inst/inst_fifo_gen/gconvfifo.rf/grf.rf/rstblk/ngwrdrst.grst.rd_rst_reg[2:0], top_i/axi_interconnect_0/s00_couplers/auto_ds/inst/gen_downsizer.gen_simple_downsizer.axi_downsizer_inst/USE_READ.read_addr_inst/cmd_queue/inst/fifo_gen_inst/inst_fifo_gen/gconvfifo.rf/grf.rf/rstblk/ngwrdrst.grst.wr_rst_reg[2:0], top_i/axi_interconnect_0/s00_couplers/auto_ds/inst/gen_downsizer.gen_simple_downsizer.axi_downsizer_inst/USE_WRITE.write_addr_inst/USE_B_CHANNEL.cmd_b_queue/inst/fifo_gen_inst/inst_fifo_gen/gconvfifo.rf/grf.rf/rstblk/ngwrdrst.grst.wr_rst_reg[2:0], top_i/axi_interconnect_0/s00_couplers/auto_ds/inst/gen_downsizer.gen_simple_downsizer.axi_downsizer_inst/USE_WRITE.write_addr_inst/cmd_queue/inst/fifo_gen_inst/inst_fifo_gen/gconvfifo.rf/grf.rf/rstblk/ngwrdrst.grst.wr_rst_reg[2:0], top_i/axi_interconnect_0/s00_couplers/auto_ds/inst/gen_downsizer.gen_simple_downsizer.axi_downsizer_inst/USE_READ.read_addr_inst/cmd_queue/inst/fifo_gen_inst/inst_fifo_gen/gconvfifo.rf/grf.rf/gntv_or_sync_fifo.gl0.wr/gwss.wsts/ram_afull_fb, top_i/axi_interconnect_0/s00_couplers/auto_ds/inst/gen_downsizer.gen_simple_downsizer.axi_downsizer_inst/USE_WRITE.write_addr_inst/USE_B_CHANNEL.cmd_b_queue/inst/fifo_gen_inst/inst_fifo_gen/gconvfifo.rf/grf.rf/gntv_or_sync_fifo.gl0.wr/gwss.wsts/ram_afull_fb, top_i/axi_interconnect_0/s00_couplers/auto_ds/inst/gen_downsizer.gen_simple_downsizer.axi_downsizer_inst/USE_WRITE.write_addr_inst/cmd_queue/inst/fifo_gen_inst/inst_fifo_gen/gconvfifo.rf/grf.rf/gntv_or_sync_fifo.gl0.wr/gwss.wsts/ram_afull_fb, top_i/axi_interconnect_0/s00_couplers/auto_ds/inst/gen_downsizer.gen_simple_downsizer.axi_downsizer_inst/USE_READ.read_addr_inst/cmd_queue/inst/fifo_gen_inst/inst_fifo_gen/gconvfifo.rf/grf.rf/gntv_or_sync_fifo.gl0.wr/gwss.wsts/ram_afull_i, top_i/axi_interconnect_0/s00_couplers/auto_ds/inst/gen_downsizer.gen_simple_downsizer.axi_downsizer_inst/USE_WRITE.write_addr_inst/USE_B_CHANNEL.cmd_b_queue/inst/fifo_gen_inst/inst_fifo_gen/gconvfifo.rf/grf.rf/gntv_or_sync_fifo.gl0.wr/gwss.wsts/ram_afull_i, top_i/axi_interconnect_0/s00_couplers/auto_ds/inst/gen_downsizer.gen_simple_downsizer.axi_downsizer_inst/USE_WRITE.write_addr_inst/cmd_queue/inst/fifo_gen_inst/inst_fifo_gen/gconvfifo.rf/grf.rf/gntv_or_sync_fifo.gl0.wr/gwss.wsts/ram_afull_i... and (the first 15 of 21 listed).
INFO: [Vivado 12-3199] DRC finished with 0 Errors, 8 Warnings
INFO: [Vivado 12-3200] Please refer to the DRC report (report_drc) for more information.
INFO: [Designutils 20-2272] Running write_bitstream with 8 threads.
Loading data files...
Loading site data...
Loading route data...
Processing options...
Creating bitmap...
Creating bitstream...
Writing bitstream ./top_wrapper.bit...
INFO: [Vivado 12-1842] Bitgen Completed Successfully.
INFO: [Project 1-1876] WebTalk data collection is mandatory when using a ULT device. To see the specific WebTalk data collected for your design, open the usage_statistics_webtalk.html or usage_statistics_webtalk.xml file in the implementation directory.
INFO: [Common 17-83] Releasing license: Implementation
48 Infos, 8 Warnings, 0 Critical Warnings and 0 Errors encountered.
write_bitstream completed successfully
write_bitstream: Time (s): cpu = 00:00:20 ; elapsed = 00:00:20 . Memory (MB): peak = 5125.141 ; gain = 45.582 ; free physical = 23771 ; free virtual = 49588
INFO: [Common 17-206] Exiting Vivado at Tue Jun  9 06:55:10 2026...
