Copyright 1986-2022 Xilinx, Inc. All Rights Reserved.
---------------------------------------------------------------------------------------------------------------------------------
| Tool Version : Vivado v.2022.2 (lin64) Build 3671981 Fri Oct 14 04:59:54 MDT 2022
| Date         : Tue Jun  9 02:57:53 2026
| Host         : finn_dev_samu running 64-bit Ubuntu 22.04.1 LTS
| Command      : report_utilization -file finn_design_wrapper_utilization_synth.rpt -pb finn_design_wrapper_utilization_synth.pb
| Design       : finn_design_wrapper
| Device       : xczu3eg-sbva484-1-e
| Speed File   : -1
| Design State : Synthesized
---------------------------------------------------------------------------------------------------------------------------------

Utilization Design Information

Table of Contents
-----------------
1. CLB Logic
1.1 Summary of Registers by Type
2. BLOCKRAM
3. ARITHMETIC
4. I/O
5. CLOCK
6. ADVANCED
7. CONFIGURATION
8. Primitives
9. Black Boxes
10. Instantiated Netlists

1. CLB Logic
------------

+----------------------------+--------+-------+------------+-----------+--------+
|          Site Type         |  Used  | Fixed | Prohibited | Available |  Util% |
+----------------------------+--------+-------+------------+-----------+--------+
| CLB LUTs*                  | 109284 |     0 |          0 |     70560 | 154.88 |
|   LUT as Logic             | 107513 |     0 |          0 |     70560 | 152.37 |
|   LUT as Memory            |   1771 |     0 |          0 |     28800 |   6.15 |
|     LUT as Distributed RAM |   1740 |     0 |            |           |        |
|     LUT as Shift Register  |     31 |     0 |            |           |        |
| CLB Registers              |  76058 |     0 |          0 |    141120 |  53.90 |
|   Register as Flip Flop    |  76058 |     0 |          0 |    141120 |  53.90 |
|   Register as Latch        |      0 |     0 |          0 |    141120 |   0.00 |
| CARRY8                     |   8409 |     0 |          0 |      8820 |  95.34 |
| F7 Muxes                   |   1640 |     0 |          0 |     35280 |   4.65 |
| F8 Muxes                   |    560 |     0 |          0 |     17640 |   3.17 |
| F9 Muxes                   |      0 |     0 |          0 |      8820 |   0.00 |
+----------------------------+--------+-------+------------+-----------+--------+
* Warning! The Final LUT count, after physical optimizations and full implementation, is typically lower. Run opt_design after synthesis, if not already completed, for a more realistic count.
Warning! LUT value is adjusted to account for LUT combining.


1.1 Summary of Registers by Type
--------------------------------

+-------+--------------+-------------+--------------+
| Total | Clock Enable | Synchronous | Asynchronous |
+-------+--------------+-------------+--------------+
| 0     |            _ |           - |            - |
| 0     |            _ |           - |          Set |
| 0     |            _ |           - |        Reset |
| 0     |            _ |         Set |            - |
| 0     |            _ |       Reset |            - |
| 0     |          Yes |           - |            - |
| 0     |          Yes |           - |          Set |
| 0     |          Yes |           - |        Reset |
| 1969  |          Yes |         Set |            - |
| 74089 |          Yes |       Reset |            - |
+-------+--------------+-------------+--------------+


2. BLOCKRAM
-----------

+-------------------+------+-------+------------+-----------+--------+
|     Site Type     | Used | Fixed | Prohibited | Available |  Util% |
+-------------------+------+-------+------------+-----------+--------+
| Block RAM Tile    |  216 |     0 |          0 |       216 | 100.00 |
|   RAMB36/FIFO*    |   26 |     0 |          0 |       216 |  12.04 |
|     RAMB36E2 only |   26 |       |            |           |        |
|   RAMB18          |  380 |     0 |          0 |       432 |  87.96 |
|     RAMB18E2 only |  380 |       |            |           |        |
+-------------------+------+-------+------------+-----------+--------+
* Note: Each Block RAM Tile only has one FIFO logic available and therefore can accommodate only one FIFO36E2 or one FIFO18E2. However, if a FIFO18E2 occupies a Block RAM Tile, that tile can still accommodate a RAMB18E2


3. ARITHMETIC
-------------

+----------------+------+-------+------------+-----------+-------+
|    Site Type   | Used | Fixed | Prohibited | Available | Util% |
+----------------+------+-------+------------+-----------+-------+
| DSPs           |   63 |     0 |          0 |       360 | 17.50 |
|   DSP48E2 only |   63 |       |            |           |       |
+----------------+------+-------+------------+-----------+-------+


4. I/O
------

+------------+------+-------+------------+-----------+-------+
|  Site Type | Used | Fixed | Prohibited | Available | Util% |
+------------+------+-------+------------+-----------+-------+
| Bonded IOB |    0 |     0 |          0 |        82 |  0.00 |
+------------+------+-------+------------+-----------+-------+


5. CLOCK
--------

+----------------------+------+-------+------------+-----------+-------+
|       Site Type      | Used | Fixed | Prohibited | Available | Util% |
+----------------------+------+-------+------------+-----------+-------+
| GLOBAL CLOCK BUFFERs |    0 |     0 |          0 |       196 |  0.00 |
|   BUFGCE             |    0 |     0 |          0 |        88 |  0.00 |
|   BUFGCE_DIV         |    0 |     0 |          0 |        12 |  0.00 |
|   BUFG_PS            |    0 |     0 |          0 |        72 |  0.00 |
|   BUFGCTRL*          |    0 |     0 |          0 |        24 |  0.00 |
| PLL                  |    0 |     0 |          0 |         6 |  0.00 |
| MMCM                 |    0 |     0 |          0 |         3 |  0.00 |
+----------------------+------+-------+------------+-----------+-------+
* Note: Each used BUFGCTRL counts as two GLOBAL CLOCK BUFFERs. This table does not include global clocking resources, only buffer cell usage. See the Clock Utilization Report (report_clock_utilization) for detailed accounting of global clocking resource availability.


6. ADVANCED
-----------

+-----------+------+-------+------------+-----------+-------+
| Site Type | Used | Fixed | Prohibited | Available | Util% |
+-----------+------+-------+------------+-----------+-------+
| PS8       |    0 |     0 |          0 |         1 |  0.00 |
| SYSMONE4  |    0 |     0 |          0 |         1 |  0.00 |
+-----------+------+-------+------------+-----------+-------+


7. CONFIGURATION
----------------

+-------------+------+-------+------------+-----------+-------+
|  Site Type  | Used | Fixed | Prohibited | Available | Util% |
+-------------+------+-------+------------+-----------+-------+
| BSCANE2     |    0 |     0 |          0 |         4 |  0.00 |
| DNA_PORTE2  |    0 |     0 |          0 |         1 |  0.00 |
| EFUSE_USR   |    0 |     0 |          0 |         1 |  0.00 |
| FRAME_ECCE4 |    0 |     0 |          0 |         1 |  0.00 |
| ICAPE3      |    0 |     0 |          0 |         2 |  0.00 |
| MASTER_JTAG |    0 |     0 |          0 |         1 |  0.00 |
| STARTUPE3   |    0 |     0 |          0 |         1 |  0.00 |
+-------------+------+-------+------------+-----------+-------+


8. Primitives
-------------

+----------+-------+---------------------+
| Ref Name |  Used | Functional Category |
+----------+-------+---------------------+
| LUT4     | 82382 |                 CLB |
| FDRE     | 74089 |            Register |
| LUT3     | 27554 |                 CLB |
| LUT5     | 14814 |                 CLB |
| LUT6     |  9676 |                 CLB |
| LUT2     |  9289 |                 CLB |
| CARRY8   |  8409 |                 CLB |
| FDSE     |  1969 |            Register |
| RAMD64E  |  1740 |                 CLB |
| MUXF7    |  1640 |                 CLB |
| LUT1     |  1200 |                 CLB |
| MUXF8    |   560 |                 CLB |
| RAMB18E2 |   380 |            BLOCKRAM |
| DSP48E2  |    63 |          Arithmetic |
| RAMB36E2 |    26 |            BLOCKRAM |
| SRLC32E  |    24 |                 CLB |
| SRL16E   |     7 |                 CLB |
+----------+-------+---------------------+


9. Black Boxes
--------------

+----------+------+
| Ref Name | Used |
+----------+------+


10. Instantiated Netlists
-------------------------

+----------+------+
| Ref Name | Used |
+----------+------+


