Copyright 1986-2022 Xilinx, Inc. All Rights Reserved.
-------------------------------------------------------------------------------------------------------------------
| Tool Version : Vivado v.2022.2 (lin64) Build 3671981 Fri Oct 14 04:59:54 MDT 2022
| Date         : Tue Jun  9 09:16:18 2026
| Host         : finn_dev_samu running 64-bit Ubuntu 22.04.1 LTS
| Command      : report_utilization -file top_wrapper_utilization_placed.rpt -pb top_wrapper_utilization_placed.pb
| Design       : top_wrapper
| Device       : xczu3eg-sbva484-1-e
| Speed File   : -1
| Design State : Fully Placed
-------------------------------------------------------------------------------------------------------------------

Utilization Design Information

Table of Contents
-----------------
1. CLB Logic
1.1 Summary of Registers by Type
2. CLB Logic Distribution
3. BLOCKRAM
4. ARITHMETIC
5. I/O
6. CLOCK
7. ADVANCED
8. CONFIGURATION
9. Primitives
10. Black Boxes
11. Instantiated Netlists

1. CLB Logic
------------

+----------------------------+-------+-------+------------+-----------+-------+
|          Site Type         |  Used | Fixed | Prohibited | Available | Util% |
+----------------------------+-------+-------+------------+-----------+-------+
| CLB LUTs                   | 45508 |     0 |          0 |     70560 | 64.50 |
|   LUT as Logic             | 43209 |     0 |          0 |     70560 | 61.24 |
|   LUT as Memory            |  2299 |     0 |          0 |     28800 |  7.98 |
|     LUT as Distributed RAM |  1264 |     0 |            |           |       |
|     LUT as Shift Register  |  1035 |     0 |            |           |       |
| CLB Registers              | 26766 |     0 |          0 |    141120 | 18.97 |
|   Register as Flip Flop    | 26766 |     0 |          0 |    141120 | 18.97 |
|   Register as Latch        |     0 |     0 |          0 |    141120 |  0.00 |
| CARRY8                     |  4840 |     0 |          0 |      8820 | 54.88 |
| F7 Muxes                   |   328 |     0 |          0 |     35280 |  0.93 |
| F8 Muxes                   |    32 |     0 |          0 |     17640 |  0.18 |
| F9 Muxes                   |     0 |     0 |          0 |      8820 |  0.00 |
+----------------------------+-------+-------+------------+-----------+-------+
* Warning! LUT value is adjusted to account for LUT combining.


1.1 Summary of Registers by Type
--------------------------------

+-------+--------------+-------------+--------------+
| Total | Clock Enable | Synchronous | Asynchronous |
+-------+--------------+-------------+--------------+
| 0     |            _ |           - |            - |
| 0     |            _ |           - |          Set |
| 0     |            _ |           - |        Reset |
| 0     |            _ |         Set |            - |
| 0     |            _ |       Reset |            - |
| 0     |          Yes |           - |            - |
| 33    |          Yes |           - |          Set |
| 135   |          Yes |           - |        Reset |
| 411   |          Yes |         Set |            - |
| 26187 |          Yes |       Reset |            - |
+-------+--------------+-------------+--------------+


2. CLB Logic Distribution
-------------------------

+--------------------------------------------+-------+-------+------------+-----------+-------+
|                  Site Type                 |  Used | Fixed | Prohibited | Available | Util% |
+--------------------------------------------+-------+-------+------------+-----------+-------+
| CLB                                        |  8030 |     0 |          0 |      8820 | 91.04 |
|   CLBL                                     |  4734 |     0 |            |           |       |
|   CLBM                                     |  3296 |     0 |            |           |       |
| LUT as Logic                               | 43209 |     0 |          0 |     70560 | 61.24 |
|   using O5 output only                     |   385 |       |            |           |       |
|   using O6 output only                     | 18560 |       |            |           |       |
|   using O5 and O6                          | 24264 |       |            |           |       |
| LUT as Memory                              |  2299 |     0 |          0 |     28800 |  7.98 |
|   LUT as Distributed RAM                   |  1264 |     0 |            |           |       |
|     using O5 output only                   |     0 |       |            |           |       |
|     using O6 output only                   |   108 |       |            |           |       |
|     using O5 and O6                        |  1156 |       |            |           |       |
|   LUT as Shift Register                    |  1035 |     0 |            |           |       |
|     using O5 output only                   |     0 |       |            |           |       |
|     using O6 output only                   |   846 |       |            |           |       |
|     using O5 and O6                        |   189 |       |            |           |       |
| CLB Registers                              | 26766 |     0 |          0 |    141120 | 18.97 |
|   Register driven from within the CLB      | 16066 |       |            |           |       |
|   Register driven from outside the CLB     | 10700 |       |            |           |       |
|     LUT in front of the register is unused |  5872 |       |            |           |       |
|     LUT in front of the register is used   |  4828 |       |            |           |       |
| Unique Control Sets                        |   746 |       |          0 |     17640 |  4.23 |
+--------------------------------------------+-------+-------+------------+-----------+-------+
* * Note: Available Control Sets calculated as Slices * 2, Review the Control Sets Report for more information regarding control sets.


3. BLOCKRAM
-----------

+-------------------+------+-------+------------+-----------+-------+
|     Site Type     | Used | Fixed | Prohibited | Available | Util% |
+-------------------+------+-------+------------+-----------+-------+
| Block RAM Tile    | 11.5 |     0 |          0 |       216 |  5.32 |
|   RAMB36/FIFO*    |   11 |     0 |          0 |       216 |  5.09 |
|     RAMB36E2 only |   11 |       |            |           |       |
|   RAMB18          |    1 |     0 |          0 |       432 |  0.23 |
|     RAMB18E2 only |    1 |       |            |           |       |
+-------------------+------+-------+------------+-----------+-------+
* Note: Each Block RAM Tile only has one FIFO logic available and therefore can accommodate only one FIFO36E2 or one FIFO18E2. However, if a FIFO18E2 occupies a Block RAM Tile, that tile can still accommodate a RAMB18E2


4. ARITHMETIC
-------------

+----------------+------+-------+------------+-----------+-------+
|    Site Type   | Used | Fixed | Prohibited | Available | Util% |
+----------------+------+-------+------------+-----------+-------+
| DSPs           |   40 |     0 |          0 |       360 | 11.11 |
|   DSP48E2 only |   40 |       |            |           |       |
+----------------+------+-------+------------+-----------+-------+


5. I/O
------

+------------------+------+-------+------------+-----------+-------+
|     Site Type    | Used | Fixed | Prohibited | Available | Util% |
+------------------+------+-------+------------+-----------+-------+
| Bonded IOB       |    0 |     0 |          0 |        82 |  0.00 |
| HPIOB_M          |    0 |     0 |          0 |        26 |  0.00 |
| HPIOB_S          |    0 |     0 |          0 |        26 |  0.00 |
| HDIOB_M          |    0 |     0 |          0 |        12 |  0.00 |
| HDIOB_S          |    0 |     0 |          0 |        12 |  0.00 |
| HPIOB_SNGL       |    0 |     0 |          0 |         6 |  0.00 |
| HPIOBDIFFINBUF   |    0 |     0 |          0 |        72 |  0.00 |
| HPIOBDIFFOUTBUF  |    0 |     0 |          0 |        72 |  0.00 |
| HDIOBDIFFINBUF   |    0 |     0 |          0 |        48 |  0.00 |
| BITSLICE_CONTROL |    0 |     0 |          0 |        24 |  0.00 |
| BITSLICE_RX_TX   |    0 |     0 |          0 |       936 |  0.00 |
| BITSLICE_TX      |    0 |     0 |          0 |        24 |  0.00 |
| RIU_OR           |    0 |     0 |          0 |        12 |  0.00 |
+------------------+------+-------+------------+-----------+-------+


6. CLOCK
--------

+----------------------+------+-------+------------+-----------+-------+
|       Site Type      | Used | Fixed | Prohibited | Available | Util% |
+----------------------+------+-------+------------+-----------+-------+
| GLOBAL CLOCK BUFFERs |    2 |     0 |          0 |       196 |  1.02 |
|   BUFGCE             |    1 |     0 |          0 |        88 |  1.14 |
|   BUFGCE_DIV         |    0 |     0 |          0 |        12 |  0.00 |
|   BUFG_PS            |    1 |     0 |          0 |        72 |  1.39 |
|   BUFGCTRL*          |    0 |     0 |          0 |        24 |  0.00 |
| PLL                  |    0 |     0 |          0 |         6 |  0.00 |
| MMCM                 |    0 |     0 |          0 |         3 |  0.00 |
+----------------------+------+-------+------------+-----------+-------+
* Note: Each used BUFGCTRL counts as two GLOBAL CLOCK BUFFERs. This table does not include global clocking resources, only buffer cell usage. See the Clock Utilization Report (report_clock_utilization) for detailed accounting of global clocking resource availability.


7. ADVANCED
-----------

+-----------+------+-------+------------+-----------+--------+
| Site Type | Used | Fixed | Prohibited | Available |  Util% |
+-----------+------+-------+------------+-----------+--------+
| PS8       |    1 |     0 |          0 |         1 | 100.00 |
| SYSMONE4  |    0 |     0 |          0 |         1 |   0.00 |
+-----------+------+-------+------------+-----------+--------+


8. CONFIGURATION
----------------

+-------------+------+-------+------------+-----------+-------+
|  Site Type  | Used | Fixed | Prohibited | Available | Util% |
+-------------+------+-------+------------+-----------+-------+
| BSCANE2     |    0 |     0 |          0 |         4 |  0.00 |
| DNA_PORTE2  |    0 |     0 |          0 |         1 |  0.00 |
| EFUSE_USR   |    0 |     0 |          0 |         1 |  0.00 |
| FRAME_ECCE4 |    0 |     0 |          0 |         1 |  0.00 |
| ICAPE3      |    0 |     0 |          0 |         2 |  0.00 |
| MASTER_JTAG |    0 |     0 |          0 |         1 |  0.00 |
| STARTUPE3   |    0 |     0 |          0 |         1 |  0.00 |
+-------------+------+-------+------------+-----------+-------+


9. Primitives
-------------

+----------+-------+---------------------+
| Ref Name |  Used | Functional Category |
+----------+-------+---------------------+
| LUT4     | 28922 |                 CLB |
| FDRE     | 26187 |            Register |
| LUT3     | 17474 |                 CLB |
| LUT2     |  6984 |                 CLB |
| LUT5     |  6452 |                 CLB |
| LUT6     |  5642 |                 CLB |
| CARRY8   |  4840 |                 CLB |
| LUT1     |  1999 |                 CLB |
| RAMD32   |  1626 |                 CLB |
| SRLC32E  |   747 |                 CLB |
| RAMS32   |   694 |                 CLB |
| SRL16E   |   477 |                 CLB |
| FDSE     |   411 |            Register |
| MUXF7    |   328 |                 CLB |
| FDCE     |   135 |            Register |
| RAMD64E  |   100 |                 CLB |
| DSP48E2  |    40 |          Arithmetic |
| FDPE     |    33 |            Register |
| MUXF8    |    32 |                 CLB |
| RAMB36E2 |    11 |            BLOCKRAM |
| RAMB18E2 |     1 |            BLOCKRAM |
| PS8      |     1 |            Advanced |
| BUFG_PS  |     1 |               Clock |
| BUFGCE   |     1 |               Clock |
+----------+-------+---------------------+


10. Black Boxes
---------------

+----------+------+
| Ref Name | Used |
+----------+------+


11. Instantiated Netlists
-------------------------

+------------------------------------+------+
|              Ref Name              | Used |
+------------------------------------+------+
| top_zynq_ps_0                      |    1 |
| top_xbar_0                         |    1 |
| top_smartconnect_0_0               |    1 |
| top_rst_zynq_ps_100M_0             |    1 |
| top_odma0_0                        |    1 |
| top_idma0_0                        |    1 |
| top_auto_pc_0                      |    1 |
| top_auto_ds_0                      |    1 |
| top_StreamingDataflowPartition_1_0 |    1 |
+------------------------------------+------+


