Obtaining file:///home/samu/dev/CEN571-final/finn-vs-vitisai/finn-repo/deps/qonnx
  Preparing metadata (setup.py): started
  Preparing metadata (setup.py): finished with status 'done'
Requirement already satisfied: attrs>=22.2.0 in /usr/local/lib/python3.10/dist-packages (from qonnx==0.3.0.post1.dev100+gfd61cfe.d20260609) (26.1.0)
Requirement already satisfied: clize>=5.0.1 in /usr/local/lib/python3.10/dist-packages (from qonnx==0.3.0.post1.dev100+gfd61cfe.d20260609) (5.0.1)
Requirement already satisfied: protobuf==3.20.3 in /usr/local/lib/python3.10/dist-packages (from qonnx==0.3.0.post1.dev100+gfd61cfe.d20260609) (3.20.3)
Requirement already satisfied: bitstring>=3.1.7 in /usr/local/lib/python3.10/dist-packages (from qonnx==0.3.0.post1.dev100+gfd61cfe.d20260609) (3.1.7)
Requirement already satisfied: numpy>=1.24.1 in /usr/local/lib/python3.10/dist-packages (from qonnx==0.3.0.post1.dev100+gfd61cfe.d20260609) (1.26.4)
Requirement already satisfied: onnx>=1.13.0 in /usr/local/lib/python3.10/dist-packages (from qonnx==0.3.0.post1.dev100+gfd61cfe.d20260609) (1.16.0)
Requirement already satisfied: onnxruntime>=1.16.1 in /usr/local/lib/python3.10/dist-packages (from qonnx==0.3.0.post1.dev100+gfd61cfe.d20260609) (1.18.1)
Requirement already satisfied: sigtools>=4.0.1 in /usr/local/lib/python3.10/dist-packages (from qonnx==0.3.0.post1.dev100+gfd61cfe.d20260609) (4.0.1)
Requirement already satisfied: toposort>=1.7.0 in /usr/local/lib/python3.10/dist-packages (from qonnx==0.3.0.post1.dev100+gfd61cfe.d20260609) (1.7)
Requirement already satisfied: docutils>=0.17.0 in /usr/local/lib/python3.10/dist-packages (from clize>=5.0.1->qonnx==0.3.0.post1.dev100+gfd61cfe.d20260609) (0.22.4)
Requirement already satisfied: od in /usr/local/lib/python3.10/dist-packages (from clize>=5.0.1->qonnx==0.3.0.post1.dev100+gfd61cfe.d20260609) (2.0.2)
Requirement already satisfied: packaging in /usr/local/lib/python3.10/dist-packages (from onnxruntime>=1.16.1->qonnx==0.3.0.post1.dev100+gfd61cfe.d20260609) (26.0)
Requirement already satisfied: coloredlogs in /usr/local/lib/python3.10/dist-packages (from onnxruntime>=1.16.1->qonnx==0.3.0.post1.dev100+gfd61cfe.d20260609) (15.0.1)
Requirement already satisfied: flatbuffers in /usr/local/lib/python3.10/dist-packages (from onnxruntime>=1.16.1->qonnx==0.3.0.post1.dev100+gfd61cfe.d20260609) (25.12.19)
Requirement already satisfied: sympy in /usr/local/lib/python3.10/dist-packages (from onnxruntime>=1.16.1->qonnx==0.3.0.post1.dev100+gfd61cfe.d20260609) (1.14.0)
Requirement already satisfied: humanfriendly>=9.1 in /usr/local/lib/python3.10/dist-packages (from coloredlogs->onnxruntime>=1.16.1->qonnx==0.3.0.post1.dev100+gfd61cfe.d20260609) (10.0)
Requirement already satisfied: mpmath<1.4,>=1.1.0 in /usr/local/lib/python3.10/dist-packages (from sympy->onnxruntime>=1.16.1->qonnx==0.3.0.post1.dev100+gfd61cfe.d20260609) (1.3.0)
Installing collected packages: qonnx
  Running setup.py develop for qonnx
Successfully installed qonnx
Obtaining file:///home/samu/dev/CEN571-final/finn-vs-vitisai/finn-repo/deps/finn-experimental
  Preparing metadata (setup.py): started
  Preparing metadata (setup.py): finished with status 'done'
Requirement already satisfied: deap in /usr/local/lib/python3.10/dist-packages (from finn-experimental==0.0.post0.dev49+g0724be2) (1.3.1)
Requirement already satisfied: mip in /usr/local/lib/python3.10/dist-packages (from finn-experimental==0.0.post0.dev49+g0724be2) (1.13.0)
Requirement already satisfied: networkx in /usr/local/lib/python3.10/dist-packages (from finn-experimental==0.0.post0.dev49+g0724be2) (2.8)
Requirement already satisfied: numpy in /usr/local/lib/python3.10/dist-packages (from deap->finn-experimental==0.0.post0.dev49+g0724be2) (1.26.4)
Requirement already satisfied: cffi in /usr/local/lib/python3.10/dist-packages (from mip->finn-experimental==0.0.post0.dev49+g0724be2) (2.0.0)
Requirement already satisfied: pycparser in /usr/local/lib/python3.10/dist-packages (from cffi->mip->finn-experimental==0.0.post0.dev49+g0724be2) (3.0)
Installing collected packages: finn-experimental
  Running setup.py develop for finn-experimental
Successfully installed finn-experimental
Obtaining file:///home/samu/dev/CEN571-final/finn-vs-vitisai/finn-repo/deps/brevitas
  Preparing metadata (setup.py): started
  Preparing metadata (setup.py): finished with status 'done'
Requirement already satisfied: dependencies==2.0.1 in /usr/local/lib/python3.10/dist-packages (from brevitas==0.10.0) (2.0.1)
Requirement already satisfied: packaging in /usr/local/lib/python3.10/dist-packages (from brevitas==0.10.0) (26.0)
Requirement already satisfied: setuptools in /usr/local/lib/python3.10/dist-packages (from brevitas==0.10.0) (68.2.2)
Requirement already satisfied: sympy in /usr/local/lib/python3.10/dist-packages (from brevitas==0.10.0) (1.14.0)
Requirement already satisfied: torch>=1.9.1 in /usr/local/lib/python3.10/dist-packages (from brevitas==0.10.0) (1.13.1+cu116)
Requirement already satisfied: typing-extensions>=3.7.4 in /usr/local/lib/python3.10/dist-packages (from brevitas==0.10.0) (4.15.0)
WARNING: Retrying (Retry(total=4, connect=None, read=None, redirect=None, status=None)) after connection broken by 'NewConnectionError('<pip._vendor.urllib3.connection.HTTPSConnection object at 0x7d3b9f34a7a0>: Failed to establish a new connection: [Errno -3] Temporary failure in name resolution')': /simple/unfoldnd/
WARNING: Retrying (Retry(total=3, connect=None, read=None, redirect=None, status=None)) after connection broken by 'NewConnectionError('<pip._vendor.urllib3.connection.HTTPSConnection object at 0x7d3b9f34aad0>: Failed to establish a new connection: [Errno -3] Temporary failure in name resolution')': /simple/unfoldnd/
WARNING: Retrying (Retry(total=2, connect=None, read=None, redirect=None, status=None)) after connection broken by 'NewConnectionError('<pip._vendor.urllib3.connection.HTTPSConnection object at 0x7d3b9f34ac80>: Failed to establish a new connection: [Errno -3] Temporary failure in name resolution')': /simple/unfoldnd/
WARNING: Retrying (Retry(total=1, connect=None, read=None, redirect=None, status=None)) after connection broken by 'NewConnectionError('<pip._vendor.urllib3.connection.HTTPSConnection object at 0x7d3b9f34ae30>: Failed to establish a new connection: [Errno -3] Temporary failure in name resolution')': /simple/unfoldnd/
WARNING: Retrying (Retry(total=0, connect=None, read=None, redirect=None, status=None)) after connection broken by 'NewConnectionError('<pip._vendor.urllib3.connection.HTTPSConnection object at 0x7d3b9f34afe0>: Failed to establish a new connection: [Errno -3] Temporary failure in name resolution')': /simple/unfoldnd/
ERROR: Could not find a version that satisfies the requirement unfoldNd (from brevitas) (from versions: none)
ERROR: No matching distribution found for unfoldNd
Obtaining file:///home/samu/dev/CEN571-final/finn-vs-vitisai/finn-repo/deps/pyverilator
  Preparing metadata (setup.py): started
  Preparing metadata (setup.py): finished with status 'done'
Requirement already satisfied: tclwrapper>=0.0.1 in /usr/local/lib/python3.10/dist-packages (from PyVerilator==0.4.0) (0.0.1)
Installing collected packages: PyVerilator
  Running setup.py develop for PyVerilator
Successfully installed PyVerilator
Obtaining file:///home/samu/dev/CEN571-final/finn-vs-vitisai/finn-repo
  Preparing metadata (setup.py): started
  Preparing metadata (setup.py): finished with status 'done'
Installing collected packages: finn
  Running setup.py develop for finn
Successfully installed finn-0.0.0
[0;33mWARNING: Unable to find /settings64.sh[0m
[0;33mWARNING: Functionality dependent on Vitis will not be available.[0m
[0;33mWARNING: If you need Vitis, ensure VITIS_PATH is set correctly and mounted into the Docker container.[0m
[0;32mFound Vivado at /tools/Xilinx/Vivado/2022.2[0m
[0;32mFound Vitis HLS at /tools/Xilinx/Vitis_HLS/2022.2[0m
If you need to enable a beta device, ensure .Xilinx/HLS_init.tcl and/or .Xilinx/Vivado/Vivado_init.tcl are set correctly and mounted
See https://docs.xilinx.com/r/en-US/ug835-vivado-tcl-commands/Tcl-Initialization-Scripts
Traceback (most recent call last):
  File "/workspace/project/finn/compile.py", line 11, in <module>
    import finn.builder.build_dataflow as build
  File "/home/samu/dev/CEN571-final/finn-vs-vitisai/finn-repo/src/finn/builder/build_dataflow.py", line 43, in <module>
    from finn.builder.build_dataflow_steps import build_dataflow_step_lookup
  File "/home/samu/dev/CEN571-final/finn-vs-vitisai/finn-repo/src/finn/builder/build_dataflow_steps.py", line 129, in <module>
    from finn.util.test import execute_parent
  File "/home/samu/dev/CEN571-final/finn-vs-vitisai/finn-repo/src/finn/util/test.py", line 38, in <module>
    from brevitas_examples import bnn_pynq, imagenet_classification
ModuleNotFoundError: No module named 'brevitas_examples'
