Copyright 1986-2022 Xilinx, Inc. All Rights Reserved.
-------------------------------------------------------------------------------------------------------------------
| Tool Version : Vivado v.2022.2 (lin64) Build 3671981 Fri Oct 14 04:59:54 MDT 2022
| Date         : Tue Jun  9 15:14:08 2026
| Host         : finn_dev_samu running 64-bit Ubuntu 22.04.1 LTS
| Command      : report_utilization -file top_wrapper_utilization_placed.rpt -pb top_wrapper_utilization_placed.pb
| Design       : top_wrapper
| Device       : xczu3eg-sbva484-1-e
| Speed File   : -1
| Design State : Fully Placed
-------------------------------------------------------------------------------------------------------------------

Utilization Design Information

Table of Contents
-----------------
1. CLB Logic
1.1 Summary of Registers by Type
2. CLB Logic Distribution
3. BLOCKRAM
4. ARITHMETIC
5. I/O
6. CLOCK
7. ADVANCED
8. CONFIGURATION
9. Primitives
10. Black Boxes
11. Instantiated Netlists

1. CLB Logic
------------

+----------------------------+-------+-------+------------+-----------+-------+
|          Site Type         |  Used | Fixed | Prohibited | Available | Util% |
+----------------------------+-------+-------+------------+-----------+-------+
| CLB LUTs                   | 61831 |     0 |          0 |     70560 | 87.63 |
|   LUT as Logic             | 59210 |     0 |          0 |     70560 | 83.91 |
|   LUT as Memory            |  2621 |     0 |          0 |     28800 |  9.10 |
|     LUT as Distributed RAM |  1362 |     0 |            |           |       |
|     LUT as Shift Register  |  1259 |     0 |            |           |       |
| CLB Registers              | 60021 |     0 |          0 |    141120 | 42.53 |
|   Register as Flip Flop    | 60021 |     0 |          0 |    141120 | 42.53 |
|   Register as Latch        |     0 |     0 |          0 |    141120 |  0.00 |
| CARRY8                     |  4862 |     0 |          0 |      8820 | 55.12 |
| F7 Muxes                   |   618 |     0 |          0 |     35280 |  1.75 |
| F8 Muxes                   |   160 |     0 |          0 |     17640 |  0.91 |
| F9 Muxes                   |     0 |     0 |          0 |      8820 |  0.00 |
+----------------------------+-------+-------+------------+-----------+-------+
* Warning! LUT value is adjusted to account for LUT combining.


1.1 Summary of Registers by Type
--------------------------------

+-------+--------------+-------------+--------------+
| Total | Clock Enable | Synchronous | Asynchronous |
+-------+--------------+-------------+--------------+
| 0     |            _ |           - |            - |
| 0     |            _ |           - |          Set |
| 0     |            _ |           - |        Reset |
| 0     |            _ |         Set |            - |
| 0     |            _ |       Reset |            - |
| 0     |          Yes |           - |            - |
| 33    |          Yes |           - |          Set |
| 135   |          Yes |           - |        Reset |
| 950   |          Yes |         Set |            - |
| 58903 |          Yes |       Reset |            - |
+-------+--------------+-------------+--------------+


2. CLB Logic Distribution
-------------------------

+--------------------------------------------+-------+-------+------------+-----------+--------+
|                  Site Type                 |  Used | Fixed | Prohibited | Available |  Util% |
+--------------------------------------------+-------+-------+------------+-----------+--------+
| CLB                                        |  8820 |     0 |          0 |      8820 | 100.00 |
|   CLBL                                     |  5220 |     0 |            |           |        |
|   CLBM                                     |  3600 |     0 |            |           |        |
| LUT as Logic                               | 59210 |     0 |          0 |     70560 |  83.91 |
|   using O5 output only                     |   439 |       |            |           |        |
|   using O6 output only                     | 16456 |       |            |           |        |
|   using O5 and O6                          | 42315 |       |            |           |        |
| LUT as Memory                              |  2621 |     0 |          0 |     28800 |   9.10 |
|   LUT as Distributed RAM                   |  1362 |     0 |            |           |        |
|     using O5 output only                   |     0 |       |            |           |        |
|     using O6 output only                   |   218 |       |            |           |        |
|     using O5 and O6                        |  1144 |       |            |           |        |
|   LUT as Shift Register                    |  1259 |     0 |            |           |        |
|     using O5 output only                   |     0 |       |            |           |        |
|     using O6 output only                   |  1070 |       |            |           |        |
|     using O5 and O6                        |   189 |       |            |           |        |
| CLB Registers                              | 60021 |     0 |          0 |    141120 |  42.53 |
|   Register driven from within the CLB      | 45556 |       |            |           |        |
|   Register driven from outside the CLB     | 14465 |       |            |           |        |
|     LUT in front of the register is unused |  5033 |       |            |           |        |
|     LUT in front of the register is used   |  9432 |       |            |           |        |
| Unique Control Sets                        |   963 |       |          0 |     17640 |   5.46 |
+--------------------------------------------+-------+-------+------------+-----------+--------+
* * Note: Available Control Sets calculated as Slices * 2, Review the Control Sets Report for more information regarding control sets.


3. BLOCKRAM
-----------

+-------------------+------+-------+------------+-----------+-------+
|     Site Type     | Used | Fixed | Prohibited | Available | Util% |
+-------------------+------+-------+------------+-----------+-------+
| Block RAM Tile    | 28.5 |     0 |          0 |       216 | 13.19 |
|   RAMB36/FIFO*    |   26 |     0 |          0 |       216 | 12.04 |
|     RAMB36E2 only |   26 |       |            |           |       |
|   RAMB18          |    5 |     0 |          0 |       432 |  1.16 |
|     RAMB18E2 only |    5 |       |            |           |       |
+-------------------+------+-------+------------+-----------+-------+
* Note: Each Block RAM Tile only has one FIFO logic available and therefore can accommodate only one FIFO36E2 or one FIFO18E2. However, if a FIFO18E2 occupies a Block RAM Tile, that tile can still accommodate a RAMB18E2


4. ARITHMETIC
-------------

+----------------+------+-------+------------+-----------+-------+
|    Site Type   | Used | Fixed | Prohibited | Available | Util% |
+----------------+------+-------+------------+-----------+-------+
| DSPs           |   35 |     0 |          0 |       360 |  9.72 |
|   DSP48E2 only |   35 |       |            |           |       |
+----------------+------+-------+------------+-----------+-------+


5. I/O
------

+------------------+------+-------+------------+-----------+-------+
|     Site Type    | Used | Fixed | Prohibited | Available | Util% |
+------------------+------+-------+------------+-----------+-------+
| Bonded IOB       |    0 |     0 |          0 |        82 |  0.00 |
| HPIOB_M          |    0 |     0 |          0 |        26 |  0.00 |
| HPIOB_S          |    0 |     0 |          0 |        26 |  0.00 |
| HDIOB_M          |    0 |     0 |          0 |        12 |  0.00 |
| HDIOB_S          |    0 |     0 |          0 |        12 |  0.00 |
| HPIOB_SNGL       |    0 |     0 |          0 |         6 |  0.00 |
| HPIOBDIFFINBUF   |    0 |     0 |          0 |        72 |  0.00 |
| HPIOBDIFFOUTBUF  |    0 |     0 |          0 |        72 |  0.00 |
| HDIOBDIFFINBUF   |    0 |     0 |          0 |        48 |  0.00 |
| BITSLICE_CONTROL |    0 |     0 |          0 |        24 |  0.00 |
| BITSLICE_RX_TX   |    0 |     0 |          0 |       936 |  0.00 |
| BITSLICE_TX      |    0 |     0 |          0 |        24 |  0.00 |
| RIU_OR           |    0 |     0 |          0 |        12 |  0.00 |
+------------------+------+-------+------------+-----------+-------+


6. CLOCK
--------

+----------------------+------+-------+------------+-----------+-------+
|       Site Type      | Used | Fixed | Prohibited | Available | Util% |
+----------------------+------+-------+------------+-----------+-------+
| GLOBAL CLOCK BUFFERs |    3 |     0 |          0 |       196 |  1.53 |
|   BUFGCE             |    2 |     0 |          0 |        88 |  2.27 |
|   BUFGCE_DIV         |    0 |     0 |          0 |        12 |  0.00 |
|   BUFG_PS            |    1 |     0 |          0 |        72 |  1.39 |
|   BUFGCTRL*          |    0 |     0 |          0 |        24 |  0.00 |
| PLL                  |    0 |     0 |          0 |         6 |  0.00 |
| MMCM                 |    0 |     0 |          0 |         3 |  0.00 |
+----------------------+------+-------+------------+-----------+-------+
* Note: Each used BUFGCTRL counts as two GLOBAL CLOCK BUFFERs. This table does not include global clocking resources, only buffer cell usage. See the Clock Utilization Report (report_clock_utilization) for detailed accounting of global clocking resource availability.


7. ADVANCED
-----------

+-----------+------+-------+------------+-----------+--------+
| Site Type | Used | Fixed | Prohibited | Available |  Util% |
+-----------+------+-------+------------+-----------+--------+
| PS8       |    1 |     0 |          0 |         1 | 100.00 |
| SYSMONE4  |    0 |     0 |          0 |         1 |   0.00 |
+-----------+------+-------+------------+-----------+--------+


8. CONFIGURATION
----------------

+-------------+------+-------+------------+-----------+-------+
|  Site Type  | Used | Fixed | Prohibited | Available | Util% |
+-------------+------+-------+------------+-----------+-------+
| BSCANE2     |    0 |     0 |          0 |         4 |  0.00 |
| DNA_PORTE2  |    0 |     0 |          0 |         1 |  0.00 |
| EFUSE_USR   |    0 |     0 |          0 |         1 |  0.00 |
| FRAME_ECCE4 |    0 |     0 |          0 |         1 |  0.00 |
| ICAPE3      |    0 |     0 |          0 |         2 |  0.00 |
| MASTER_JTAG |    0 |     0 |          0 |         1 |  0.00 |
| STARTUPE3   |    0 |     0 |          0 |         1 |  0.00 |
+-------------+------+-------+------------+-----------+-------+


9. Primitives
-------------

+----------+-------+---------------------+
| Ref Name |  Used | Functional Category |
+----------+-------+---------------------+
| FDRE     | 58903 |            Register |
| LUT4     | 58845 |                 CLB |
| LUT3     | 24345 |                 CLB |
| LUT6     |  6095 |                 CLB |
| LUT2     |  5996 |                 CLB |
| CARRY8   |  4862 |                 CLB |
| LUT5     |  4376 |                 CLB |
| LUT1     |  1868 |                 CLB |
| RAMD32   |  1626 |                 CLB |
| SRLC32E  |   971 |                 CLB |
| FDSE     |   950 |            Register |
| RAMS32   |   670 |                 CLB |
| MUXF7    |   618 |                 CLB |
| SRL16E   |   477 |                 CLB |
| RAMD64E  |   210 |                 CLB |
| MUXF8    |   160 |                 CLB |
| FDCE     |   135 |            Register |
| DSP48E2  |    35 |          Arithmetic |
| FDPE     |    33 |            Register |
| RAMB36E2 |    26 |            BLOCKRAM |
| RAMB18E2 |     5 |            BLOCKRAM |
| BUFGCE   |     2 |               Clock |
| PS8      |     1 |            Advanced |
| BUFG_PS  |     1 |               Clock |
+----------+-------+---------------------+


10. Black Boxes
---------------

+----------+------+
| Ref Name | Used |
+----------+------+


11. Instantiated Netlists
-------------------------

+------------------------------------+------+
|              Ref Name              | Used |
+------------------------------------+------+
| top_zynq_ps_0                      |    1 |
| top_xbar_0                         |    1 |
| top_smartconnect_0_0               |    1 |
| top_rst_zynq_ps_100M_0             |    1 |
| top_odma0_0                        |    1 |
| top_idma0_0                        |    1 |
| top_auto_pc_0                      |    1 |
| top_auto_ds_0                      |    1 |
| top_StreamingDataflowPartition_1_0 |    1 |
+------------------------------------+------+


