
*** Running vivado
    with args -log finn_design_wrapper.vdi -applog -m64 -product Vivado -messageDb vivado.pb -mode batch -source finn_design_wrapper.tcl -notrace


****** Vivado v2022.2 (64-bit)
  **** SW Build 3671981 on Fri Oct 14 04:59:54 MDT 2022
  **** IP Build 3669848 on Fri Oct 14 08:30:02 MDT 2022
    ** Copyright 1986-2022 Xilinx, Inc. All Rights Reserved.

source finn_design_wrapper.tcl -notrace
Command: link_design -top finn_design_wrapper -part xczu3eg-sbva484-1-e
Design is defaulting to srcset: sources_1
Design is defaulting to constrset: constrs_1
INFO: [Device 21-403] Loading part xczu3eg-sbva484-1-e
Netlist sorting complete. Time (s): cpu = 00:00:00.6 ; elapsed = 00:00:00.6 . Memory (MB): peak = 2612.320 ; gain = 0.000 ; free physical = 37539 ; free virtual = 57692
INFO: [Netlist 29-17] Analyzing 6677 Unisim elements for replacement
INFO: [Netlist 29-28] Unisim Transformation completed in 0 CPU seconds
INFO: [Project 1-479] Netlist was created with Vivado 2022.2
INFO: [Project 1-570] Preparing netlist for logic optimization
Parsing XDC File [/tmp/finn_dev_samu/synth_out_of_context__rkh67y2/results_finn_design_wrapper/finn_design_wrapper.xdc]
Finished Parsing XDC File [/tmp/finn_dev_samu/synth_out_of_context__rkh67y2/results_finn_design_wrapper/finn_design_wrapper.xdc]
INFO: [Opt 31-138] Pushed 0 inverter(s) to 0 load pin(s).
Netlist sorting complete. Time (s): cpu = 00:00:00.01 ; elapsed = 00:00:00.01 . Memory (MB): peak = 2816.820 ; gain = 0.000 ; free physical = 37336 ; free virtual = 57488
INFO: [Project 1-111] Unisim Transformation Summary:
  A total of 396 instances were transformed.
  DSP48E1 => DSP48E2 (DSP_ALU, DSP_A_B_DATA, DSP_C_DATA, DSP_MULTIPLIER, DSP_M_DATA, DSP_OUTPUT, DSP_PREADD, DSP_PREADD_DATA): 1 instance 
  DSP48E2 => DSP48E2 (DSP_ALU, DSP_A_B_DATA, DSP_C_DATA, DSP_MULTIPLIER, DSP_M_DATA, DSP_OUTPUT, DSP_PREADD, DSP_PREADD_DATA): 7 instances
  RAM512X1S => RAM512X1S (MUXF7(x4), MUXF8(x2), MUXF9, RAMS64E1(x8)): 40 instances
  RAM64M8 => RAM64M8 (RAMD64E(x8)): 174 instances
  RAM64X1D => RAM64X1D (RAMD64E(x2)): 174 instances

7 Infos, 0 Warnings, 0 Critical Warnings and 0 Errors encountered.
link_design completed successfully
link_design: Time (s): cpu = 00:00:17 ; elapsed = 00:00:18 . Memory (MB): peak = 2816.820 ; gain = 1122.852 ; free physical = 37336 ; free virtual = 57488
Command: opt_design
Attempting to get a license for feature 'Implementation' and/or device 'xczu3eg'
INFO: [Common 17-349] Got license for feature 'Implementation' and/or device 'xczu3eg'
Running DRC as a precondition to command opt_design

Starting DRC Task
INFO: [DRC 23-27] Running DRC with 8 threads
INFO: [Project 1-461] DRC finished with 0 Errors
INFO: [Project 1-462] Please refer to the DRC report (report_drc) for more information.

Time (s): cpu = 00:00:02 ; elapsed = 00:00:00.83 . Memory (MB): peak = 2912.570 ; gain = 95.750 ; free physical = 37329 ; free virtual = 57482

Starting Cache Timing Information Task
INFO: [Timing 38-35] Done setting XDC timing constraints.
Ending Cache Timing Information Task | Checksum: 1526d87b7

Time (s): cpu = 00:00:07 ; elapsed = 00:00:03 . Memory (MB): peak = 3318.398 ; gain = 405.828 ; free physical = 37063 ; free virtual = 57215

Starting Logic Optimization Task

Phase 1 Retarget
INFO: [Opt 31-1287] Pulled Inverter finn_design_i/ConvolutionInputGenerator_rtl_1/inst/impl/First_elem_next_window0_carry_i_9 into driver instance finn_design_i/ConvolutionInputGenerator_rtl_1/inst/impl/First_elem_next_window0_carry_i_15, which resulted in an inversion of 3 pins
INFO: [Opt 31-1287] Pulled Inverter finn_design_i/MVAU_hls_0/MVAU_hls_0/inst/grp_Matrix_Vector_Activate_Stream_Batch_fu_540/flow_control_loop_pipe_sequential_init_U/icmp_ln249_reg_15130[0]_i_1 into driver instance finn_design_i/MVAU_hls_0/MVAU_hls_0/inst/grp_Matrix_Vector_Activate_Stream_Batch_fu_540/flow_control_loop_pipe_sequential_init_U/icmp_ln249_reg_15130[0]_i_3, which resulted in an inversion of 10 pins
INFO: [Opt 31-1287] Pulled Inverter finn_design_i/MVAU_hls_1/MVAU_hls_1/inst/grp_Matrix_Vector_Activate_Stream_Batch_fu_540/flow_control_loop_pipe_sequential_init_U/icmp_ln249_reg_12342[0]_i_1 into driver instance finn_design_i/MVAU_hls_1/MVAU_hls_1/inst/grp_Matrix_Vector_Activate_Stream_Batch_fu_540/flow_control_loop_pipe_sequential_init_U/i_fu_596[17]_i_4, which resulted in an inversion of 7 pins
INFO: [Opt 31-1287] Pulled Inverter finn_design_i/MVAU_hls_2/MVAU_hls_2/inst/grp_Matrix_Vector_Activate_Stream_Batch_fu_540/flow_control_loop_pipe_sequential_init_U/ap_loop_exit_ready_pp0_iter1_reg_i_2 into driver instance finn_design_i/MVAU_hls_2/MVAU_hls_2/inst/grp_Matrix_Vector_Activate_Stream_Batch_fu_540/flow_control_loop_pipe_sequential_init_U/grp_Matrix_Vector_Activate_Stream_Batch_fu_540_ap_start_reg_i_2, which resulted in an inversion of 9 pins
INFO: [Opt 31-1287] Pulled Inverter finn_design_i/MVAU_hls_2/MVAU_hls_2/inst/grp_Matrix_Vector_Activate_Stream_Batch_fu_540/flow_control_loop_pipe_sequential_init_U/icmp_ln290_reg_15159[0]_i_1 into driver instance finn_design_i/MVAU_hls_2/MVAU_hls_2/inst/grp_Matrix_Vector_Activate_Stream_Batch_fu_540/flow_control_loop_pipe_sequential_init_U/sf_fu_848[31]_i_4, which resulted in an inversion of 4 pins
INFO: [Opt 31-1287] Pulled Inverter finn_design_i/MVAU_hls_5/MVAU_hls_5/inst/grp_Matrix_Vector_Activate_Stream_Batch_fu_540/flow_control_loop_pipe_sequential_init_U/ap_phi_reg_pp0_iter1_inElem_1_reg_5640[7]_i_1 into driver instance finn_design_i/MVAU_hls_5/MVAU_hls_5/inst/grp_Matrix_Vector_Activate_Stream_Batch_fu_540/flow_control_loop_pipe_sequential_init_U/grp_Matrix_Vector_Activate_Stream_Batch_fu_540_ap_start_reg_i_2__0, which resulted in an inversion of 25 pins
INFO: [Opt 31-138] Pushed 9 inverter(s) to 3788 load pin(s).
INFO: [Opt 31-49] Retargeted 0 cell(s).
Phase 1 Retarget | Checksum: 13601530e

Time (s): cpu = 00:00:06 ; elapsed = 00:00:03 . Memory (MB): peak = 3594.094 ; gain = 0.000 ; free physical = 36799 ; free virtual = 56952
INFO: [Opt 31-389] Phase Retarget created 0 cells and removed 15 cells

Phase 2 Constant propagation
INFO: [Opt 31-138] Pushed 0 inverter(s) to 0 load pin(s).
Phase 2 Constant propagation | Checksum: 10c21fd79

Time (s): cpu = 00:00:06 ; elapsed = 00:00:04 . Memory (MB): peak = 3594.094 ; gain = 0.000 ; free physical = 36799 ; free virtual = 56952
INFO: [Opt 31-389] Phase Constant propagation created 0 cells and removed 0 cells

Phase 3 Sweep
Phase 3 Sweep | Checksum: a9f449b6

Time (s): cpu = 00:00:07 ; elapsed = 00:00:05 . Memory (MB): peak = 3594.094 ; gain = 0.000 ; free physical = 36801 ; free virtual = 56954
INFO: [Opt 31-389] Phase Sweep created 0 cells and removed 0 cells

Phase 4 BUFG optimization
INFO: [Opt 31-1077] Phase BUFG optimization inserted 0 global clock buffer(s) for CLOCK_LOW_FANOUT.
Phase 4 BUFG optimization | Checksum: a9f449b6

Time (s): cpu = 00:00:08 ; elapsed = 00:00:05 . Memory (MB): peak = 3626.109 ; gain = 32.016 ; free physical = 36798 ; free virtual = 56950
INFO: [Opt 31-662] Phase BUFG optimization created 0 cells of which 0 are BUFGs and removed 0 cells.

Phase 5 Shift Register Optimization
INFO: [Opt 31-1064] SRL Remap converted 0 SRLs to 0 registers and converted 0 registers of register chains to 0 SRLs
Phase 5 Shift Register Optimization | Checksum: a9f449b6

Time (s): cpu = 00:00:08 ; elapsed = 00:00:06 . Memory (MB): peak = 3626.109 ; gain = 32.016 ; free physical = 36800 ; free virtual = 56953
INFO: [Opt 31-389] Phase Shift Register Optimization created 0 cells and removed 0 cells

Phase 6 Post Processing Netlist
Phase 6 Post Processing Netlist | Checksum: a9f449b6

Time (s): cpu = 00:00:08 ; elapsed = 00:00:06 . Memory (MB): peak = 3626.109 ; gain = 32.016 ; free physical = 36800 ; free virtual = 56953
INFO: [Opt 31-389] Phase Post Processing Netlist created 0 cells and removed 0 cells
Opt_design Change Summary
=========================


-------------------------------------------------------------------------------------------------------------------------
|  Phase                        |  #Cells created  |  #Cells Removed  |  #Constrained objects preventing optimizations  |
-------------------------------------------------------------------------------------------------------------------------
|  Retarget                     |               0  |              15  |                                              0  |
|  Constant propagation         |               0  |               0  |                                              0  |
|  Sweep                        |               0  |               0  |                                              0  |
|  BUFG optimization            |               0  |               0  |                                              0  |
|  Shift Register Optimization  |               0  |               0  |                                              0  |
|  Post Processing Netlist      |               0  |               0  |                                              0  |
-------------------------------------------------------------------------------------------------------------------------



Starting Connectivity Check Task

Time (s): cpu = 00:00:00.15 ; elapsed = 00:00:00.15 . Memory (MB): peak = 3626.109 ; gain = 0.000 ; free physical = 36805 ; free virtual = 56958
Ending Logic Optimization Task | Checksum: 44ccbacb

Time (s): cpu = 00:00:10 ; elapsed = 00:00:08 . Memory (MB): peak = 3626.109 ; gain = 32.016 ; free physical = 36805 ; free virtual = 56958

Starting Power Optimization Task
INFO: [Pwropt 34-132] Skipping clock gating for clocks with a period < 2.00 ns.
INFO: [Timing 38-35] Done setting XDC timing constraints.
Running Vector-less Activity Propagation...
INFO: [Pwropt 34-9] Applying IDT optimizations ...
INFO: [Pwropt 34-10] Applying ODC optimizations ...

Finished Running Vector-less Activity Propagation


Starting PowerOpt Patch Enables Task
INFO: [Pwropt 34-162] WRITE_MODE attribute of 0 BRAM(s) out of a total of 390 has been updated to save power. Run report_power_opt to get a complete listing of the BRAMs updated.
INFO: [Pwropt 34-201] Structural ODC has moved 0 WE to EN ports
Number of BRAM Ports augmented: 0 newly gated: 0 Total Ports: 780
Ending PowerOpt Patch Enables Task | Checksum: 44ccbacb

Time (s): cpu = 00:00:00.89 ; elapsed = 00:00:00.91 . Memory (MB): peak = 4596.816 ; gain = 0.000 ; free physical = 36296 ; free virtual = 56449
Ending Power Optimization Task | Checksum: 44ccbacb

Time (s): cpu = 00:00:44 ; elapsed = 00:00:17 . Memory (MB): peak = 4596.816 ; gain = 970.707 ; free physical = 36418 ; free virtual = 56571

Starting Final Cleanup Task
Ending Final Cleanup Task | Checksum: 44ccbacb

Time (s): cpu = 00:00:00.01 ; elapsed = 00:00:00 . Memory (MB): peak = 4596.816 ; gain = 0.000 ; free physical = 36418 ; free virtual = 56571

Starting Netlist Obfuscation Task
Netlist sorting complete. Time (s): cpu = 00:00:00.01 ; elapsed = 00:00:00.01 . Memory (MB): peak = 4596.816 ; gain = 0.000 ; free physical = 36418 ; free virtual = 56571
Ending Netlist Obfuscation Task | Checksum: 44ccbacb

Time (s): cpu = 00:00:00.01 ; elapsed = 00:00:00.02 . Memory (MB): peak = 4596.816 ; gain = 0.000 ; free physical = 36418 ; free virtual = 56571
INFO: [Common 17-83] Releasing license: Implementation
36 Infos, 0 Warnings, 0 Critical Warnings and 0 Errors encountered.
opt_design completed successfully
opt_design: Time (s): cpu = 00:01:05 ; elapsed = 00:00:31 . Memory (MB): peak = 4596.816 ; gain = 1779.996 ; free physical = 36418 ; free virtual = 56571
INFO: [Timing 38-35] Done setting XDC timing constraints.
INFO: [Timing 38-480] Writing timing data to binary archive.
INFO: [Common 17-1381] The checkpoint '/tmp/finn_dev_samu/synth_out_of_context__rkh67y2/results_finn_design_wrapper/vivadocompile/vivadocompile.runs/impl_1/finn_design_wrapper_opt.dcp' has been generated.
write_checkpoint: Time (s): cpu = 00:00:13 ; elapsed = 00:00:06 . Memory (MB): peak = 4596.816 ; gain = 0.000 ; free physical = 36299 ; free virtual = 56479
INFO: [runtcl-4] Executing : report_drc -file finn_design_wrapper_drc_opted.rpt -pb finn_design_wrapper_drc_opted.pb -rpx finn_design_wrapper_drc_opted.rpx
Command: report_drc -file finn_design_wrapper_drc_opted.rpt -pb finn_design_wrapper_drc_opted.pb -rpx finn_design_wrapper_drc_opted.rpx
INFO: [IP_Flow 19-234] Refreshing IP repositories
INFO: [IP_Flow 19-1704] No user IP repositories specified
INFO: [IP_Flow 19-2313] Loaded Vivado IP repository '/tools/Xilinx/Vivado/2022.2/data/ip'.
INFO: [DRC 23-27] Running DRC with 8 threads
INFO: [Vivado_Tcl 2-168] The results of DRC are in file /tmp/finn_dev_samu/synth_out_of_context__rkh67y2/results_finn_design_wrapper/vivadocompile/vivadocompile.runs/impl_1/finn_design_wrapper_drc_opted.rpt.
report_drc completed successfully
Command: place_design
Attempting to get a license for feature 'Implementation' and/or device 'xczu3eg'
INFO: [Common 17-349] Got license for feature 'Implementation' and/or device 'xczu3eg'
INFO: [DRC 23-27] Running DRC with 8 threads
INFO: [Vivado_Tcl 4-198] DRC finished with 0 Errors
INFO: [Vivado_Tcl 4-199] Please refer to the DRC report (report_drc) for more information.
Running DRC as a precondition to command place_design
INFO: [DRC 23-27] Running DRC with 8 threads
INFO: [Vivado_Tcl 4-198] DRC finished with 0 Errors
INFO: [Vivado_Tcl 4-199] Please refer to the DRC report (report_drc) for more information.

Starting Placer Task
INFO: [Place 30-611] Multithreading enabled for place_design using a maximum of 8 CPUs

Phase 1 Placer Initialization

Phase 1.1 Placer Initialization Netlist Sorting
Netlist sorting complete. Time (s): cpu = 00:00:00.01 ; elapsed = 00:00:00.01 . Memory (MB): peak = 4643.891 ; gain = 0.000 ; free physical = 36089 ; free virtual = 56269
Phase 1.1 Placer Initialization Netlist Sorting | Checksum: 0cbabeb8

Time (s): cpu = 00:00:00.03 ; elapsed = 00:00:00.03 . Memory (MB): peak = 4643.891 ; gain = 0.000 ; free physical = 36089 ; free virtual = 56269
Netlist sorting complete. Time (s): cpu = 00:00:00.02 ; elapsed = 00:00:00.01 . Memory (MB): peak = 4643.891 ; gain = 0.000 ; free physical = 36089 ; free virtual = 56270

Phase 1.2 IO Placement/ Clock Placement/ Build Placer Device
Phase 1.2 IO Placement/ Clock Placement/ Build Placer Device | Checksum: 5c5b455a

Time (s): cpu = 00:00:15 ; elapsed = 00:00:14 . Memory (MB): peak = 4979.391 ; gain = 335.500 ; free physical = 35592 ; free virtual = 55903

Phase 1.3 Build Placer Netlist Model
Phase 1.3 Build Placer Netlist Model | Checksum: f3fe87e2

Time (s): cpu = 00:00:40 ; elapsed = 00:00:25 . Memory (MB): peak = 5011.406 ; gain = 367.516 ; free physical = 35365 ; free virtual = 55678

Phase 1.4 Constrain Clocks/Macros
Phase 1.4 Constrain Clocks/Macros | Checksum: f3fe87e2

Time (s): cpu = 00:00:40 ; elapsed = 00:00:25 . Memory (MB): peak = 5011.406 ; gain = 367.516 ; free physical = 35365 ; free virtual = 55678
Phase 1 Placer Initialization | Checksum: f3fe87e2

Time (s): cpu = 00:00:40 ; elapsed = 00:00:25 . Memory (MB): peak = 5011.406 ; gain = 367.516 ; free physical = 35379 ; free virtual = 55692

Phase 2 Global Placement

Phase 2.1 Floorplanning

Phase 2.1.1 Partition Driven Placement

Phase 2.1.1.1 PBP: Partition Driven Placement
Phase 2.1.1.1 PBP: Partition Driven Placement | Checksum: 158d1ce38

Time (s): cpu = 00:01:28 ; elapsed = 00:00:44 . Memory (MB): peak = 5011.406 ; gain = 367.516 ; free physical = 35549 ; free virtual = 55867

Phase 2.1.1.2 PBP: Clock Region Placement
Phase 2.1.1.2 PBP: Clock Region Placement | Checksum: 158d1ce38

Time (s): cpu = 00:01:28 ; elapsed = 00:00:45 . Memory (MB): peak = 5011.406 ; gain = 367.516 ; free physical = 35550 ; free virtual = 55868

Phase 2.1.1.3 PBP: Discrete Incremental
Phase 2.1.1.3 PBP: Discrete Incremental | Checksum: f5424e27

Time (s): cpu = 00:01:29 ; elapsed = 00:00:45 . Memory (MB): peak = 5011.406 ; gain = 367.516 ; free physical = 35524 ; free virtual = 55843

Phase 2.1.1.4 PBP: Compute Congestion
Phase 2.1.1.4 PBP: Compute Congestion | Checksum: f5424e27

Time (s): cpu = 00:01:30 ; elapsed = 00:00:45 . Memory (MB): peak = 5057.770 ; gain = 413.879 ; free physical = 35419 ; free virtual = 55790

Phase 2.1.1.5 PBP: Macro Placement
Phase 2.1.1.5 PBP: Macro Placement | Checksum: 79bcbf32

Time (s): cpu = 00:01:31 ; elapsed = 00:00:46 . Memory (MB): peak = 5057.770 ; gain = 413.879 ; free physical = 35419 ; free virtual = 55791

Phase 2.1.1.6 PBP: UpdateTiming
Phase 2.1.1.6 PBP: UpdateTiming | Checksum: 9733da0c

Time (s): cpu = 00:01:36 ; elapsed = 00:00:48 . Memory (MB): peak = 5087.785 ; gain = 443.895 ; free physical = 35390 ; free virtual = 55762

Phase 2.1.1.7 PBP: Add part constraints
Phase 2.1.1.7 PBP: Add part constraints | Checksum: 9733da0c

Time (s): cpu = 00:01:36 ; elapsed = 00:00:48 . Memory (MB): peak = 5087.785 ; gain = 443.895 ; free physical = 35390 ; free virtual = 55762
Phase 2.1.1 Partition Driven Placement | Checksum: 9733da0c

Time (s): cpu = 00:01:36 ; elapsed = 00:00:48 . Memory (MB): peak = 5087.785 ; gain = 443.895 ; free physical = 35422 ; free virtual = 55794
Phase 2.1 Floorplanning | Checksum: 7c2aaef7

Time (s): cpu = 00:01:36 ; elapsed = 00:00:48 . Memory (MB): peak = 5087.785 ; gain = 443.895 ; free physical = 35422 ; free virtual = 55794

Phase 2.2 Update Timing before SLR Path Opt
Phase 2.2 Update Timing before SLR Path Opt | Checksum: 7c2aaef7

Time (s): cpu = 00:01:36 ; elapsed = 00:00:48 . Memory (MB): peak = 5087.785 ; gain = 443.895 ; free physical = 35422 ; free virtual = 55794

Phase 2.3 Post-Processing in Floorplanning
Phase 2.3 Post-Processing in Floorplanning | Checksum: 7c2aaef7

Time (s): cpu = 00:01:37 ; elapsed = 00:00:49 . Memory (MB): peak = 5087.785 ; gain = 443.895 ; free physical = 35422 ; free virtual = 55794

Phase 2.4 Global Placement Core

Phase 2.4.1 UpdateTiming Before Physical Synthesis
Phase 2.4.1 UpdateTiming Before Physical Synthesis | Checksum: 17d4b392e

Time (s): cpu = 00:02:55 ; elapsed = 00:01:18 . Memory (MB): peak = 5095.789 ; gain = 451.898 ; free physical = 35327 ; free virtual = 55699

Phase 2.4.2 Physical Synthesis In Placer
INFO: [Physopt 32-1035] Found 0 LUTNM shape to break, 4376 LUT instances to create LUTNM shape
INFO: [Physopt 32-1044] Break lutnm for timing: one critical 0, two critical 0, total 0, new lutff created 0
INFO: [Physopt 32-1138] End 1 Pass. Optimized 1706 nets or LUTs. Breaked 0 LUT, combined 1706 existing LUTs and moved 0 existing LUT
INFO: [Physopt 32-1030] Pass 1. Identified 95 candidate driver sets for equivalent driver rewiring.
INFO: [Physopt 32-661] Optimized 87 nets.  Re-placed 1388 instances.
INFO: [Physopt 32-775] End 1 Pass. Optimized 87 nets or cells. Created 0 new cell, deleted 198 existing cells and moved 1388 existing cells
Netlist sorting complete. Time (s): cpu = 00:00:00.33 ; elapsed = 00:00:00.34 . Memory (MB): peak = 5095.789 ; gain = 0.000 ; free physical = 35373 ; free virtual = 55748
INFO: [Physopt 32-65] No nets found for high-fanout optimization.
INFO: [Physopt 32-232] Optimized 0 net. Created 0 new instance.
INFO: [Physopt 32-775] End 1 Pass. Optimized 0 net or cell. Created 0 new cell, deleted 0 existing cell and moved 0 existing cell
INFO: [Physopt 32-670] No setup violation found.  DSP Register Optimization was not performed.
INFO: [Physopt 32-670] No setup violation found.  Shift Register to Pipeline Optimization was not performed.
INFO: [Physopt 32-670] No setup violation found.  Shift Register Optimization was not performed.
INFO: [Physopt 32-670] No setup violation found.  BRAM Register Optimization was not performed.
INFO: [Physopt 32-670] No setup violation found.  URAM Register Optimization was not performed.
INFO: [Physopt 32-949] No candidate nets found for dynamic/static region interface net replication
INFO: [Physopt 32-775] End 1 Pass. Optimized 0 net or cell. Created 0 new cell, deleted 0 existing cell and moved 0 existing cell
Netlist sorting complete. Time (s): cpu = 00:00:00.01 ; elapsed = 00:00:00.01 . Memory (MB): peak = 5095.789 ; gain = 0.000 ; free physical = 35382 ; free virtual = 55757

Summary of Physical Synthesis Optimizations
============================================


-----------------------------------------------------------------------------------------------------------------------------------------------------------
|  Optimization                                     |  Added Cells  |  Removed Cells  |  Optimized Cells/Nets  |  Dont Touch  |  Iterations  |  Elapsed   |
-----------------------------------------------------------------------------------------------------------------------------------------------------------
|  LUT Combining                                    |            0  |           1706  |                  1706  |           0  |           1  |  00:00:02  |
|  Retime                                           |            0  |              0  |                     0  |           0  |           1  |  00:00:00  |
|  Equivalent Driver Rewiring                       |            0  |            198  |                    87  |           0  |           1  |  00:00:33  |
|  Very High Fanout                                 |            0  |              0  |                     0  |           0  |           1  |  00:00:01  |
|  DSP Register                                     |            0  |              0  |                     0  |           0  |           0  |  00:00:00  |
|  Shift Register to Pipeline                       |            0  |              0  |                     0  |           0  |           0  |  00:00:00  |
|  Shift Register                                   |            0  |              0  |                     0  |           0  |           0  |  00:00:00  |
|  BRAM Register                                    |            0  |              0  |                     0  |           0  |           0  |  00:00:00  |
|  URAM Register                                    |            0  |              0  |                     0  |           0  |           0  |  00:00:00  |
|  Dynamic/Static Region Interface Net Replication  |            0  |              0  |                     0  |           0  |           1  |  00:00:00  |
|  Total                                            |            0  |           1904  |                  1793  |           0  |           5  |  00:00:35  |
-----------------------------------------------------------------------------------------------------------------------------------------------------------


Phase 2.4.2 Physical Synthesis In Placer | Checksum: 253586074

Time (s): cpu = 00:03:37 ; elapsed = 00:01:56 . Memory (MB): peak = 5095.789 ; gain = 451.898 ; free physical = 35332 ; free virtual = 55707
Phase 2.4 Global Placement Core | Checksum: 2967ae403

Time (s): cpu = 00:03:43 ; elapsed = 00:01:58 . Memory (MB): peak = 5095.789 ; gain = 451.898 ; free physical = 35293 ; free virtual = 55668
Phase 2 Global Placement | Checksum: 2967ae403

Time (s): cpu = 00:03:43 ; elapsed = 00:01:58 . Memory (MB): peak = 5095.789 ; gain = 451.898 ; free physical = 35337 ; free virtual = 55712

Phase 3 Detail Placement

Phase 3.1 Commit Multi Column Macros
Phase 3.1 Commit Multi Column Macros | Checksum: 2c66e1a95

Time (s): cpu = 00:03:50 ; elapsed = 00:02:00 . Memory (MB): peak = 5095.789 ; gain = 451.898 ; free physical = 35337 ; free virtual = 55713

Phase 3.2 Commit Most Macros & LUTRAMs
Phase 3.2 Commit Most Macros & LUTRAMs | Checksum: 1e97a1ed1

Time (s): cpu = 00:04:01 ; elapsed = 00:02:05 . Memory (MB): peak = 5095.789 ; gain = 451.898 ; free physical = 35292 ; free virtual = 55667

Phase 3.3 Small Shape DP

Phase 3.3.1 Small Shape Clustering
Phase 3.3.1 Small Shape Clustering | Checksum: 1fd1fc174

Time (s): cpu = 00:04:08 ; elapsed = 00:02:11 . Memory (MB): peak = 5124.262 ; gain = 480.371 ; free physical = 35290 ; free virtual = 55665

Phase 3.3.2 Flow Legalize Slice Clusters
Phase 3.3.2 Flow Legalize Slice Clusters | Checksum: 1fd714161

Time (s): cpu = 00:04:09 ; elapsed = 00:02:11 . Memory (MB): peak = 5124.262 ; gain = 480.371 ; free physical = 35290 ; free virtual = 55666

Phase 3.3.3 Slice Area Swap

Phase 3.3.3.1 Slice Area Swap Initial
Phase 3.3.3.1 Slice Area Swap Initial | Checksum: 1781430a5

Time (s): cpu = 00:04:22 ; elapsed = 00:02:22 . Memory (MB): peak = 5124.262 ; gain = 480.371 ; free physical = 35302 ; free virtual = 55678
Phase 3.3.3 Slice Area Swap | Checksum: 1781430a5

Time (s): cpu = 00:04:22 ; elapsed = 00:02:22 . Memory (MB): peak = 5124.262 ; gain = 480.371 ; free physical = 35306 ; free virtual = 55681
Phase 3.3 Small Shape DP | Checksum: 1c9cb049f

Time (s): cpu = 00:04:43 ; elapsed = 00:02:28 . Memory (MB): peak = 5124.262 ; gain = 480.371 ; free physical = 35301 ; free virtual = 55677

Phase 3.4 Re-assign LUT pins
Phase 3.4 Re-assign LUT pins | Checksum: 26aee3aec

Time (s): cpu = 00:04:48 ; elapsed = 00:02:33 . Memory (MB): peak = 5124.262 ; gain = 480.371 ; free physical = 35305 ; free virtual = 55681

Phase 3.5 Pipeline Register Optimization
Phase 3.5 Pipeline Register Optimization | Checksum: 238a5bbe6

Time (s): cpu = 00:04:48 ; elapsed = 00:02:34 . Memory (MB): peak = 5124.262 ; gain = 480.371 ; free physical = 35312 ; free virtual = 55688
Phase 3 Detail Placement | Checksum: 238a5bbe6

Time (s): cpu = 00:04:49 ; elapsed = 00:02:34 . Memory (MB): peak = 5124.262 ; gain = 480.371 ; free physical = 35312 ; free virtual = 55688

Phase 4 Post Placement Optimization and Clean-Up

Phase 4.1 Post Commit Optimization
INFO: [Timing 38-35] Done setting XDC timing constraints.

Phase 4.1.1 Post Placement Optimization
Post Placement Optimization Initialization | Checksum: 2867b65e5

Phase 4.1.1.1 BUFG Insertion

Starting Physical Synthesis Task

Phase 1 Physical Synthesis Initialization
INFO: [Physopt 32-721] Multithreading enabled for phys_opt_design using a maximum of 8 CPUs
INFO: [Physopt 32-619] Estimated Timing Summary | WNS=1.955 | TNS=0.000 |
Phase 1 Physical Synthesis Initialization | Checksum: 2adb30beb

Time (s): cpu = 00:00:02 ; elapsed = 00:00:00.52 . Memory (MB): peak = 5124.262 ; gain = 0.000 ; free physical = 35303 ; free virtual = 55679
INFO: [Place 46-32] Processed net finn_design_i/MVAU_hls_3/MVAU_hls_3/inst/grp_Matrix_Vector_Activate_Stream_Batch_fu_540/p_ZL7threshs_125_U/E[0], BUFG insertion was skipped because the netlist could not be updated.
INFO: [Place 46-32] Processed net finn_design_i/MVAU_hls_2/MVAU_hls_2/inst/grp_Matrix_Vector_Activate_Stream_Batch_fu_540/p_ZL7threshs_72_U/E[0], BUFG insertion was skipped because the netlist could not be updated.
INFO: [Place 46-32] Processed net finn_design_i/MVAU_hls_0/MVAU_hls_0/inst/grp_Matrix_Vector_Activate_Stream_Batch_fu_540/p_ZL7threshs_253_U/p_ZL7threshs_0_ce0, BUFG insertion was skipped because the netlist could not be updated.
INFO: [Place 46-32] Processed net finn_design_i/MVAU_hls_1/MVAU_hls_1/inst/grp_Matrix_Vector_Activate_Stream_Batch_fu_540/p_ZL7threshs_254_U/E[0], BUFG insertion was skipped because the netlist could not be updated.
INFO: [Place 46-32] Processed net finn_design_i/MVAU_hls_4/MVAU_hls_4/inst/grp_Matrix_Vector_Activate_Stream_Batch_fu_540/p_ZL7threshs_253_U/E[0], BUFG insertion was skipped because the netlist could not be updated.
INFO: [Place 46-32] Processed net finn_design_i/MVAU_hls_5/MVAU_hls_5/inst/grp_Matrix_Vector_Activate_Stream_Batch_fu_540/p_ZL7threshs_101_U/p_ZL7threshs_0_ce0, BUFG insertion was skipped because the netlist could not be updated.
INFO: [Place 46-56] BUFG insertion identified 6 candidate nets. Inserted BUFG: 0, Replicated BUFG Driver: 0, Skipped due to Placement/Routing Conflicts: 0, Skipped due to Timing Degradation: 0, Skipped due to Illegal Netlist: 6.
Ending Physical Synthesis Task | Checksum: 2a8be90d0

Time (s): cpu = 00:00:07 ; elapsed = 00:00:05 . Memory (MB): peak = 5124.262 ; gain = 0.000 ; free physical = 35305 ; free virtual = 55681
Phase 4.1.1.1 BUFG Insertion | Checksum: 2867b65e5

Time (s): cpu = 00:05:28 ; elapsed = 00:02:47 . Memory (MB): peak = 5124.262 ; gain = 480.371 ; free physical = 35306 ; free virtual = 55683

Phase 4.1.1.2 Post Placement Timing Optimization
INFO: [Place 30-746] Post Placement Timing Summary WNS=1.955. For the most accurate timing information please run report_timing.
Phase 4.1.1.2 Post Placement Timing Optimization | Checksum: 212144dfb

Time (s): cpu = 00:05:29 ; elapsed = 00:02:48 . Memory (MB): peak = 5124.262 ; gain = 480.371 ; free physical = 35306 ; free virtual = 55682

Time (s): cpu = 00:05:29 ; elapsed = 00:02:48 . Memory (MB): peak = 5124.262 ; gain = 480.371 ; free physical = 35305 ; free virtual = 55682
Phase 4.1 Post Commit Optimization | Checksum: 212144dfb

Time (s): cpu = 00:05:29 ; elapsed = 00:02:48 . Memory (MB): peak = 5124.262 ; gain = 480.371 ; free physical = 35305 ; free virtual = 55682

Phase 4.2 Post Placement Cleanup
Phase 4.2 Post Placement Cleanup | Checksum: 212144dfb

Time (s): cpu = 00:05:32 ; elapsed = 00:02:51 . Memory (MB): peak = 5177.676 ; gain = 533.785 ; free physical = 35281 ; free virtual = 55657

Phase 4.3 Placer Reporting

Phase 4.3.1 Print Estimated Congestion
INFO: [Place 30-612] Post-Placement Estimated Congestion 
 ________________________________________________________________________
|           | Global Congestion | Long Congestion   | Short Congestion  |
| Direction | Region Size       | Region Size       | Region Size       |
|___________|___________________|___________________|___________________|
|      North|                1x1|                1x1|                4x4|
|___________|___________________|___________________|___________________|
|      South|                1x1|                1x1|                4x4|
|___________|___________________|___________________|___________________|
|       East|                1x1|                1x1|                8x8|
|___________|___________________|___________________|___________________|
|       West|                8x8|                1x1|                8x8|
|___________|___________________|___________________|___________________|

Phase 4.3.1 Print Estimated Congestion | Checksum: 212144dfb

Time (s): cpu = 00:05:33 ; elapsed = 00:02:51 . Memory (MB): peak = 5177.676 ; gain = 533.785 ; free physical = 35291 ; free virtual = 55668
Phase 4.3 Placer Reporting | Checksum: 212144dfb

Time (s): cpu = 00:05:33 ; elapsed = 00:02:52 . Memory (MB): peak = 5177.676 ; gain = 533.785 ; free physical = 35280 ; free virtual = 55656

Phase 4.4 Final Placement Cleanup
Netlist sorting complete. Time (s): cpu = 00:00:00.01 ; elapsed = 00:00:00.01 . Memory (MB): peak = 5177.676 ; gain = 0.000 ; free physical = 35276 ; free virtual = 55653

Time (s): cpu = 00:05:33 ; elapsed = 00:02:52 . Memory (MB): peak = 5177.676 ; gain = 533.785 ; free physical = 35276 ; free virtual = 55653
Phase 4 Post Placement Optimization and Clean-Up | Checksum: 1ff15b29b

Time (s): cpu = 00:05:34 ; elapsed = 00:02:52 . Memory (MB): peak = 5177.676 ; gain = 533.785 ; free physical = 35276 ; free virtual = 55653
Ending Placer Task | Checksum: 1aae02849

Time (s): cpu = 00:05:34 ; elapsed = 00:02:52 . Memory (MB): peak = 5177.676 ; gain = 533.785 ; free physical = 35278 ; free virtual = 55655
INFO: [Common 17-83] Releasing license: Implementation
82 Infos, 0 Warnings, 0 Critical Warnings and 0 Errors encountered.
place_design completed successfully
place_design: Time (s): cpu = 00:05:39 ; elapsed = 00:02:54 . Memory (MB): peak = 5177.676 ; gain = 533.785 ; free physical = 35429 ; free virtual = 55806
INFO: [Timing 38-480] Writing timing data to binary archive.
Writing XDEF routing.
Writing XDEF routing logical nets.
Writing XDEF routing special nets.
Write XDEF Complete: Time (s): cpu = 00:00:14 ; elapsed = 00:00:05 . Memory (MB): peak = 5177.676 ; gain = 0.000 ; free physical = 35261 ; free virtual = 55769
INFO: [Common 17-1381] The checkpoint '/tmp/finn_dev_samu/synth_out_of_context__rkh67y2/results_finn_design_wrapper/vivadocompile/vivadocompile.runs/impl_1/finn_design_wrapper_placed.dcp' has been generated.
write_checkpoint: Time (s): cpu = 00:00:24 ; elapsed = 00:00:11 . Memory (MB): peak = 5177.676 ; gain = 0.000 ; free physical = 35360 ; free virtual = 55775
INFO: [runtcl-4] Executing : report_io -file finn_design_wrapper_io_placed.rpt
report_io: Time (s): cpu = 00:00:00.11 ; elapsed = 00:00:00.24 . Memory (MB): peak = 5177.676 ; gain = 0.000 ; free physical = 35327 ; free virtual = 55742
INFO: [runtcl-4] Executing : report_utilization -file finn_design_wrapper_utilization_placed.rpt -pb finn_design_wrapper_utilization_placed.pb
INFO: [runtcl-4] Executing : report_control_sets -verbose -file finn_design_wrapper_control_sets_placed.rpt
report_control_sets: Time (s): cpu = 00:00:00.24 ; elapsed = 00:00:00.37 . Memory (MB): peak = 5177.676 ; gain = 0.000 ; free physical = 35333 ; free virtual = 55749
Command: phys_opt_design
Attempting to get a license for feature 'Implementation' and/or device 'xczu3eg'
INFO: [Common 17-349] Got license for feature 'Implementation' and/or device 'xczu3eg'

Starting Initial Update Timing Task
WARNING: [Timing 38-242] The property HD.CLK_SRC of clock port "ap_clk" is not set. In out-of-context mode, this prevents timing estimation for clock delay/skew
Resolution: Set the HD.CLK_SRC property of the out-of-context port to the location of the clock buffer instance in the top-level design

Time (s): cpu = 00:00:25 ; elapsed = 00:00:06 . Memory (MB): peak = 5177.676 ; gain = 0.000 ; free physical = 35359 ; free virtual = 55775
INFO: [Vivado_Tcl 4-383] Design worst setup slack (WNS) is greater than or equal to 0.000 ns. Skipping all physical synthesis optimizations.
INFO: [Vivado_Tcl 4-232] No setup violation found. The netlist was not modified.
INFO: [Common 17-83] Releasing license: Implementation
91 Infos, 1 Warnings, 0 Critical Warnings and 0 Errors encountered.
phys_opt_design completed successfully
phys_opt_design: Time (s): cpu = 00:00:26 ; elapsed = 00:00:07 . Memory (MB): peak = 5177.676 ; gain = 0.000 ; free physical = 35359 ; free virtual = 55775
INFO: [Timing 38-480] Writing timing data to binary archive.
Writing XDEF routing.
Writing XDEF routing logical nets.
Writing XDEF routing special nets.
Write XDEF Complete: Time (s): cpu = 00:00:14 ; elapsed = 00:00:05 . Memory (MB): peak = 5177.676 ; gain = 0.000 ; free physical = 35146 ; free virtual = 55694
INFO: [Common 17-1381] The checkpoint '/tmp/finn_dev_samu/synth_out_of_context__rkh67y2/results_finn_design_wrapper/vivadocompile/vivadocompile.runs/impl_1/finn_design_wrapper_physopt.dcp' has been generated.
write_checkpoint: Time (s): cpu = 00:00:17 ; elapsed = 00:00:08 . Memory (MB): peak = 5177.676 ; gain = 0.000 ; free physical = 35267 ; free virtual = 55722
Command: route_design
Attempting to get a license for feature 'Implementation' and/or device 'xczu3eg'
INFO: [Common 17-349] Got license for feature 'Implementation' and/or device 'xczu3eg'
Running DRC as a precondition to command route_design
INFO: [DRC 23-27] Running DRC with 8 threads
INFO: [Vivado_Tcl 4-198] DRC finished with 0 Errors
INFO: [Vivado_Tcl 4-199] Please refer to the DRC report (report_drc) for more information.


Starting Routing Task
INFO: [Route 35-254] Multithreading enabled for route_design using a maximum of 8 CPUs

Phase 1 Build RT Design
Checksum: PlaceDB: c3a82721 ConstDB: 0 ShapeSum: e7380128 RouteDB: 0
Nodegraph reading from file.  Time (s): cpu = 00:00:00.31 ; elapsed = 00:00:00.33 . Memory (MB): peak = 5198.488 ; gain = 0.000 ; free physical = 35112 ; free virtual = 55569
WARNING: [Route 35-197] Clock port "ap_clk" does not have an associated HD.CLK_SRC. Without this constraint, timing analysis may not be accurate and upstream checks cannot be done to ensure correct clock placement.
WARNING: [Route 35-198] Port "ap_rst_n" does not have an associated HD.PARTPIN_LOCS, which will prevent the partial routing of the signal "ap_rst_n". Without this partial route, timing analysis to/from this port will not be accurate, and no routing information for this port can be exported.
WARNING: [Route 35-198] Port "s_axis_0_tdata[103]" does not have an associated HD.PARTPIN_LOCS, which will prevent the partial routing of the signal "s_axis_0_tdata[103]". Without this partial route, timing analysis to/from this port will not be accurate, and no routing information for this port can be exported.
WARNING: [Route 35-198] Port "s_axis_0_tdata[75]" does not have an associated HD.PARTPIN_LOCS, which will prevent the partial routing of the signal "s_axis_0_tdata[75]". Without this partial route, timing analysis to/from this port will not be accurate, and no routing information for this port can be exported.
WARNING: [Route 35-198] Port "s_axis_0_tdata[83]" does not have an associated HD.PARTPIN_LOCS, which will prevent the partial routing of the signal "s_axis_0_tdata[83]". Without this partial route, timing analysis to/from this port will not be accurate, and no routing information for this port can be exported.
WARNING: [Route 35-198] Port "s_axis_0_tdata[98]" does not have an associated HD.PARTPIN_LOCS, which will prevent the partial routing of the signal "s_axis_0_tdata[98]". Without this partial route, timing analysis to/from this port will not be accurate, and no routing information for this port can be exported.
WARNING: [Route 35-198] Port "s_axis_0_tdata[35]" does not have an associated HD.PARTPIN_LOCS, which will prevent the partial routing of the signal "s_axis_0_tdata[35]". Without this partial route, timing analysis to/from this port will not be accurate, and no routing information for this port can be exported.
WARNING: [Route 35-198] Port "s_axis_0_tdata[119]" does not have an associated HD.PARTPIN_LOCS, which will prevent the partial routing of the signal "s_axis_0_tdata[119]". Without this partial route, timing analysis to/from this port will not be accurate, and no routing information for this port can be exported.
WARNING: [Route 35-198] Port "s_axis_0_tdata[89]" does not have an associated HD.PARTPIN_LOCS, which will prevent the partial routing of the signal "s_axis_0_tdata[89]". Without this partial route, timing analysis to/from this port will not be accurate, and no routing information for this port can be exported.
WARNING: [Route 35-198] Port "s_axis_0_tdata[95]" does not have an associated HD.PARTPIN_LOCS, which will prevent the partial routing of the signal "s_axis_0_tdata[95]". Without this partial route, timing analysis to/from this port will not be accurate, and no routing information for this port can be exported.
WARNING: [Route 35-198] Port "s_axis_0_tdata[96]" does not have an associated HD.PARTPIN_LOCS, which will prevent the partial routing of the signal "s_axis_0_tdata[96]". Without this partial route, timing analysis to/from this port will not be accurate, and no routing information for this port can be exported.
WARNING: [Route 35-198] Port "s_axis_0_tdata[111]" does not have an associated HD.PARTPIN_LOCS, which will prevent the partial routing of the signal "s_axis_0_tdata[111]". Without this partial route, timing analysis to/from this port will not be accurate, and no routing information for this port can be exported.
WARNING: [Route 35-198] Port "s_axis_0_tdata[20]" does not have an associated HD.PARTPIN_LOCS, which will prevent the partial routing of the signal "s_axis_0_tdata[20]". Without this partial route, timing analysis to/from this port will not be accurate, and no routing information for this port can be exported.
WARNING: [Route 35-198] Port "s_axis_0_tdata[63]" does not have an associated HD.PARTPIN_LOCS, which will prevent the partial routing of the signal "s_axis_0_tdata[63]". Without this partial route, timing analysis to/from this port will not be accurate, and no routing information for this port can be exported.
WARNING: [Route 35-198] Port "s_axis_0_tdata[88]" does not have an associated HD.PARTPIN_LOCS, which will prevent the partial routing of the signal "s_axis_0_tdata[88]". Without this partial route, timing analysis to/from this port will not be accurate, and no routing information for this port can be exported.
WARNING: [Route 35-198] Port "s_axis_0_tdata[127]" does not have an associated HD.PARTPIN_LOCS, which will prevent the partial routing of the signal "s_axis_0_tdata[127]". Without this partial route, timing analysis to/from this port will not be accurate, and no routing information for this port can be exported.
WARNING: [Route 35-198] Port "s_axis_0_tdata[87]" does not have an associated HD.PARTPIN_LOCS, which will prevent the partial routing of the signal "s_axis_0_tdata[87]". Without this partial route, timing analysis to/from this port will not be accurate, and no routing information for this port can be exported.
WARNING: [Route 35-198] Port "s_axis_0_tdata[10]" does not have an associated HD.PARTPIN_LOCS, which will prevent the partial routing of the signal "s_axis_0_tdata[10]". Without this partial route, timing analysis to/from this port will not be accurate, and no routing information for this port can be exported.
WARNING: [Route 35-198] Port "s_axis_0_tdata[62]" does not have an associated HD.PARTPIN_LOCS, which will prevent the partial routing of the signal "s_axis_0_tdata[62]". Without this partial route, timing analysis to/from this port will not be accurate, and no routing information for this port can be exported.
WARNING: [Route 35-198] Port "s_axis_0_tdata[70]" does not have an associated HD.PARTPIN_LOCS, which will prevent the partial routing of the signal "s_axis_0_tdata[70]". Without this partial route, timing analysis to/from this port will not be accurate, and no routing information for this port can be exported.
WARNING: [Route 35-198] Port "s_axis_0_tdata[104]" does not have an associated HD.PARTPIN_LOCS, which will prevent the partial routing of the signal "s_axis_0_tdata[104]". Without this partial route, timing analysis to/from this port will not be accurate, and no routing information for this port can be exported.
WARNING: [Route 35-198] Port "s_axis_0_tdata[64]" does not have an associated HD.PARTPIN_LOCS, which will prevent the partial routing of the signal "s_axis_0_tdata[64]". Without this partial route, timing analysis to/from this port will not be accurate, and no routing information for this port can be exported.
WARNING: [Route 35-198] Port "s_axis_0_tdata[27]" does not have an associated HD.PARTPIN_LOCS, which will prevent the partial routing of the signal "s_axis_0_tdata[27]". Without this partial route, timing analysis to/from this port will not be accurate, and no routing information for this port can be exported.
WARNING: [Route 35-198] Port "s_axis_0_tdata[34]" does not have an associated HD.PARTPIN_LOCS, which will prevent the partial routing of the signal "s_axis_0_tdata[34]". Without this partial route, timing analysis to/from this port will not be accurate, and no routing information for this port can be exported.
WARNING: [Route 35-198] Port "s_axis_0_tdata[39]" does not have an associated HD.PARTPIN_LOCS, which will prevent the partial routing of the signal "s_axis_0_tdata[39]". Without this partial route, timing analysis to/from this port will not be accurate, and no routing information for this port can be exported.
WARNING: [Route 35-198] Port "s_axis_0_tdata[43]" does not have an associated HD.PARTPIN_LOCS, which will prevent the partial routing of the signal "s_axis_0_tdata[43]". Without this partial route, timing analysis to/from this port will not be accurate, and no routing information for this port can be exported.
WARNING: [Route 35-198] Port "s_axis_0_tdata[112]" does not have an associated HD.PARTPIN_LOCS, which will prevent the partial routing of the signal "s_axis_0_tdata[112]". Without this partial route, timing analysis to/from this port will not be accurate, and no routing information for this port can be exported.
WARNING: [Route 35-198] Port "s_axis_0_tdata[114]" does not have an associated HD.PARTPIN_LOCS, which will prevent the partial routing of the signal "s_axis_0_tdata[114]". Without this partial route, timing analysis to/from this port will not be accurate, and no routing information for this port can be exported.
WARNING: [Route 35-198] Port "s_axis_0_tdata[40]" does not have an associated HD.PARTPIN_LOCS, which will prevent the partial routing of the signal "s_axis_0_tdata[40]". Without this partial route, timing analysis to/from this port will not be accurate, and no routing information for this port can be exported.
WARNING: [Route 35-198] Port "s_axis_0_tdata[66]" does not have an associated HD.PARTPIN_LOCS, which will prevent the partial routing of the signal "s_axis_0_tdata[66]". Without this partial route, timing analysis to/from this port will not be accurate, and no routing information for this port can be exported.
WARNING: [Route 35-198] Port "s_axis_0_tdata[67]" does not have an associated HD.PARTPIN_LOCS, which will prevent the partial routing of the signal "s_axis_0_tdata[67]". Without this partial route, timing analysis to/from this port will not be accurate, and no routing information for this port can be exported.
WARNING: [Route 35-198] Port "s_axis_0_tdata[77]" does not have an associated HD.PARTPIN_LOCS, which will prevent the partial routing of the signal "s_axis_0_tdata[77]". Without this partial route, timing analysis to/from this port will not be accurate, and no routing information for this port can be exported.
WARNING: [Route 35-198] Port "s_axis_0_tdata[74]" does not have an associated HD.PARTPIN_LOCS, which will prevent the partial routing of the signal "s_axis_0_tdata[74]". Without this partial route, timing analysis to/from this port will not be accurate, and no routing information for this port can be exported.
WARNING: [Route 35-198] Port "s_axis_0_tdata[80]" does not have an associated HD.PARTPIN_LOCS, which will prevent the partial routing of the signal "s_axis_0_tdata[80]". Without this partial route, timing analysis to/from this port will not be accurate, and no routing information for this port can be exported.
WARNING: [Route 35-198] Port "s_axis_0_tdata[49]" does not have an associated HD.PARTPIN_LOCS, which will prevent the partial routing of the signal "s_axis_0_tdata[49]". Without this partial route, timing analysis to/from this port will not be accurate, and no routing information for this port can be exported.
WARNING: [Route 35-198] Port "s_axis_0_tdata[71]" does not have an associated HD.PARTPIN_LOCS, which will prevent the partial routing of the signal "s_axis_0_tdata[71]". Without this partial route, timing analysis to/from this port will not be accurate, and no routing information for this port can be exported.
WARNING: [Route 35-198] Port "s_axis_0_tdata[44]" does not have an associated HD.PARTPIN_LOCS, which will prevent the partial routing of the signal "s_axis_0_tdata[44]". Without this partial route, timing analysis to/from this port will not be accurate, and no routing information for this port can be exported.
WARNING: [Route 35-198] Port "s_axis_1_tvalid" does not have an associated HD.PARTPIN_LOCS, which will prevent the partial routing of the signal "s_axis_1_tvalid". Without this partial route, timing analysis to/from this port will not be accurate, and no routing information for this port can be exported.
WARNING: [Route 35-198] Port "s_axis_1_tdata[0]" does not have an associated HD.PARTPIN_LOCS, which will prevent the partial routing of the signal "s_axis_1_tdata[0]". Without this partial route, timing analysis to/from this port will not be accurate, and no routing information for this port can be exported.
WARNING: [Route 35-198] Port "s_axis_0_tdata[102]" does not have an associated HD.PARTPIN_LOCS, which will prevent the partial routing of the signal "s_axis_0_tdata[102]". Without this partial route, timing analysis to/from this port will not be accurate, and no routing information for this port can be exported.
WARNING: [Route 35-198] Port "s_axis_0_tdata[110]" does not have an associated HD.PARTPIN_LOCS, which will prevent the partial routing of the signal "s_axis_0_tdata[110]". Without this partial route, timing analysis to/from this port will not be accurate, and no routing information for this port can be exported.
WARNING: [Route 35-198] Port "s_axis_0_tdata[21]" does not have an associated HD.PARTPIN_LOCS, which will prevent the partial routing of the signal "s_axis_0_tdata[21]". Without this partial route, timing analysis to/from this port will not be accurate, and no routing information for this port can be exported.
WARNING: [Route 35-198] Port "s_axis_0_tdata[76]" does not have an associated HD.PARTPIN_LOCS, which will prevent the partial routing of the signal "s_axis_0_tdata[76]". Without this partial route, timing analysis to/from this port will not be accurate, and no routing information for this port can be exported.
WARNING: [Route 35-198] Port "s_axis_0_tdata[107]" does not have an associated HD.PARTPIN_LOCS, which will prevent the partial routing of the signal "s_axis_0_tdata[107]". Without this partial route, timing analysis to/from this port will not be accurate, and no routing information for this port can be exported.
WARNING: [Route 35-198] Port "s_axis_0_tdata[28]" does not have an associated HD.PARTPIN_LOCS, which will prevent the partial routing of the signal "s_axis_0_tdata[28]". Without this partial route, timing analysis to/from this port will not be accurate, and no routing information for this port can be exported.
WARNING: [Route 35-198] Port "s_axis_0_tdata[81]" does not have an associated HD.PARTPIN_LOCS, which will prevent the partial routing of the signal "s_axis_0_tdata[81]". Without this partial route, timing analysis to/from this port will not be accurate, and no routing information for this port can be exported.
WARNING: [Route 35-198] Port "s_axis_0_tdata[82]" does not have an associated HD.PARTPIN_LOCS, which will prevent the partial routing of the signal "s_axis_0_tdata[82]". Without this partial route, timing analysis to/from this port will not be accurate, and no routing information for this port can be exported.
WARNING: [Route 35-198] Port "s_axis_0_tdata[12]" does not have an associated HD.PARTPIN_LOCS, which will prevent the partial routing of the signal "s_axis_0_tdata[12]". Without this partial route, timing analysis to/from this port will not be accurate, and no routing information for this port can be exported.
WARNING: [Route 35-198] Port "s_axis_0_tdata[32]" does not have an associated HD.PARTPIN_LOCS, which will prevent the partial routing of the signal "s_axis_0_tdata[32]". Without this partial route, timing analysis to/from this port will not be accurate, and no routing information for this port can be exported.
WARNING: [Route 35-198] Port "s_axis_0_tdata[36]" does not have an associated HD.PARTPIN_LOCS, which will prevent the partial routing of the signal "s_axis_0_tdata[36]". Without this partial route, timing analysis to/from this port will not be accurate, and no routing information for this port can be exported.
WARNING: [Route 35-198] Port "s_axis_0_tdata[91]" does not have an associated HD.PARTPIN_LOCS, which will prevent the partial routing of the signal "s_axis_0_tdata[91]". Without this partial route, timing analysis to/from this port will not be accurate, and no routing information for this port can be exported.
WARNING: [Route 35-198] Port "s_axis_0_tdata[51]" does not have an associated HD.PARTPIN_LOCS, which will prevent the partial routing of the signal "s_axis_0_tdata[51]". Without this partial route, timing analysis to/from this port will not be accurate, and no routing information for this port can be exported.
WARNING: [Route 35-198] Port "s_axis_0_tdata[79]" does not have an associated HD.PARTPIN_LOCS, which will prevent the partial routing of the signal "s_axis_0_tdata[79]". Without this partial route, timing analysis to/from this port will not be accurate, and no routing information for this port can be exported.
WARNING: [Route 35-198] Port "s_axis_0_tdata[93]" does not have an associated HD.PARTPIN_LOCS, which will prevent the partial routing of the signal "s_axis_0_tdata[93]". Without this partial route, timing analysis to/from this port will not be accurate, and no routing information for this port can be exported.
WARNING: [Route 35-198] Port "s_axis_0_tdata[9]" does not have an associated HD.PARTPIN_LOCS, which will prevent the partial routing of the signal "s_axis_0_tdata[9]". Without this partial route, timing analysis to/from this port will not be accurate, and no routing information for this port can be exported.
WARNING: [Route 35-198] Port "s_axis_0_tdata[16]" does not have an associated HD.PARTPIN_LOCS, which will prevent the partial routing of the signal "s_axis_0_tdata[16]". Without this partial route, timing analysis to/from this port will not be accurate, and no routing information for this port can be exported.
WARNING: [Route 35-198] Port "s_axis_0_tdata[126]" does not have an associated HD.PARTPIN_LOCS, which will prevent the partial routing of the signal "s_axis_0_tdata[126]". Without this partial route, timing analysis to/from this port will not be accurate, and no routing information for this port can be exported.
WARNING: [Route 35-198] Port "s_axis_0_tdata[50]" does not have an associated HD.PARTPIN_LOCS, which will prevent the partial routing of the signal "s_axis_0_tdata[50]". Without this partial route, timing analysis to/from this port will not be accurate, and no routing information for this port can be exported.
WARNING: [Route 35-198] Port "s_axis_0_tdata[65]" does not have an associated HD.PARTPIN_LOCS, which will prevent the partial routing of the signal "s_axis_0_tdata[65]". Without this partial route, timing analysis to/from this port will not be accurate, and no routing information for this port can be exported.
WARNING: [Route 35-198] Port "s_axis_0_tdata[8]" does not have an associated HD.PARTPIN_LOCS, which will prevent the partial routing of the signal "s_axis_0_tdata[8]". Without this partial route, timing analysis to/from this port will not be accurate, and no routing information for this port can be exported.
WARNING: [Route 35-198] Port "s_axis_1_tdata[5]" does not have an associated HD.PARTPIN_LOCS, which will prevent the partial routing of the signal "s_axis_1_tdata[5]". Without this partial route, timing analysis to/from this port will not be accurate, and no routing information for this port can be exported.
WARNING: [Route 35-198] Port "s_axis_1_tdata[6]" does not have an associated HD.PARTPIN_LOCS, which will prevent the partial routing of the signal "s_axis_1_tdata[6]". Without this partial route, timing analysis to/from this port will not be accurate, and no routing information for this port can be exported.
WARNING: [Route 35-198] Port "s_axis_1_tdata[7]" does not have an associated HD.PARTPIN_LOCS, which will prevent the partial routing of the signal "s_axis_1_tdata[7]". Without this partial route, timing analysis to/from this port will not be accurate, and no routing information for this port can be exported.
WARNING: [Route 35-198] Port "m_axis_0_tready" does not have an associated HD.PARTPIN_LOCS, which will prevent the partial routing of the signal "m_axis_0_tready". Without this partial route, timing analysis to/from this port will not be accurate, and no routing information for this port can be exported.
WARNING: [Route 35-198] Port "s_axis_0_tdata[125]" does not have an associated HD.PARTPIN_LOCS, which will prevent the partial routing of the signal "s_axis_0_tdata[125]". Without this partial route, timing analysis to/from this port will not be accurate, and no routing information for this port can be exported.
WARNING: [Route 35-198] Port "s_axis_0_tdata[59]" does not have an associated HD.PARTPIN_LOCS, which will prevent the partial routing of the signal "s_axis_0_tdata[59]". Without this partial route, timing analysis to/from this port will not be accurate, and no routing information for this port can be exported.
WARNING: [Route 35-198] Port "s_axis_0_tdata[90]" does not have an associated HD.PARTPIN_LOCS, which will prevent the partial routing of the signal "s_axis_0_tdata[90]". Without this partial route, timing analysis to/from this port will not be accurate, and no routing information for this port can be exported.
WARNING: [Route 35-198] Port "s_axis_0_tdata[122]" does not have an associated HD.PARTPIN_LOCS, which will prevent the partial routing of the signal "s_axis_0_tdata[122]". Without this partial route, timing analysis to/from this port will not be accurate, and no routing information for this port can be exported.
WARNING: [Route 35-198] Port "s_axis_0_tdata[48]" does not have an associated HD.PARTPIN_LOCS, which will prevent the partial routing of the signal "s_axis_0_tdata[48]". Without this partial route, timing analysis to/from this port will not be accurate, and no routing information for this port can be exported.
WARNING: [Route 35-198] Port "s_axis_0_tdata[120]" does not have an associated HD.PARTPIN_LOCS, which will prevent the partial routing of the signal "s_axis_0_tdata[120]". Without this partial route, timing analysis to/from this port will not be accurate, and no routing information for this port can be exported.
WARNING: [Route 35-198] Port "s_axis_0_tdata[4]" does not have an associated HD.PARTPIN_LOCS, which will prevent the partial routing of the signal "s_axis_0_tdata[4]". Without this partial route, timing analysis to/from this port will not be accurate, and no routing information for this port can be exported.
WARNING: [Route 35-198] Port "s_axis_0_tdata[56]" does not have an associated HD.PARTPIN_LOCS, which will prevent the partial routing of the signal "s_axis_0_tdata[56]". Without this partial route, timing analysis to/from this port will not be accurate, and no routing information for this port can be exported.
WARNING: [Route 35-198] Port "s_axis_0_tdata[99]" does not have an associated HD.PARTPIN_LOCS, which will prevent the partial routing of the signal "s_axis_0_tdata[99]". Without this partial route, timing analysis to/from this port will not be accurate, and no routing information for this port can be exported.
WARNING: [Route 35-198] Port "s_axis_0_tdata[45]" does not have an associated HD.PARTPIN_LOCS, which will prevent the partial routing of the signal "s_axis_0_tdata[45]". Without this partial route, timing analysis to/from this port will not be accurate, and no routing information for this port can be exported.
WARNING: [Route 35-198] Port "s_axis_0_tdata[109]" does not have an associated HD.PARTPIN_LOCS, which will prevent the partial routing of the signal "s_axis_0_tdata[109]". Without this partial route, timing analysis to/from this port will not be accurate, and no routing information for this port can be exported.
WARNING: [Route 35-198] Port "s_axis_1_tdata[1]" does not have an associated HD.PARTPIN_LOCS, which will prevent the partial routing of the signal "s_axis_1_tdata[1]". Without this partial route, timing analysis to/from this port will not be accurate, and no routing information for this port can be exported.
WARNING: [Route 35-198] Port "s_axis_1_tdata[2]" does not have an associated HD.PARTPIN_LOCS, which will prevent the partial routing of the signal "s_axis_1_tdata[2]". Without this partial route, timing analysis to/from this port will not be accurate, and no routing information for this port can be exported.
WARNING: [Route 35-198] Port "s_axis_1_tdata[3]" does not have an associated HD.PARTPIN_LOCS, which will prevent the partial routing of the signal "s_axis_1_tdata[3]". Without this partial route, timing analysis to/from this port will not be accurate, and no routing information for this port can be exported.
WARNING: [Route 35-198] Port "s_axis_1_tdata[4]" does not have an associated HD.PARTPIN_LOCS, which will prevent the partial routing of the signal "s_axis_1_tdata[4]". Without this partial route, timing analysis to/from this port will not be accurate, and no routing information for this port can be exported.
WARNING: [Route 35-198] Port "s_axis_0_tdata[38]" does not have an associated HD.PARTPIN_LOCS, which will prevent the partial routing of the signal "s_axis_0_tdata[38]". Without this partial route, timing analysis to/from this port will not be accurate, and no routing information for this port can be exported.
WARNING: [Route 35-198] Port "s_axis_0_tdata[46]" does not have an associated HD.PARTPIN_LOCS, which will prevent the partial routing of the signal "s_axis_0_tdata[46]". Without this partial route, timing analysis to/from this port will not be accurate, and no routing information for this port can be exported.
WARNING: [Route 35-198] Port "s_axis_0_tdata[54]" does not have an associated HD.PARTPIN_LOCS, which will prevent the partial routing of the signal "s_axis_0_tdata[54]". Without this partial route, timing analysis to/from this port will not be accurate, and no routing information for this port can be exported.
WARNING: [Route 35-198] Port "s_axis_0_tdata[94]" does not have an associated HD.PARTPIN_LOCS, which will prevent the partial routing of the signal "s_axis_0_tdata[94]". Without this partial route, timing analysis to/from this port will not be accurate, and no routing information for this port can be exported.
WARNING: [Route 35-198] Port "s_axis_0_tdata[101]" does not have an associated HD.PARTPIN_LOCS, which will prevent the partial routing of the signal "s_axis_0_tdata[101]". Without this partial route, timing analysis to/from this port will not be accurate, and no routing information for this port can be exported.
WARNING: [Route 35-198] Port "s_axis_0_tdata[53]" does not have an associated HD.PARTPIN_LOCS, which will prevent the partial routing of the signal "s_axis_0_tdata[53]". Without this partial route, timing analysis to/from this port will not be accurate, and no routing information for this port can be exported.
WARNING: [Route 35-198] Port "s_axis_0_tdata[72]" does not have an associated HD.PARTPIN_LOCS, which will prevent the partial routing of the signal "s_axis_0_tdata[72]". Without this partial route, timing analysis to/from this port will not be accurate, and no routing information for this port can be exported.
WARNING: [Route 35-198] Port "s_axis_0_tdata[24]" does not have an associated HD.PARTPIN_LOCS, which will prevent the partial routing of the signal "s_axis_0_tdata[24]". Without this partial route, timing analysis to/from this port will not be accurate, and no routing information for this port can be exported.
WARNING: [Route 35-198] Port "s_axis_0_tvalid" does not have an associated HD.PARTPIN_LOCS, which will prevent the partial routing of the signal "s_axis_0_tvalid". Without this partial route, timing analysis to/from this port will not be accurate, and no routing information for this port can be exported.
WARNING: [Route 35-198] Port "s_axis_0_tdata[117]" does not have an associated HD.PARTPIN_LOCS, which will prevent the partial routing of the signal "s_axis_0_tdata[117]". Without this partial route, timing analysis to/from this port will not be accurate, and no routing information for this port can be exported.
WARNING: [Route 35-198] Port "s_axis_0_tdata[69]" does not have an associated HD.PARTPIN_LOCS, which will prevent the partial routing of the signal "s_axis_0_tdata[69]". Without this partial route, timing analysis to/from this port will not be accurate, and no routing information for this port can be exported.
WARNING: [Route 35-198] Port "s_axis_0_tdata[85]" does not have an associated HD.PARTPIN_LOCS, which will prevent the partial routing of the signal "s_axis_0_tdata[85]". Without this partial route, timing analysis to/from this port will not be accurate, and no routing information for this port can be exported.
WARNING: [Route 35-198] Port "s_axis_0_tdata[61]" does not have an associated HD.PARTPIN_LOCS, which will prevent the partial routing of the signal "s_axis_0_tdata[61]". Without this partial route, timing analysis to/from this port will not be accurate, and no routing information for this port can be exported.
WARNING: [Route 35-198] Port "s_axis_0_tdata[41]" does not have an associated HD.PARTPIN_LOCS, which will prevent the partial routing of the signal "s_axis_0_tdata[41]". Without this partial route, timing analysis to/from this port will not be accurate, and no routing information for this port can be exported.
WARNING: [Route 35-198] Port "s_axis_0_tdata[42]" does not have an associated HD.PARTPIN_LOCS, which will prevent the partial routing of the signal "s_axis_0_tdata[42]". Without this partial route, timing analysis to/from this port will not be accurate, and no routing information for this port can be exported.
WARNING: [Route 35-198] Port "s_axis_0_tdata[55]" does not have an associated HD.PARTPIN_LOCS, which will prevent the partial routing of the signal "s_axis_0_tdata[55]". Without this partial route, timing analysis to/from this port will not be accurate, and no routing information for this port can be exported.
WARNING: [Route 35-198] Port "s_axis_0_tdata[57]" does not have an associated HD.PARTPIN_LOCS, which will prevent the partial routing of the signal "s_axis_0_tdata[57]". Without this partial route, timing analysis to/from this port will not be accurate, and no routing information for this port can be exported.
WARNING: [Route 35-198] Port "s_axis_0_tdata[73]" does not have an associated HD.PARTPIN_LOCS, which will prevent the partial routing of the signal "s_axis_0_tdata[73]". Without this partial route, timing analysis to/from this port will not be accurate, and no routing information for this port can be exported.
WARNING: [Route 35-198] Port "s_axis_0_tdata[97]" does not have an associated HD.PARTPIN_LOCS, which will prevent the partial routing of the signal "s_axis_0_tdata[97]". Without this partial route, timing analysis to/from this port will not be accurate, and no routing information for this port can be exported.
WARNING: [Route 35-198] Port "s_axis_0_tdata[11]" does not have an associated HD.PARTPIN_LOCS, which will prevent the partial routing of the signal "s_axis_0_tdata[11]". Without this partial route, timing analysis to/from this port will not be accurate, and no routing information for this port can be exported.
WARNING: [Route 35-198] Port "s_axis_0_tdata[31]" does not have an associated HD.PARTPIN_LOCS, which will prevent the partial routing of the signal "s_axis_0_tdata[31]". Without this partial route, timing analysis to/from this port will not be accurate, and no routing information for this port can be exported.
WARNING: [Route 35-198] Port "s_axis_0_tdata[37]" does not have an associated HD.PARTPIN_LOCS, which will prevent the partial routing of the signal "s_axis_0_tdata[37]". Without this partial route, timing analysis to/from this port will not be accurate, and no routing information for this port can be exported.
INFO: [Common 17-14] Message 'Route 35-198' appears 100 times and further instances of the messages will be disabled. Use the Tcl command set_msg_config to change the current settings.
Post Restoration Checksum: NetGraph: e2f8caf4 NumContArr: e444accb Constraints: 0 Timing: 0
Phase 1 Build RT Design | Checksum: 1c73d77bf

Time (s): cpu = 00:00:47 ; elapsed = 00:00:10 . Memory (MB): peak = 5198.488 ; gain = 0.000 ; free physical = 35187 ; free virtual = 55645

Phase 2 Router Initialization

Phase 2.1 Fix Topology Constraints
Phase 2.1 Fix Topology Constraints | Checksum: 1c73d77bf

Time (s): cpu = 00:00:47 ; elapsed = 00:00:10 . Memory (MB): peak = 5198.488 ; gain = 0.000 ; free physical = 35159 ; free virtual = 55618

Phase 2.2 Pre Route Cleanup
Phase 2.2 Pre Route Cleanup | Checksum: 1c73d77bf

Time (s): cpu = 00:00:47 ; elapsed = 00:00:10 . Memory (MB): peak = 5198.488 ; gain = 0.000 ; free physical = 35155 ; free virtual = 55614

Phase 2.3 Global Clock Net Routing
Phase 2.3 Global Clock Net Routing | Checksum: 1c73d77bf

Time (s): cpu = 00:00:50 ; elapsed = 00:00:11 . Memory (MB): peak = 5198.488 ; gain = 0.000 ; free physical = 35082 ; free virtual = 55541

Phase 2.4 Update Timing
Phase 2.4 Update Timing | Checksum: 2a1567303

Time (s): cpu = 00:01:07 ; elapsed = 00:00:18 . Memory (MB): peak = 5198.488 ; gain = 0.000 ; free physical = 35105 ; free virtual = 55565
INFO: [Route 35-416] Intermediate Timing Summary | WNS=2.175  | TNS=0.000  | WHS=-0.002 | THS=-0.005 |


Router Utilization Summary
  Global Vertical Routing Utilization    = 0 %
  Global Horizontal Routing Utilization  = 0 %
  Routable Net Status*
  *Does not include unroutable nets such as driverless and loadless.
  Run report_route_status for detailed report.
  Number of Failed Nets               = 73104
    (Failed Nets is the sum of unrouted and partially routed nets)
  Number of Unrouted Nets             = 67195
  Number of Partially Routed Nets     = 5909
  Number of Node Overlaps             = 0

Phase 2 Router Initialization | Checksum: 23db9450d

Time (s): cpu = 00:01:33 ; elapsed = 00:00:27 . Memory (MB): peak = 5247.691 ; gain = 49.203 ; free physical = 35008 ; free virtual = 55469

Phase 3 Initial Routing

Phase 3.1 Global Routing
Phase 3.1 Global Routing | Checksum: 23db9450d

Time (s): cpu = 00:01:33 ; elapsed = 00:00:28 . Memory (MB): peak = 5247.691 ; gain = 49.203 ; free physical = 35004 ; free virtual = 55465
Phase 3 Initial Routing | Checksum: 1780ad997

Time (s): cpu = 00:02:03 ; elapsed = 00:00:38 . Memory (MB): peak = 5294.691 ; gain = 96.203 ; free physical = 35044 ; free virtual = 55505

Phase 4 Rip-up And Reroute

Phase 4.1 Global Iteration 0
 Number of Nodes with overlaps = 21857
INFO: [Route 35-443] CLB routing congestion detected. Several CLBs have high routing utilization, which can impact timing closure. Congested CLBs and Nets are dumped in: iter_7_CongestedCLBsAndNets.txt
 Number of Nodes with overlaps = 1347
 Number of Nodes with overlaps = 167
 Number of Nodes with overlaps = 34
 Number of Nodes with overlaps = 17
 Number of Nodes with overlaps = 4
 Number of Nodes with overlaps = 1
 Number of Nodes with overlaps = 1
 Number of Nodes with overlaps = 1
 Number of Nodes with overlaps = 0
INFO: [Route 35-416] Intermediate Timing Summary | WNS=1.774  | TNS=0.000  | WHS=0.019  | THS=0.000  |

Phase 4.1 Global Iteration 0 | Checksum: e10f0e0b

Time (s): cpu = 00:05:32 ; elapsed = 00:02:28 . Memory (MB): peak = 5294.691 ; gain = 96.203 ; free physical = 34807 ; free virtual = 55308

Phase 4.2 Additional Iteration for Hold
Phase 4.2 Additional Iteration for Hold | Checksum: 144023c1e

Time (s): cpu = 00:05:32 ; elapsed = 00:02:28 . Memory (MB): peak = 5294.691 ; gain = 96.203 ; free physical = 34800 ; free virtual = 55302
Phase 4 Rip-up And Reroute | Checksum: 144023c1e

Time (s): cpu = 00:05:33 ; elapsed = 00:02:28 . Memory (MB): peak = 5294.691 ; gain = 96.203 ; free physical = 34800 ; free virtual = 55302

Phase 5 Delay and Skew Optimization

Phase 5.1 Delay CleanUp
Phase 5.1 Delay CleanUp | Checksum: 144023c1e

Time (s): cpu = 00:05:33 ; elapsed = 00:02:29 . Memory (MB): peak = 5294.691 ; gain = 96.203 ; free physical = 34800 ; free virtual = 55302

Phase 5.2 Clock Skew Optimization
Phase 5.2 Clock Skew Optimization | Checksum: 144023c1e

Time (s): cpu = 00:05:33 ; elapsed = 00:02:29 . Memory (MB): peak = 5294.691 ; gain = 96.203 ; free physical = 34800 ; free virtual = 55302
Phase 5 Delay and Skew Optimization | Checksum: 144023c1e

Time (s): cpu = 00:05:34 ; elapsed = 00:02:29 . Memory (MB): peak = 5294.691 ; gain = 96.203 ; free physical = 34800 ; free virtual = 55302

Phase 6 Post Hold Fix

Phase 6.1 Hold Fix Iter

Phase 6.1.1 Update Timing
Phase 6.1.1 Update Timing | Checksum: 13a97551c

Time (s): cpu = 00:05:51 ; elapsed = 00:02:35 . Memory (MB): peak = 5294.691 ; gain = 96.203 ; free physical = 34802 ; free virtual = 55304
INFO: [Route 35-416] Intermediate Timing Summary | WNS=1.774  | TNS=0.000  | WHS=0.019  | THS=0.000  |

Phase 6.1 Hold Fix Iter | Checksum: 13a97551c

Time (s): cpu = 00:05:51 ; elapsed = 00:02:35 . Memory (MB): peak = 5294.691 ; gain = 96.203 ; free physical = 34802 ; free virtual = 55304
Phase 6 Post Hold Fix | Checksum: 13a97551c

Time (s): cpu = 00:05:51 ; elapsed = 00:02:36 . Memory (MB): peak = 5294.691 ; gain = 96.203 ; free physical = 34802 ; free virtual = 55304

Phase 7 Route finalize

Router Utilization Summary
  Global Vertical Routing Utilization    = 21.7404 %
  Global Horizontal Routing Utilization  = 23.0109 %
  Routable Net Status*
  *Does not include unroutable nets such as driverless and loadless.
  Run report_route_status for detailed report.
  Number of Failed Nets               = 0
    (Failed Nets is the sum of unrouted and partially routed nets)
  Number of Unrouted Nets             = 0
  Number of Partially Routed Nets     = 0
  Number of Node Overlaps             = 0

Phase 7 Route finalize | Checksum: 19ffc3951

Time (s): cpu = 00:05:52 ; elapsed = 00:02:36 . Memory (MB): peak = 5294.691 ; gain = 96.203 ; free physical = 34803 ; free virtual = 55305

Phase 8 Verifying routed nets

 Verification completed successfully
Phase 8 Verifying routed nets | Checksum: 19ffc3951

Time (s): cpu = 00:05:53 ; elapsed = 00:02:37 . Memory (MB): peak = 5294.691 ; gain = 96.203 ; free physical = 34795 ; free virtual = 55297

Phase 9 Depositing Routes
Phase 9 Depositing Routes | Checksum: 19ffc3951

Time (s): cpu = 00:06:00 ; elapsed = 00:02:42 . Memory (MB): peak = 5310.699 ; gain = 112.211 ; free physical = 34586 ; free virtual = 55216

Phase 10 Resolve XTalk
Phase 10 Resolve XTalk | Checksum: 19ffc3951

Time (s): cpu = 00:06:01 ; elapsed = 00:02:43 . Memory (MB): peak = 5310.699 ; gain = 112.211 ; free physical = 34551 ; free virtual = 55197

Phase 11 Post Router Timing
INFO: [Route 35-57] Estimated Timing Summary | WNS=1.774  | TNS=0.000  | WHS=0.019  | THS=0.000  |

INFO: [Route 35-327] The final timing numbers are based on the router estimated timing analysis. For a complete and accurate timing signoff, please run report_timing_summary.
Phase 11 Post Router Timing | Checksum: 19ffc3951

Time (s): cpu = 00:06:05 ; elapsed = 00:02:44 . Memory (MB): peak = 5310.699 ; gain = 112.211 ; free physical = 34518 ; free virtual = 55185
INFO: [Route 35-16] Router Completed Successfully

Time (s): cpu = 00:06:05 ; elapsed = 00:02:44 . Memory (MB): peak = 5310.699 ; gain = 112.211 ; free physical = 34579 ; free virtual = 55249

Routing Is Done.
INFO: [Common 17-83] Releasing license: Implementation
107 Infos, 102 Warnings, 0 Critical Warnings and 0 Errors encountered.
route_design completed successfully
route_design: Time (s): cpu = 00:06:13 ; elapsed = 00:02:48 . Memory (MB): peak = 5310.699 ; gain = 133.023 ; free physical = 34569 ; free virtual = 55242
INFO: [Timing 38-480] Writing timing data to binary archive.
Writing XDEF routing.
Writing XDEF routing logical nets.
Writing XDEF routing special nets.
Write XDEF Complete: Time (s): cpu = 00:00:15 ; elapsed = 00:00:06 . Memory (MB): peak = 5310.699 ; gain = 0.000 ; free physical = 33867 ; free virtual = 54817
INFO: [Common 17-1381] The checkpoint '/tmp/finn_dev_samu/synth_out_of_context__rkh67y2/results_finn_design_wrapper/vivadocompile/vivadocompile.runs/impl_1/finn_design_wrapper_routed.dcp' has been generated.
write_checkpoint: Time (s): cpu = 00:00:30 ; elapsed = 00:00:14 . Memory (MB): peak = 5318.703 ; gain = 8.004 ; free physical = 33882 ; free virtual = 54758
INFO: [runtcl-4] Executing : report_drc -file finn_design_wrapper_drc_routed.rpt -pb finn_design_wrapper_drc_routed.pb -rpx finn_design_wrapper_drc_routed.rpx
Command: report_drc -file finn_design_wrapper_drc_routed.rpt -pb finn_design_wrapper_drc_routed.pb -rpx finn_design_wrapper_drc_routed.rpx
INFO: [IP_Flow 19-1839] IP Catalog is up to date.
INFO: [DRC 23-27] Running DRC with 8 threads
INFO: [Vivado_Tcl 2-168] The results of DRC are in file /tmp/finn_dev_samu/synth_out_of_context__rkh67y2/results_finn_design_wrapper/vivadocompile/vivadocompile.runs/impl_1/finn_design_wrapper_drc_routed.rpt.
report_drc completed successfully
INFO: [runtcl-4] Executing : report_methodology -file finn_design_wrapper_methodology_drc_routed.rpt -pb finn_design_wrapper_methodology_drc_routed.pb -rpx finn_design_wrapper_methodology_drc_routed.rpx
Command: report_methodology -file finn_design_wrapper_methodology_drc_routed.rpt -pb finn_design_wrapper_methodology_drc_routed.pb -rpx finn_design_wrapper_methodology_drc_routed.rpx
INFO: [Timing 38-35] Done setting XDC timing constraints.
WARNING: [Timing 38-242] The property HD.CLK_SRC of clock port "ap_clk" is not set. In out-of-context mode, this prevents timing estimation for clock delay/skew
Resolution: Set the HD.CLK_SRC property of the out-of-context port to the location of the clock buffer instance in the top-level design
INFO: [DRC 23-133] Running Methodology with 8 threads
INFO: [Vivado_Tcl 2-1520] The results of Report Methodology are in file /tmp/finn_dev_samu/synth_out_of_context__rkh67y2/results_finn_design_wrapper/vivadocompile/vivadocompile.runs/impl_1/finn_design_wrapper_methodology_drc_routed.rpt.
report_methodology completed successfully
report_methodology: Time (s): cpu = 00:00:42 ; elapsed = 00:00:11 . Memory (MB): peak = 5423.020 ; gain = 0.000 ; free physical = 33870 ; free virtual = 54747
INFO: [runtcl-4] Executing : report_power -file finn_design_wrapper_power_routed.rpt -pb finn_design_wrapper_power_summary_routed.pb -rpx finn_design_wrapper_power_routed.rpx
Command: report_power -file finn_design_wrapper_power_routed.rpt -pb finn_design_wrapper_power_summary_routed.pb -rpx finn_design_wrapper_power_routed.rpx
INFO: [Timing 38-35] Done setting XDC timing constraints.
Running Vector-less Activity Propagation...

Finished Running Vector-less Activity Propagation
WARNING: [Power 33-332] Found switching activity that implies high-fanout reset nets being asserted for excessive periods of time which may result in inaccurate power analysis.
Resolution: To review and fix problems, please run Power Constraints Advisor in the GUI from Tools > Power Constraints Advisor or run report_power with the -advisory option to generate a text report.
119 Infos, 104 Warnings, 0 Critical Warnings and 0 Errors encountered.
report_power completed successfully
report_power: Time (s): cpu = 00:00:40 ; elapsed = 00:00:13 . Memory (MB): peak = 5455.039 ; gain = 32.020 ; free physical = 33763 ; free virtual = 54653
INFO: [runtcl-4] Executing : report_route_status -file finn_design_wrapper_route_status.rpt -pb finn_design_wrapper_route_status.pb
INFO: [runtcl-4] Executing : report_timing_summary -max_paths 10 -report_unconstrained -file finn_design_wrapper_timing_summary_routed.rpt -pb finn_design_wrapper_timing_summary_routed.pb -rpx finn_design_wrapper_timing_summary_routed.rpx -warn_on_violation 
INFO: [Timing 38-91] UpdateTimingParams: Speed grade: -1, Temperature grade: E, Delay Type: min_max.
INFO: [Timing 38-191] Multithreading enabled for timing update using a maximum of 8 CPUs
INFO: [runtcl-4] Executing : report_incremental_reuse -file finn_design_wrapper_incremental_reuse_routed.rpt
INFO: [Vivado_Tcl 4-1062] Incremental flow is disabled. No incremental reuse Info to report.
INFO: [runtcl-4] Executing : report_clock_utilization -file finn_design_wrapper_clock_utilization_routed.rpt
INFO: [runtcl-4] Executing : report_bus_skew -warn_on_violation -file finn_design_wrapper_bus_skew_routed.rpt -pb finn_design_wrapper_bus_skew_routed.pb -rpx finn_design_wrapper_bus_skew_routed.rpx
INFO: [Timing 38-91] UpdateTimingParams: Speed grade: -1, Temperature grade: E, Delay Type: min_max.
INFO: [Timing 38-191] Multithreading enabled for timing update using a maximum of 8 CPUs
INFO: [Common 17-206] Exiting Vivado at Tue Jun  9 01:30:24 2026...
