Copyright 1986-2022 Xilinx, Inc. All Rights Reserved.
---------------------------------------------------------------------------------------------------------------------------------
| Tool Version : Vivado v.2022.2 (lin64) Build 3671981 Fri Oct 14 04:59:54 MDT 2022
| Date         : Tue Jun  9 01:22:10 2026
| Host         : finn_dev_samu running 64-bit Ubuntu 22.04.1 LTS
| Command      : report_utilization -file finn_design_wrapper_utilization_synth.rpt -pb finn_design_wrapper_utilization_synth.pb
| Design       : finn_design_wrapper
| Device       : xczu3eg-sbva484-1-e
| Speed File   : -1
| Design State : Synthesized
---------------------------------------------------------------------------------------------------------------------------------

Utilization Design Information

Table of Contents
-----------------
1. CLB Logic
1.1 Summary of Registers by Type
2. BLOCKRAM
3. ARITHMETIC
4. I/O
5. CLOCK
6. ADVANCED
7. CONFIGURATION
8. Primitives
9. Black Boxes
10. Instantiated Netlists

1. CLB Logic
------------

+----------------------------+-------+-------+------------+-----------+-------+
|          Site Type         |  Used | Fixed | Prohibited | Available | Util% |
+----------------------------+-------+-------+------------+-----------+-------+
| CLB LUTs*                  | 63816 |     0 |          0 |     70560 | 90.44 |
|   LUT as Logic             | 61725 |     0 |          0 |     70560 | 87.48 |
|   LUT as Memory            |  2091 |     0 |          0 |     28800 |  7.26 |
|     LUT as Distributed RAM |  2060 |     0 |            |           |       |
|     LUT as Shift Register  |    31 |     0 |            |           |       |
| CLB Registers              | 52072 |     0 |          0 |    141120 | 36.90 |
|   Register as Flip Flop    | 52072 |     0 |          0 |    141120 | 36.90 |
|   Register as Latch        |     0 |     0 |          0 |    141120 |  0.00 |
| CARRY8                     |  3777 |     0 |          0 |      8820 | 42.82 |
| F7 Muxes                   |  1864 |     0 |          0 |     35280 |  5.28 |
| F8 Muxes                   |   880 |     0 |          0 |     17640 |  4.99 |
| F9 Muxes                   |    40 |     0 |          0 |      8820 |  0.45 |
+----------------------------+-------+-------+------------+-----------+-------+
* Warning! The Final LUT count, after physical optimizations and full implementation, is typically lower. Run opt_design after synthesis, if not already completed, for a more realistic count.
Warning! LUT value is adjusted to account for LUT combining.


1.1 Summary of Registers by Type
--------------------------------

+-------+--------------+-------------+--------------+
| Total | Clock Enable | Synchronous | Asynchronous |
+-------+--------------+-------------+--------------+
| 0     |            _ |           - |            - |
| 0     |            _ |           - |          Set |
| 0     |            _ |           - |        Reset |
| 0     |            _ |         Set |            - |
| 0     |            _ |       Reset |            - |
| 0     |          Yes |           - |            - |
| 0     |          Yes |           - |          Set |
| 0     |          Yes |           - |        Reset |
| 309   |          Yes |         Set |            - |
| 51763 |          Yes |       Reset |            - |
+-------+--------------+-------------+--------------+


2. BLOCKRAM
-----------

+-------------------+------+-------+------------+-----------+-------+
|     Site Type     | Used | Fixed | Prohibited | Available | Util% |
+-------------------+------+-------+------------+-----------+-------+
| Block RAM Tile    |  207 |     0 |          0 |       216 | 95.83 |
|   RAMB36/FIFO*    |   24 |     0 |          0 |       216 | 11.11 |
|     RAMB36E2 only |   24 |       |            |           |       |
|   RAMB18          |  366 |     0 |          0 |       432 | 84.72 |
|     RAMB18E2 only |  366 |       |            |           |       |
+-------------------+------+-------+------------+-----------+-------+
* Note: Each Block RAM Tile only has one FIFO logic available and therefore can accommodate only one FIFO36E2 or one FIFO18E2. However, if a FIFO18E2 occupies a Block RAM Tile, that tile can still accommodate a RAMB18E2


3. ARITHMETIC
-------------

+----------------+------+-------+------------+-----------+-------+
|    Site Type   | Used | Fixed | Prohibited | Available | Util% |
+----------------+------+-------+------------+-----------+-------+
| DSPs           |    8 |     0 |          0 |       360 |  2.22 |
|   DSP48E2 only |    8 |       |            |           |       |
+----------------+------+-------+------------+-----------+-------+


4. I/O
------

+------------+------+-------+------------+-----------+-------+
|  Site Type | Used | Fixed | Prohibited | Available | Util% |
+------------+------+-------+------------+-----------+-------+
| Bonded IOB |    0 |     0 |          0 |        82 |  0.00 |
+------------+------+-------+------------+-----------+-------+


5. CLOCK
--------

+----------------------+------+-------+------------+-----------+-------+
|       Site Type      | Used | Fixed | Prohibited | Available | Util% |
+----------------------+------+-------+------------+-----------+-------+
| GLOBAL CLOCK BUFFERs |    0 |     0 |          0 |       196 |  0.00 |
|   BUFGCE             |    0 |     0 |          0 |        88 |  0.00 |
|   BUFGCE_DIV         |    0 |     0 |          0 |        12 |  0.00 |
|   BUFG_PS            |    0 |     0 |          0 |        72 |  0.00 |
|   BUFGCTRL*          |    0 |     0 |          0 |        24 |  0.00 |
| PLL                  |    0 |     0 |          0 |         6 |  0.00 |
| MMCM                 |    0 |     0 |          0 |         3 |  0.00 |
+----------------------+------+-------+------------+-----------+-------+
* Note: Each used BUFGCTRL counts as two GLOBAL CLOCK BUFFERs. This table does not include global clocking resources, only buffer cell usage. See the Clock Utilization Report (report_clock_utilization) for detailed accounting of global clocking resource availability.


6. ADVANCED
-----------

+-----------+------+-------+------------+-----------+-------+
| Site Type | Used | Fixed | Prohibited | Available | Util% |
+-----------+------+-------+------------+-----------+-------+
| PS8       |    0 |     0 |          0 |         1 |  0.00 |
| SYSMONE4  |    0 |     0 |          0 |         1 |  0.00 |
+-----------+------+-------+------------+-----------+-------+


7. CONFIGURATION
----------------

+-------------+------+-------+------------+-----------+-------+
|  Site Type  | Used | Fixed | Prohibited | Available | Util% |
+-------------+------+-------+------------+-----------+-------+
| BSCANE2     |    0 |     0 |          0 |         4 |  0.00 |
| DNA_PORTE2  |    0 |     0 |          0 |         1 |  0.00 |
| EFUSE_USR   |    0 |     0 |          0 |         1 |  0.00 |
| FRAME_ECCE4 |    0 |     0 |          0 |         1 |  0.00 |
| ICAPE3      |    0 |     0 |          0 |         2 |  0.00 |
| MASTER_JTAG |    0 |     0 |          0 |         1 |  0.00 |
| STARTUPE3   |    0 |     0 |          0 |         1 |  0.00 |
+-------------+------+-------+------------+-----------+-------+


8. Primitives
-------------

+----------+-------+---------------------+
| Ref Name |  Used | Functional Category |
+----------+-------+---------------------+
| FDRE     | 51763 |            Register |
| LUT4     | 34759 |                 CLB |
| LUT5     | 18125 |                 CLB |
| LUT6     | 13335 |                 CLB |
| LUT3     |  8452 |                 CLB |
| CARRY8   |  3777 |                 CLB |
| LUT2     |  3307 |                 CLB |
| MUXF7    |  1864 |                 CLB |
| RAMD64E  |  1740 |                 CLB |
| MUXF8    |   880 |                 CLB |
| LUT1     |   569 |                 CLB |
| RAMB18E2 |   366 |            BLOCKRAM |
| RAMS64E1 |   320 |                 CLB |
| FDSE     |   309 |            Register |
| MUXF9    |    40 |                 CLB |
| SRLC32E  |    24 |                 CLB |
| RAMB36E2 |    24 |            BLOCKRAM |
| DSP48E2  |     8 |          Arithmetic |
| SRL16E   |     7 |                 CLB |
+----------+-------+---------------------+


9. Black Boxes
--------------

+----------+------+
| Ref Name | Used |
+----------+------+


10. Instantiated Netlists
-------------------------

+----------+------+
| Ref Name | Used |
+----------+------+


