
*** Running vivado
    with args -log top_wrapper.vdi -applog -m64 -product Vivado -messageDb vivado.pb -mode batch -source top_wrapper.tcl -notrace


****** Vivado v2022.2 (64-bit)
  **** SW Build 3671981 on Fri Oct 14 04:59:54 MDT 2022
  **** IP Build 3669848 on Fri Oct 14 08:30:02 MDT 2022
    ** Copyright 1986-2022 Xilinx, Inc. All Rights Reserved.

source top_wrapper.tcl -notrace
INFO: [IP_Flow 19-234] Refreshing IP repositories
INFO: [IP_Flow 19-1700] Loaded user IP repository '/tmp/finn_dev_samu/code_gen_ipgen_StreamingDataflowPartition_0_IODMA_hls_0_5ketgrj_/project_StreamingDataflowPartition_0_IODMA_hls_0/sol1/impl/ip'.
INFO: [IP_Flow 19-1700] Loaded user IP repository '/tmp/finn_dev_samu/vivado_stitch_proj_1kpnnwh5/ip'.
INFO: [IP_Flow 19-1700] Loaded user IP repository '/tmp/finn_dev_samu/code_gen_ipgen_StreamingFIFO_rtl_0_9wkd1y_y'.
INFO: [IP_Flow 19-1700] Loaded user IP repository '/tmp/finn_dev_samu/code_gen_ipgen_StreamingMaxPool_hls_0_jh_hxr0o/project_StreamingMaxPool_hls_0/sol1/impl/ip'.
INFO: [IP_Flow 19-1700] Loaded user IP repository '/tmp/finn_dev_samu/code_gen_ipgen_StreamingFIFO_rtl_1_zmlqmla5'.
INFO: [IP_Flow 19-1700] Loaded user IP repository '/tmp/finn_dev_samu/code_gen_ipgen_FMPadding_rtl_0_rcg81hx9'.
INFO: [IP_Flow 19-1700] Loaded user IP repository '/tmp/finn_dev_samu/code_gen_ipgen_StreamingFIFO_rtl_2_lr_6zy3m'.
INFO: [IP_Flow 19-1700] Loaded user IP repository '/tmp/finn_dev_samu/code_gen_ipgen_StreamingDataWidthConverter_rtl_0_iq0zhiy0'.
INFO: [IP_Flow 19-1700] Loaded user IP repository '/tmp/finn_dev_samu/code_gen_ipgen_StreamingFIFO_rtl_3_c7p_vwf6'.
INFO: [IP_Flow 19-1700] Loaded user IP repository '/tmp/finn_dev_samu/code_gen_ipgen_ConvolutionInputGenerator_rtl_0_yk9nn3hv'.
INFO: [IP_Flow 19-1700] Loaded user IP repository '/tmp/finn_dev_samu/code_gen_ipgen_StreamingFIFO_rtl_4_slzu_cxd'.
INFO: [IP_Flow 19-1700] Loaded user IP repository '/tmp/finn_dev_samu/code_gen_ipgen_StreamingDataWidthConverter_rtl_1_hrusnruj'.
INFO: [IP_Flow 19-1700] Loaded user IP repository '/tmp/finn_dev_samu/code_gen_ipgen_StreamingFIFO_rtl_5_r5o4wfiq'.
INFO: [IP_Flow 19-1700] Loaded user IP repository '/tmp/finn_dev_samu/code_gen_ipgen_MVAU_hls_0_c22sakht/project_MVAU_hls_0/sol1/impl/ip'.
INFO: [IP_Flow 19-1700] Loaded user IP repository '/tmp/finn_dev_samu/code_gen_ipgen_StreamingFIFO_rtl_6_y0y2yfrv'.
INFO: [IP_Flow 19-1700] Loaded user IP repository '/tmp/finn_dev_samu/code_gen_ipgen_StreamingDataWidthConverter_rtl_2_6bnr_7vp'.
INFO: [IP_Flow 19-1700] Loaded user IP repository '/tmp/finn_dev_samu/code_gen_ipgen_StreamingFIFO_rtl_7_csnprheo'.
INFO: [IP_Flow 19-1700] Loaded user IP repository '/tmp/finn_dev_samu/code_gen_ipgen_StreamingMaxPool_hls_1_9aw40osy/project_StreamingMaxPool_hls_1/sol1/impl/ip'.
INFO: [IP_Flow 19-1700] Loaded user IP repository '/tmp/finn_dev_samu/code_gen_ipgen_StreamingFIFO_rtl_8_1_m26zlb'.
INFO: [IP_Flow 19-1700] Loaded user IP repository '/tmp/finn_dev_samu/code_gen_ipgen_FMPadding_rtl_1_ds0u7fvq'.
INFO: [IP_Flow 19-1700] Loaded user IP repository '/tmp/finn_dev_samu/code_gen_ipgen_StreamingFIFO_rtl_9_6dk57dbo'.
INFO: [IP_Flow 19-1700] Loaded user IP repository '/tmp/finn_dev_samu/code_gen_ipgen_StreamingDataWidthConverter_rtl_3_i8fprxof'.
INFO: [IP_Flow 19-1700] Loaded user IP repository '/tmp/finn_dev_samu/code_gen_ipgen_StreamingFIFO_rtl_10_y3yphwzh'.
INFO: [IP_Flow 19-1700] Loaded user IP repository '/tmp/finn_dev_samu/code_gen_ipgen_ConvolutionInputGenerator_rtl_1_rmibjuit'.
INFO: [IP_Flow 19-1700] Loaded user IP repository '/tmp/finn_dev_samu/code_gen_ipgen_StreamingFIFO_rtl_11_7ysh64dj'.
INFO: [IP_Flow 19-1700] Loaded user IP repository '/tmp/finn_dev_samu/code_gen_ipgen_StreamingDataWidthConverter_rtl_4_y9rp6xlo'.
INFO: [IP_Flow 19-1700] Loaded user IP repository '/tmp/finn_dev_samu/code_gen_ipgen_StreamingFIFO_rtl_12_etgthy0x'.
INFO: [IP_Flow 19-1700] Loaded user IP repository '/tmp/finn_dev_samu/code_gen_ipgen_MVAU_hls_1_29geaflb/project_MVAU_hls_1/sol1/impl/ip'.
INFO: [IP_Flow 19-1700] Loaded user IP repository '/tmp/finn_dev_samu/code_gen_ipgen_StreamingFIFO_rtl_13_03dzjxnk'.
INFO: [IP_Flow 19-1700] Loaded user IP repository '/tmp/finn_dev_samu/vivado_stitch_proj_tojaps8x/ip'.
INFO: [IP_Flow 19-1700] Loaded user IP repository '/home/samu/dev/CEN571-final/finn-vs-vitisai/finn-repo/finn-rtllib/memstream'.
INFO: [IP_Flow 19-1700] Loaded user IP repository '/tmp/finn_dev_samu/code_gen_ipgen_StreamingDataflowPartition_2_IODMA_hls_0_ld0_iz9p/project_StreamingDataflowPartition_2_IODMA_hls_0/sol1/impl/ip'.
INFO: [IP_Flow 19-1700] Loaded user IP repository '/tmp/finn_dev_samu/vivado_stitch_proj_w6_9dslw/ip'.
INFO: [IP_Flow 19-2313] Loaded Vivado IP repository '/tools/Xilinx/Vivado/2022.2/data/ip'.
add_files: Time (s): cpu = 00:00:05 ; elapsed = 00:00:05 . Memory (MB): peak = 1895.367 ; gain = 113.492 ; free physical = 42991 ; free virtual = 61209
Command: link_design -top top_wrapper -part xczu3eg-sbva484-1-e
Design is defaulting to srcset: sources_1
Design is defaulting to constrset: constrs_1
INFO: [Device 21-403] Loading part xczu3eg-sbva484-1-e
INFO: [Project 1-454] Reading design checkpoint '/tmp/finn_dev_samu/vivado_zynq_proj_cvkjml8x/finn_zynq_link.gen/sources_1/bd/top/ip/top_StreamingDataflowPartition_1_0/top_StreamingDataflowPartition_1_0.dcp' for cell 'top_i/StreamingDataflowPartition_1'
INFO: [Project 1-454] Reading design checkpoint '/tmp/finn_dev_samu/vivado_zynq_proj_cvkjml8x/finn_zynq_link.gen/sources_1/bd/top/ip/top_idma0_0/top_idma0_0.dcp' for cell 'top_i/idma0'
INFO: [Project 1-454] Reading design checkpoint '/tmp/finn_dev_samu/vivado_zynq_proj_cvkjml8x/finn_zynq_link.gen/sources_1/bd/top/ip/top_odma0_0/top_odma0_0.dcp' for cell 'top_i/odma0'
INFO: [Project 1-454] Reading design checkpoint '/tmp/finn_dev_samu/vivado_zynq_proj_cvkjml8x/finn_zynq_link.gen/sources_1/bd/top/ip/top_rst_zynq_ps_100M_0/top_rst_zynq_ps_100M_0.dcp' for cell 'top_i/rst_zynq_ps_100M'
INFO: [Project 1-454] Reading design checkpoint '/tmp/finn_dev_samu/vivado_zynq_proj_cvkjml8x/finn_zynq_link.gen/sources_1/bd/top/ip/top_smartconnect_0_0/top_smartconnect_0_0.dcp' for cell 'top_i/smartconnect_0'
INFO: [Project 1-454] Reading design checkpoint '/tmp/finn_dev_samu/vivado_zynq_proj_cvkjml8x/finn_zynq_link.gen/sources_1/bd/top/ip/top_zynq_ps_0/top_zynq_ps_0.dcp' for cell 'top_i/zynq_ps'
INFO: [Project 1-454] Reading design checkpoint '/tmp/finn_dev_samu/vivado_zynq_proj_cvkjml8x/finn_zynq_link.gen/sources_1/bd/top/ip/top_xbar_0/top_xbar_0.dcp' for cell 'top_i/axi_interconnect_0/xbar'
INFO: [Project 1-454] Reading design checkpoint '/tmp/finn_dev_samu/vivado_zynq_proj_cvkjml8x/finn_zynq_link.gen/sources_1/bd/top/ip/top_auto_ds_0/top_auto_ds_0.dcp' for cell 'top_i/axi_interconnect_0/s00_couplers/auto_ds'
INFO: [Project 1-454] Reading design checkpoint '/tmp/finn_dev_samu/vivado_zynq_proj_cvkjml8x/finn_zynq_link.gen/sources_1/bd/top/ip/top_auto_pc_0/top_auto_pc_0.dcp' for cell 'top_i/axi_interconnect_0/s00_couplers/auto_pc'
Netlist sorting complete. Time (s): cpu = 00:00:02 ; elapsed = 00:00:02 . Memory (MB): peak = 3110.180 ; gain = 0.000 ; free physical = 41783 ; free virtual = 60009
INFO: [Netlist 29-17] Analyzing 25417 Unisim elements for replacement
INFO: [Netlist 29-28] Unisim Transformation completed in 0 CPU seconds
INFO: [Project 1-479] Netlist was created with Vivado 2022.2
INFO: [Project 1-570] Preparing netlist for logic optimization
Parsing XDC File [/tmp/finn_dev_samu/vivado_zynq_proj_cvkjml8x/finn_zynq_link.gen/sources_1/bd/top/ip/top_zynq_ps_0/top_zynq_ps_0.xdc] for cell 'top_i/zynq_ps/inst'
Finished Parsing XDC File [/tmp/finn_dev_samu/vivado_zynq_proj_cvkjml8x/finn_zynq_link.gen/sources_1/bd/top/ip/top_zynq_ps_0/top_zynq_ps_0.xdc] for cell 'top_i/zynq_ps/inst'
Parsing XDC File [/tmp/finn_dev_samu/vivado_zynq_proj_cvkjml8x/finn_zynq_link.gen/sources_1/bd/top/ip/top_smartconnect_0_0/bd_0/ip/ip_1/bd_acc6_psr_aclk_0_board.xdc] for cell 'top_i/smartconnect_0/inst/clk_map/psr_aclk/U0'
Finished Parsing XDC File [/tmp/finn_dev_samu/vivado_zynq_proj_cvkjml8x/finn_zynq_link.gen/sources_1/bd/top/ip/top_smartconnect_0_0/bd_0/ip/ip_1/bd_acc6_psr_aclk_0_board.xdc] for cell 'top_i/smartconnect_0/inst/clk_map/psr_aclk/U0'
Parsing XDC File [/tmp/finn_dev_samu/vivado_zynq_proj_cvkjml8x/finn_zynq_link.gen/sources_1/bd/top/ip/top_smartconnect_0_0/bd_0/ip/ip_1/bd_acc6_psr_aclk_0.xdc] for cell 'top_i/smartconnect_0/inst/clk_map/psr_aclk/U0'
Finished Parsing XDC File [/tmp/finn_dev_samu/vivado_zynq_proj_cvkjml8x/finn_zynq_link.gen/sources_1/bd/top/ip/top_smartconnect_0_0/bd_0/ip/ip_1/bd_acc6_psr_aclk_0.xdc] for cell 'top_i/smartconnect_0/inst/clk_map/psr_aclk/U0'
Parsing XDC File [/tmp/finn_dev_samu/vivado_zynq_proj_cvkjml8x/finn_zynq_link.gen/sources_1/bd/top/ip/top_rst_zynq_ps_100M_0/top_rst_zynq_ps_100M_0_board.xdc] for cell 'top_i/rst_zynq_ps_100M/U0'
Finished Parsing XDC File [/tmp/finn_dev_samu/vivado_zynq_proj_cvkjml8x/finn_zynq_link.gen/sources_1/bd/top/ip/top_rst_zynq_ps_100M_0/top_rst_zynq_ps_100M_0_board.xdc] for cell 'top_i/rst_zynq_ps_100M/U0'
Parsing XDC File [/tmp/finn_dev_samu/vivado_zynq_proj_cvkjml8x/finn_zynq_link.gen/sources_1/bd/top/ip/top_rst_zynq_ps_100M_0/top_rst_zynq_ps_100M_0.xdc] for cell 'top_i/rst_zynq_ps_100M/U0'
Finished Parsing XDC File [/tmp/finn_dev_samu/vivado_zynq_proj_cvkjml8x/finn_zynq_link.gen/sources_1/bd/top/ip/top_rst_zynq_ps_100M_0/top_rst_zynq_ps_100M_0.xdc] for cell 'top_i/rst_zynq_ps_100M/U0'
Parsing XDC File [/tmp/finn_dev_samu/vivado_zynq_proj_cvkjml8x/finn_zynq_link.gen/sources_1/bd/top/ip/top_auto_ds_0/top_auto_ds_0_clocks.xdc] for cell 'top_i/axi_interconnect_0/s00_couplers/auto_ds/inst'
Finished Parsing XDC File [/tmp/finn_dev_samu/vivado_zynq_proj_cvkjml8x/finn_zynq_link.gen/sources_1/bd/top/ip/top_auto_ds_0/top_auto_ds_0_clocks.xdc] for cell 'top_i/axi_interconnect_0/s00_couplers/auto_ds/inst'
INFO: [Project 1-1714] 67 XPM XDC files have been applied to the design.
INFO: [Opt 31-138] Pushed 0 inverter(s) to 0 load pin(s).
Netlist sorting complete. Time (s): cpu = 00:00:00.03 ; elapsed = 00:00:00.04 . Memory (MB): peak = 3637.082 ; gain = 0.000 ; free physical = 41511 ; free virtual = 59738
INFO: [Project 1-111] Unisim Transformation Summary:
  A total of 1110 instances were transformed.
  DSP48E2 => DSP48E2 (DSP_ALU, DSP_A_B_DATA, DSP_C_DATA, DSP_MULTIPLIER, DSP_M_DATA, DSP_OUTPUT, DSP_PREADD, DSP_PREADD_DATA): 128 instances
  RAM16X1D => RAM32X1D (RAMD32(x2)): 2 instances
  RAM16X1S => RAM32X1S (RAMS32): 768 instances
  RAM32M => RAM32M (RAMD32(x6), RAMS32(x2)): 6 instances
  RAM32M16 => RAM32M16 (RAMD32(x14), RAMS32(x2)): 126 instances
  RAM32X1D => RAM32X1D (RAMD32(x2)): 2 instances
  RAM64M8 => RAM64M8 (RAMD64E(x8)): 39 instances
  RAM64X1D => RAM64X1D (RAMD64E(x2)): 39 instances

52 Infos, 0 Warnings, 0 Critical Warnings and 0 Errors encountered.
link_design completed successfully
link_design: Time (s): cpu = 00:01:00 ; elapsed = 00:00:57 . Memory (MB): peak = 3637.082 ; gain = 1741.715 ; free physical = 41512 ; free virtual = 59739
Command: opt_design -directive Explore
INFO: [Vivado_Tcl 4-136] Directive used for opt_design is: Explore
Attempting to get a license for feature 'Implementation' and/or device 'xczu3eg'
INFO: [Common 17-349] Got license for feature 'Implementation' and/or device 'xczu3eg'
Running DRC as a precondition to command opt_design

Starting DRC Task
INFO: [DRC 23-27] Running DRC with 8 threads
INFO: [Project 1-461] DRC finished with 0 Errors
INFO: [Project 1-462] Please refer to the DRC report (report_drc) for more information.

Time (s): cpu = 00:00:03 ; elapsed = 00:00:01 . Memory (MB): peak = 3637.082 ; gain = 0.000 ; free physical = 41493 ; free virtual = 59719

Starting Logic Optimization Task
INFO: [Timing 38-35] Done setting XDC timing constraints.

Phase 1 Retarget
INFO: [Opt 31-1287] Pulled Inverter top_i/StreamingDataflowPartition_1/inst/StreamingDataflowPartition_1_MVAU_hls_0/StreamingDataflowPartition_1_MVAU_hls_0/inst/grp_Matrix_Vector_Activate_Stream_Batch_fu_30/flow_control_loop_pipe_sequential_init_U/icmp_ln249_reg_189984[0]_i_1 into driver instance top_i/StreamingDataflowPartition_1/inst/StreamingDataflowPartition_1_MVAU_hls_0/StreamingDataflowPartition_1_MVAU_hls_0/inst/grp_Matrix_Vector_Activate_Stream_Batch_fu_30/flow_control_loop_pipe_sequential_init_U/inputBuf_V_71_fu_32132[31]_i_4, which resulted in an inversion of 10 pins
INFO: [Opt 31-1287] Pulled Inverter top_i/axi_interconnect_0/s00_couplers/auto_ds/inst/gen_downsizer.gen_simple_downsizer.axi_downsizer_inst/USE_READ.read_addr_inst/cmd_queue/inst/current_word_1[3]_i_1 into driver instance top_i/axi_interconnect_0/s00_couplers/auto_ds/inst/gen_downsizer.gen_simple_downsizer.axi_downsizer_inst/USE_READ.read_addr_inst/cmd_queue/inst/s_axi_rvalid_INST_0_i_3, which resulted in an inversion of 2 pins
INFO: [Opt 31-1287] Pulled Inverter top_i/axi_interconnect_0/s00_couplers/auto_ds/inst/gen_downsizer.gen_simple_downsizer.axi_downsizer_inst/USE_WRITE.USE_SPLIT.write_resp_inst/first_mi_word_i_2 into driver instance top_i/axi_interconnect_0/s00_couplers/auto_ds/inst/gen_downsizer.gen_simple_downsizer.axi_downsizer_inst/USE_WRITE.USE_SPLIT.write_resp_inst/s_axi_bvalid_INST_0_i_1, which resulted in an inversion of 5 pins
INFO: [Opt 31-1287] Pulled Inverter top_i/idma0/inst/StreamingDataflowPartition_0_IODMA_hls_0/inst/gmem_m_axi_U/bus_read/fifo_rctl/sect_addr_buf[63]_i_1 into driver instance top_i/idma0/inst/StreamingDataflowPartition_0_IODMA_hls_0/inst/gmem_m_axi_U/bus_read/fifo_rctl/state[1]_i_2, which resulted in an inversion of 17 pins
INFO: [Opt 31-1287] Pulled Inverter top_i/smartconnect_0/inst/s00_entry_pipeline/s00_si_converter/inst/converter.wrap_narrow_inst/gen_thread_loop[0].r_payld_fifo/cmd_fifo/cmd_len_qq[7]_i_1 into driver instance top_i/smartconnect_0/inst/s00_entry_pipeline/s00_si_converter/inst/converter.wrap_narrow_inst/gen_thread_loop[0].r_payld_fifo/cmd_fifo/gen_pipelined.state[2]_i_3, which resulted in an inversion of 6 pins
INFO: [Opt 31-1287] Pulled Inverter top_i/smartconnect_0/inst/s00_entry_pipeline/s00_si_converter/inst/converter.wrap_narrow_inst/w_payld_fifo/cmd_fifo/cmd_len_qq[7]_i_1__0 into driver instance top_i/smartconnect_0/inst/s00_entry_pipeline/s00_si_converter/inst/converter.wrap_narrow_inst/w_payld_fifo/cmd_fifo/gen_pipelined.state[2]_i_3__0, which resulted in an inversion of 6 pins
INFO: [Opt 31-1287] Pulled Inverter top_i/smartconnect_0/inst/s01_entry_pipeline/s01_si_converter/inst/converter.wrap_narrow_inst/gen_thread_loop[0].r_payld_fifo/cmd_fifo/cmd_len_qq[7]_i_1 into driver instance top_i/smartconnect_0/inst/s01_entry_pipeline/s01_si_converter/inst/converter.wrap_narrow_inst/gen_thread_loop[0].r_payld_fifo/cmd_fifo/gen_pipelined.state[2]_i_3, which resulted in an inversion of 6 pins
INFO: [Opt 31-1287] Pulled Inverter top_i/smartconnect_0/inst/s01_entry_pipeline/s01_si_converter/inst/converter.wrap_narrow_inst/w_payld_fifo/cmd_fifo/cmd_len_qq[7]_i_1__0 into driver instance top_i/smartconnect_0/inst/s01_entry_pipeline/s01_si_converter/inst/converter.wrap_narrow_inst/w_payld_fifo/cmd_fifo/gen_pipelined.state[2]_i_3__0, which resulted in an inversion of 6 pins
INFO: [Opt 31-138] Pushed 77 inverter(s) to 5335 load pin(s).
INFO: [Opt 31-925] Fixed cascade connection for DSP: top_i/StreamingDataflowPartition_1/inst/StreamingDataflowPartition_1_MVAU_hls_0/StreamingDataflowPartition_1_MVAU_hls_0/inst/grp_Matrix_Vector_Activate_Stream_Batch_fu_30/mac_muladd_8ns_8s_17s_18_4_1_U4115/MVAU_hls_0_mac_muladd_8ns_8s_17s_18_4_1_DSP48_3_U/p_reg_reg
INFO: [Opt 31-925] Fixed cascade connection for DSP: top_i/StreamingDataflowPartition_1/inst/StreamingDataflowPartition_1_MVAU_hls_0/StreamingDataflowPartition_1_MVAU_hls_0/inst/grp_Matrix_Vector_Activate_Stream_Batch_fu_30/mac_muladd_8s_8ns_17s_18_4_1_U4117/MVAU_hls_0_mac_muladd_8s_8ns_17s_18_4_1_DSP48_5_U/p_reg_reg
INFO: [Opt 31-925] Fixed cascade connection for DSP: top_i/StreamingDataflowPartition_1/inst/StreamingDataflowPartition_1_MVAU_hls_0/StreamingDataflowPartition_1_MVAU_hls_0/inst/grp_Matrix_Vector_Activate_Stream_Batch_fu_30/mac_muladd_8s_8ns_17s_18_4_1_U4119/MVAU_hls_0_mac_muladd_8s_8ns_17s_18_4_1_DSP48_5_U/p_reg_reg
INFO: [Opt 31-925] Fixed cascade connection for DSP: top_i/StreamingDataflowPartition_1/inst/StreamingDataflowPartition_1_MVAU_hls_0/StreamingDataflowPartition_1_MVAU_hls_0/inst/grp_Matrix_Vector_Activate_Stream_Batch_fu_30/mac_muladd_8s_8ns_17s_18_4_1_U4121/MVAU_hls_0_mac_muladd_8s_8ns_17s_18_4_1_DSP48_5_U/p_reg_reg
INFO: [Opt 31-925] Fixed cascade connection for DSP: top_i/StreamingDataflowPartition_1/inst/StreamingDataflowPartition_1_MVAU_hls_0/StreamingDataflowPartition_1_MVAU_hls_0/inst/grp_Matrix_Vector_Activate_Stream_Batch_fu_30/mac_muladd_8s_8ns_17s_18_4_1_U4123/MVAU_hls_0_mac_muladd_8s_8ns_17s_18_4_1_DSP48_5_U/p_reg_reg
INFO: [Opt 31-925] Fixed cascade connection for DSP: top_i/StreamingDataflowPartition_1/inst/StreamingDataflowPartition_1_MVAU_hls_0/StreamingDataflowPartition_1_MVAU_hls_0/inst/grp_Matrix_Vector_Activate_Stream_Batch_fu_30/mac_muladd_8s_8ns_17s_18_4_1_U4125/MVAU_hls_0_mac_muladd_8s_8ns_17s_18_4_1_DSP48_5_U/p_reg_reg
INFO: [Opt 31-925] Fixed cascade connection for DSP: top_i/StreamingDataflowPartition_1/inst/StreamingDataflowPartition_1_MVAU_hls_0/StreamingDataflowPartition_1_MVAU_hls_0/inst/grp_Matrix_Vector_Activate_Stream_Batch_fu_30/mac_muladd_8s_8ns_17s_18_4_1_U4127/MVAU_hls_0_mac_muladd_8s_8ns_17s_18_4_1_DSP48_5_U/p_reg_reg
INFO: [Opt 31-925] Fixed cascade connection for DSP: top_i/StreamingDataflowPartition_1/inst/StreamingDataflowPartition_1_MVAU_hls_0/StreamingDataflowPartition_1_MVAU_hls_0/inst/grp_Matrix_Vector_Activate_Stream_Batch_fu_30/mac_muladd_8s_8ns_17s_18_4_1_U4129/MVAU_hls_0_mac_muladd_8s_8ns_17s_18_4_1_DSP48_5_U/p_reg_reg
INFO: [Opt 31-925] Fixed cascade connection for DSP: top_i/StreamingDataflowPartition_1/inst/StreamingDataflowPartition_1_MVAU_hls_0/StreamingDataflowPartition_1_MVAU_hls_0/inst/grp_Matrix_Vector_Activate_Stream_Batch_fu_30/mac_muladd_8s_8ns_17s_18_4_1_U4131/MVAU_hls_0_mac_muladd_8s_8ns_17s_18_4_1_DSP48_5_U/p_reg_reg
INFO: [Opt 31-925] Fixed cascade connection for DSP: top_i/StreamingDataflowPartition_1/inst/StreamingDataflowPartition_1_MVAU_hls_0/StreamingDataflowPartition_1_MVAU_hls_0/inst/grp_Matrix_Vector_Activate_Stream_Batch_fu_30/mac_muladd_8s_8ns_17s_18_4_1_U4133/MVAU_hls_0_mac_muladd_8s_8ns_17s_18_4_1_DSP48_5_U/p_reg_reg
INFO: [Opt 31-925] Fixed cascade connection for DSP: top_i/StreamingDataflowPartition_1/inst/StreamingDataflowPartition_1_MVAU_hls_0/StreamingDataflowPartition_1_MVAU_hls_0/inst/grp_Matrix_Vector_Activate_Stream_Batch_fu_30/mac_muladd_8s_8ns_17s_18_4_1_U4135/MVAU_hls_0_mac_muladd_8s_8ns_17s_18_4_1_DSP48_5_U/p_reg_reg
INFO: [Opt 31-925] Fixed cascade connection for DSP: top_i/StreamingDataflowPartition_1/inst/StreamingDataflowPartition_1_MVAU_hls_0/StreamingDataflowPartition_1_MVAU_hls_0/inst/grp_Matrix_Vector_Activate_Stream_Batch_fu_30/mac_muladd_8s_8ns_17s_18_4_1_U4137/MVAU_hls_0_mac_muladd_8s_8ns_17s_18_4_1_DSP48_5_U/p_reg_reg
INFO: [Opt 31-925] Fixed cascade connection for DSP: top_i/StreamingDataflowPartition_1/inst/StreamingDataflowPartition_1_MVAU_hls_0/StreamingDataflowPartition_1_MVAU_hls_0/inst/grp_Matrix_Vector_Activate_Stream_Batch_fu_30/mac_muladd_8s_8ns_17s_18_4_1_U4139/MVAU_hls_0_mac_muladd_8s_8ns_17s_18_4_1_DSP48_5_U/p_reg_reg
INFO: [Opt 31-925] Fixed cascade connection for DSP: top_i/StreamingDataflowPartition_1/inst/StreamingDataflowPartition_1_MVAU_hls_0/StreamingDataflowPartition_1_MVAU_hls_0/inst/grp_Matrix_Vector_Activate_Stream_Batch_fu_30/mac_muladd_8s_8ns_17s_18_4_1_U4141/MVAU_hls_0_mac_muladd_8s_8ns_17s_18_4_1_DSP48_5_U/p_reg_reg
INFO: [Opt 31-925] Fixed cascade connection for DSP: top_i/StreamingDataflowPartition_1/inst/StreamingDataflowPartition_1_MVAU_hls_0/StreamingDataflowPartition_1_MVAU_hls_0/inst/grp_Matrix_Vector_Activate_Stream_Batch_fu_30/mac_muladd_8s_8ns_17s_18_4_1_U4143/MVAU_hls_0_mac_muladd_8s_8ns_17s_18_4_1_DSP48_5_U/p_reg_reg
INFO: [Opt 31-925] Fixed cascade connection for DSP: top_i/StreamingDataflowPartition_1/inst/StreamingDataflowPartition_1_MVAU_hls_0/StreamingDataflowPartition_1_MVAU_hls_0/inst/grp_Matrix_Vector_Activate_Stream_Batch_fu_30/mac_muladd_8s_8ns_17s_18_4_1_U4145/MVAU_hls_0_mac_muladd_8s_8ns_17s_18_4_1_DSP48_5_U/p_reg_reg
INFO: [Opt 31-925] Fixed cascade connection for DSP: top_i/StreamingDataflowPartition_1/inst/StreamingDataflowPartition_1_MVAU_hls_1/StreamingDataflowPartition_1_MVAU_hls_1/inst/grp_Matrix_Vector_Activate_Stream_Batch_fu_8190/mac_muladd_8ns_8s_17s_18_4_1_U35/MVAU_hls_1_mac_muladd_8ns_8s_17s_18_4_1_DSP48_3_U/p_reg_reg
INFO: [Opt 31-925] Fixed cascade connection for DSP: top_i/StreamingDataflowPartition_1/inst/StreamingDataflowPartition_1_MVAU_hls_1/StreamingDataflowPartition_1_MVAU_hls_1/inst/grp_Matrix_Vector_Activate_Stream_Batch_fu_8190/mac_muladd_8s_8ns_17s_18_4_1_U37/MVAU_hls_1_mac_muladd_8s_8ns_17s_18_4_1_DSP48_5_U/p_reg_reg
INFO: [Opt 31-925] Fixed cascade connection for DSP: top_i/StreamingDataflowPartition_1/inst/StreamingDataflowPartition_1_MVAU_hls_1/StreamingDataflowPartition_1_MVAU_hls_1/inst/grp_Matrix_Vector_Activate_Stream_Batch_fu_8190/mac_muladd_8s_8ns_17s_18_4_1_U39/MVAU_hls_1_mac_muladd_8s_8ns_17s_18_4_1_DSP48_5_U/p_reg_reg
INFO: [Opt 31-925] Fixed cascade connection for DSP: top_i/StreamingDataflowPartition_1/inst/StreamingDataflowPartition_1_MVAU_hls_1/StreamingDataflowPartition_1_MVAU_hls_1/inst/grp_Matrix_Vector_Activate_Stream_Batch_fu_8190/mac_muladd_8s_8ns_17s_18_4_1_U41/MVAU_hls_1_mac_muladd_8s_8ns_17s_18_4_1_DSP48_5_U/p_reg_reg
INFO: [Opt 31-925] Fixed cascade connection for DSP: top_i/StreamingDataflowPartition_1/inst/StreamingDataflowPartition_1_MVAU_hls_1/StreamingDataflowPartition_1_MVAU_hls_1/inst/grp_Matrix_Vector_Activate_Stream_Batch_fu_8190/mac_muladd_8s_8ns_17s_18_4_1_U43/MVAU_hls_1_mac_muladd_8s_8ns_17s_18_4_1_DSP48_5_U/p_reg_reg
INFO: [Opt 31-925] Fixed cascade connection for DSP: top_i/StreamingDataflowPartition_1/inst/StreamingDataflowPartition_1_MVAU_hls_1/StreamingDataflowPartition_1_MVAU_hls_1/inst/grp_Matrix_Vector_Activate_Stream_Batch_fu_8190/mac_muladd_8s_8ns_17s_18_4_1_U45/MVAU_hls_1_mac_muladd_8s_8ns_17s_18_4_1_DSP48_5_U/p_reg_reg
INFO: [Opt 31-925] Fixed cascade connection for DSP: top_i/StreamingDataflowPartition_1/inst/StreamingDataflowPartition_1_MVAU_hls_1/StreamingDataflowPartition_1_MVAU_hls_1/inst/grp_Matrix_Vector_Activate_Stream_Batch_fu_8190/mac_muladd_8s_8ns_17s_18_4_1_U47/MVAU_hls_1_mac_muladd_8s_8ns_17s_18_4_1_DSP48_5_U/p_reg_reg
INFO: [Opt 31-925] Fixed cascade connection for DSP: top_i/StreamingDataflowPartition_1/inst/StreamingDataflowPartition_1_MVAU_hls_1/StreamingDataflowPartition_1_MVAU_hls_1/inst/grp_Matrix_Vector_Activate_Stream_Batch_fu_8190/mac_muladd_8s_8ns_17s_18_4_1_U49/MVAU_hls_1_mac_muladd_8s_8ns_17s_18_4_1_DSP48_5_U/p_reg_reg
INFO: [Opt 31-925] Fixed cascade connection for DSP: top_i/StreamingDataflowPartition_1/inst/StreamingDataflowPartition_1_MVAU_hls_1/StreamingDataflowPartition_1_MVAU_hls_1/inst/grp_Matrix_Vector_Activate_Stream_Batch_fu_8190/mac_muladd_8s_8ns_17s_18_4_1_U51/MVAU_hls_1_mac_muladd_8s_8ns_17s_18_4_1_DSP48_5_U/p_reg_reg
INFO: [Opt 31-925] Fixed cascade connection for DSP: top_i/StreamingDataflowPartition_1/inst/StreamingDataflowPartition_1_MVAU_hls_1/StreamingDataflowPartition_1_MVAU_hls_1/inst/grp_Matrix_Vector_Activate_Stream_Batch_fu_8190/mac_muladd_8s_8ns_17s_18_4_1_U53/MVAU_hls_1_mac_muladd_8s_8ns_17s_18_4_1_DSP48_5_U/p_reg_reg
INFO: [Opt 31-925] Fixed cascade connection for DSP: top_i/StreamingDataflowPartition_1/inst/StreamingDataflowPartition_1_MVAU_hls_1/StreamingDataflowPartition_1_MVAU_hls_1/inst/grp_Matrix_Vector_Activate_Stream_Batch_fu_8190/mac_muladd_8s_8ns_17s_18_4_1_U55/MVAU_hls_1_mac_muladd_8s_8ns_17s_18_4_1_DSP48_5_U/p_reg_reg
INFO: [Opt 31-925] Fixed cascade connection for DSP: top_i/StreamingDataflowPartition_1/inst/StreamingDataflowPartition_1_MVAU_hls_1/StreamingDataflowPartition_1_MVAU_hls_1/inst/grp_Matrix_Vector_Activate_Stream_Batch_fu_8190/mac_muladd_8s_8ns_17s_18_4_1_U57/MVAU_hls_1_mac_muladd_8s_8ns_17s_18_4_1_DSP48_5_U/p_reg_reg
INFO: [Opt 31-925] Fixed cascade connection for DSP: top_i/StreamingDataflowPartition_1/inst/StreamingDataflowPartition_1_MVAU_hls_1/StreamingDataflowPartition_1_MVAU_hls_1/inst/grp_Matrix_Vector_Activate_Stream_Batch_fu_8190/mac_muladd_8s_8ns_17s_18_4_1_U59/MVAU_hls_1_mac_muladd_8s_8ns_17s_18_4_1_DSP48_5_U/p_reg_reg
INFO: [Opt 31-925] Fixed cascade connection for DSP: top_i/StreamingDataflowPartition_1/inst/StreamingDataflowPartition_1_MVAU_hls_1/StreamingDataflowPartition_1_MVAU_hls_1/inst/grp_Matrix_Vector_Activate_Stream_Batch_fu_8190/mac_muladd_8s_8ns_17s_18_4_1_U61/MVAU_hls_1_mac_muladd_8s_8ns_17s_18_4_1_DSP48_5_U/p_reg_reg
INFO: [Opt 31-925] Fixed cascade connection for DSP: top_i/StreamingDataflowPartition_1/inst/StreamingDataflowPartition_1_MVAU_hls_1/StreamingDataflowPartition_1_MVAU_hls_1/inst/grp_Matrix_Vector_Activate_Stream_Batch_fu_8190/mac_muladd_8s_8ns_17s_18_4_1_U63/MVAU_hls_1_mac_muladd_8s_8ns_17s_18_4_1_DSP48_5_U/p_reg_reg
INFO: [Opt 31-925] Fixed cascade connection for DSP: top_i/StreamingDataflowPartition_1/inst/StreamingDataflowPartition_1_MVAU_hls_1/StreamingDataflowPartition_1_MVAU_hls_1/inst/grp_Matrix_Vector_Activate_Stream_Batch_fu_8190/mac_muladd_8s_8ns_17s_18_4_1_U65/MVAU_hls_1_mac_muladd_8s_8ns_17s_18_4_1_DSP48_5_U/p_reg_reg
INFO: [Opt 31-49] Retargeted 0 cell(s).
Phase 1 Retarget | Checksum: a24c223b

Time (s): cpu = 00:00:39 ; elapsed = 00:00:16 . Memory (MB): peak = 4578.309 ; gain = 805.938 ; free physical = 41025 ; free virtual = 59251
INFO: [Opt 31-389] Phase Retarget created 398 cells and removed 756 cells
INFO: [Opt 31-1021] In phase Retarget, 72 netlist objects are constrained preventing optimization. Please run opt_design with -debug_log to get more detail. 

Phase 2 Constant propagation
INFO: [Opt 31-138] Pushed 23 inverter(s) to 50 load pin(s).
Phase 2 Constant propagation | Checksum: c32ff088

Time (s): cpu = 00:00:41 ; elapsed = 00:00:19 . Memory (MB): peak = 4578.309 ; gain = 805.938 ; free physical = 41043 ; free virtual = 59270
INFO: [Opt 31-389] Phase Constant propagation created 415 cells and removed 5358 cells
INFO: [Opt 31-1021] In phase Constant propagation, 87 netlist objects are constrained preventing optimization. Please run opt_design with -debug_log to get more detail. 

Phase 3 Sweep
Phase 3 Sweep | Checksum: 12a266f51

Time (s): cpu = 00:00:46 ; elapsed = 00:00:24 . Memory (MB): peak = 4578.309 ; gain = 805.938 ; free physical = 41033 ; free virtual = 59260
INFO: [Opt 31-389] Phase Sweep created 0 cells and removed 2219 cells
INFO: [Opt 31-1021] In phase Sweep, 172 netlist objects are constrained preventing optimization. Please run opt_design with -debug_log to get more detail. 

Phase 4 BUFG optimization
INFO: [Opt 31-1077] Phase BUFG optimization inserted 0 global clock buffer(s) for CLOCK_LOW_FANOUT.
INFO: [Opt 31-129] Inserted BUFG to drive high-fanout reset|set|enable net. BUFG cell: top_i/StreamingDataflowPartition_1/inst/StreamingDataflowPartition_1_MVAU_hls_1/StreamingDataflowPartition_1_MVAU_hls_1/inst/grp_Matrix_Vector_Activate_Stream_Batch_fu_8190/p_ZL7threshs_9_173_U/p_ZL7threshs_0_0_ce0_BUFG_inst, Net: top_i/StreamingDataflowPartition_1/inst/StreamingDataflowPartition_1_MVAU_hls_1/StreamingDataflowPartition_1_MVAU_hls_1/inst/grp_Matrix_Vector_Activate_Stream_Batch_fu_8190/p_ZL7threshs_9_173_U/p_ZL7threshs_0_0_ce0
Phase 4 BUFG optimization | Checksum: 144c9840a

Time (s): cpu = 00:00:51 ; elapsed = 00:00:27 . Memory (MB): peak = 4610.324 ; gain = 837.953 ; free physical = 41036 ; free virtual = 59263
INFO: [Opt 31-662] Phase BUFG optimization created 2 cells of which 1 are BUFGs and removed 0 cells.

Phase 5 Shift Register Optimization
INFO: [Opt 31-1064] SRL Remap converted 0 SRLs to 0 registers and converted 0 registers of register chains to 0 SRLs
Phase 5 Shift Register Optimization | Checksum: 144c9840a

Time (s): cpu = 00:00:52 ; elapsed = 00:00:27 . Memory (MB): peak = 4610.324 ; gain = 837.953 ; free physical = 41037 ; free virtual = 59265
INFO: [Opt 31-389] Phase Shift Register Optimization created 0 cells and removed 0 cells
INFO: [Opt 31-1555] control_set_opt supports Versal devices only, and device xczu3eg is unsupported

Phase 6 Post Processing Netlist
Phase 6 Post Processing Netlist | Checksum: 674c48de

Time (s): cpu = 00:00:53 ; elapsed = 00:00:28 . Memory (MB): peak = 4610.324 ; gain = 837.953 ; free physical = 41059 ; free virtual = 59286
INFO: [Opt 31-389] Phase Post Processing Netlist created 0 cells and removed 0 cells
INFO: [Opt 31-1021] In phase Post Processing Netlist, 78 netlist objects are constrained preventing optimization. Please run opt_design with -debug_log to get more detail. 
Opt_design Change Summary
=========================


-------------------------------------------------------------------------------------------------------------------------
|  Phase                        |  #Cells created  |  #Cells Removed  |  #Constrained objects preventing optimizations  |
-------------------------------------------------------------------------------------------------------------------------
|  Retarget                     |             398  |             756  |                                             72  |
|  Constant propagation         |             415  |            5358  |                                             87  |
|  Sweep                        |               0  |            2219  |                                            172  |
|  BUFG optimization            |               2  |               0  |                                              0  |
|  Shift Register Optimization  |               0  |               0  |                                              0  |
|  Post Processing Netlist      |               0  |               0  |                                             78  |
-------------------------------------------------------------------------------------------------------------------------



Starting Connectivity Check Task

Time (s): cpu = 00:00:00.56 ; elapsed = 00:00:00.56 . Memory (MB): peak = 4610.324 ; gain = 0.000 ; free physical = 41082 ; free virtual = 59300
Ending Logic Optimization Task | Checksum: b2ce6b15

Time (s): cpu = 00:01:07 ; elapsed = 00:00:39 . Memory (MB): peak = 4610.324 ; gain = 837.953 ; free physical = 41082 ; free virtual = 59301

Starting Netlist Obfuscation Task
Netlist sorting complete. Time (s): cpu = 00:00:00.04 ; elapsed = 00:00:00.04 . Memory (MB): peak = 4610.324 ; gain = 0.000 ; free physical = 41048 ; free virtual = 59267
Ending Netlist Obfuscation Task | Checksum: b2ce6b15

Time (s): cpu = 00:00:00.06 ; elapsed = 00:00:00.07 . Memory (MB): peak = 4610.324 ; gain = 0.000 ; free physical = 41049 ; free virtual = 59268
INFO: [Common 17-83] Releasing license: Implementation
116 Infos, 0 Warnings, 0 Critical Warnings and 0 Errors encountered.
opt_design completed successfully
opt_design: Time (s): cpu = 00:01:12 ; elapsed = 00:00:43 . Memory (MB): peak = 4610.324 ; gain = 973.242 ; free physical = 41050 ; free virtual = 59269
INFO: [Timing 38-480] Writing timing data to binary archive.
INFO: [Common 17-1381] The checkpoint '/tmp/finn_dev_samu/vivado_zynq_proj_cvkjml8x/finn_zynq_link.runs/impl_1/top_wrapper_opt.dcp' has been generated.
write_checkpoint: Time (s): cpu = 00:00:26 ; elapsed = 00:00:17 . Memory (MB): peak = 4658.348 ; gain = 48.023 ; free physical = 40958 ; free virtual = 59232
INFO: [runtcl-4] Executing : report_drc -file top_wrapper_drc_opted.rpt -pb top_wrapper_drc_opted.pb -rpx top_wrapper_drc_opted.rpx
Command: report_drc -file top_wrapper_drc_opted.rpt -pb top_wrapper_drc_opted.pb -rpx top_wrapper_drc_opted.rpx
INFO: [IP_Flow 19-1839] IP Catalog is up to date.
INFO: [DRC 23-27] Running DRC with 8 threads
INFO: [Vivado_Tcl 2-168] The results of DRC are in file /tmp/finn_dev_samu/vivado_zynq_proj_cvkjml8x/finn_zynq_link.runs/impl_1/top_wrapper_drc_opted.rpt.
report_drc completed successfully
Command: place_design -directive ExtraTimingOpt
Attempting to get a license for feature 'Implementation' and/or device 'xczu3eg'
INFO: [Common 17-349] Got license for feature 'Implementation' and/or device 'xczu3eg'
INFO: [DRC 23-27] Running DRC with 8 threads
INFO: [Vivado_Tcl 4-198] DRC finished with 0 Errors
INFO: [Vivado_Tcl 4-199] Please refer to the DRC report (report_drc) for more information.
Running DRC as a precondition to command place_design
INFO: [DRC 23-27] Running DRC with 8 threads
ERROR: [DRC UTLZ-1] Resource utilization: CARRY8 over-utilized in Top Level Design (This design requires more CARRY8 cells than are available in the target device. This design requires 16688 of such cell types but only 8820 compatible sites are available in the target device. Please analyze your synthesis results and constraints to ensure the design is mapped to Xilinx primitives as expected. If so, please consider targeting a larger device.)
ERROR: [DRC UTLZ-1] Resource utilization: CARRY8 over-utilized in Top Level Design (This design requires more CARRY8 cells than are available in the target device. This design requires 16688 of such cell types but only 8820 compatible sites are available in the target device. Please analyze your synthesis results and constraints to ensure the design is mapped to Xilinx primitives as expected. If so, please consider targeting a larger device.)
ERROR: [DRC UTLZ-1] Resource utilization: LUT as Logic over-utilized in Top Level Design (This design requires more LUT as Logic cells than are available in the target device. This design requires 145941 of such cell types but only 70560 compatible sites are available in the target device. Please analyze your synthesis results and constraints to ensure the design is mapped to Xilinx primitives as expected. If so, please consider targeting a larger device. Please set tcl parameter "drc.disableLUTOverUtilError" to 1 to change this error to warning.)
ERROR: [DRC UTLZ-1] Resource utilization: LUT1 and LUT2 and LUT3 and LUT4 and LUT5 and LUT6 and RAMD32 and RAMD64E and RAMS32 and SRL16E and SRLC32E over-utilized in Top Level Design (This design requires more LUT1 and LUT2 and LUT3 and LUT4 and LUT5 and LUT6 and RAMD32 and RAMD64E and RAMS32 and SRL16E and SRLC32E cells than are available in the target device. This design requires 265911 of such cell types but only 141120 compatible sites are available in the target device. Please analyze your synthesis results and constraints to ensure the design is mapped to Xilinx primitives as expected. If so, please consider targeting a larger device.)
ERROR: [DRC UTLZ-1] Resource utilization: Slice LUTs over-utilized in Top Level Design (This design requires more Slice LUTs cells than are available in the target device. This design requires 158294 of such cell types but only 70560 compatible sites are available in the target device. Please analyze your synthesis results and constraints to ensure the design is mapped to Xilinx primitives as expected. If so, please consider targeting a larger device. Please set tcl parameter "drc.disableLUTOverUtilError" to 1 to change this error to warning.)
INFO: [Vivado_Tcl 4-198] DRC finished with 5 Errors
INFO: [Vivado_Tcl 4-199] Please refer to the DRC report (report_drc) for more information.
ERROR: [Vivado_Tcl 4-23] Error(s) found during DRC. Placer not run.
INFO: [Common 17-83] Releasing license: Implementation
130 Infos, 0 Warnings, 0 Critical Warnings and 6 Errors encountered.
place_design failed
ERROR: [Common 17-39] 'place_design' failed due to earlier errors.

INFO: [Common 17-206] Exiting Vivado at Mon Jun  1 21:32:33 2026...
