
*** Running vivado
    with args -log finn_design_wrapper.vdi -applog -m64 -product Vivado -messageDb vivado.pb -mode batch -source finn_design_wrapper.tcl -notrace


****** Vivado v2022.2 (64-bit)
  **** SW Build 3671981 on Fri Oct 14 04:59:54 MDT 2022
  **** IP Build 3669848 on Fri Oct 14 08:30:02 MDT 2022
    ** Copyright 1986-2022 Xilinx, Inc. All Rights Reserved.

source finn_design_wrapper.tcl -notrace
Command: link_design -top finn_design_wrapper -part xczu3eg-sbva484-1-e
Design is defaulting to srcset: sources_1
Design is defaulting to constrset: constrs_1
INFO: [Device 21-403] Loading part xczu3eg-sbva484-1-e
Netlist sorting complete. Time (s): cpu = 00:00:00.53 ; elapsed = 00:00:00.52 . Memory (MB): peak = 2608.086 ; gain = 0.000 ; free physical = 36295 ; free virtual = 57000
INFO: [Netlist 29-17] Analyzing 6495 Unisim elements for replacement
INFO: [Netlist 29-28] Unisim Transformation completed in 1 CPU seconds
INFO: [Project 1-479] Netlist was created with Vivado 2022.2
INFO: [Project 1-570] Preparing netlist for logic optimization
Parsing XDC File [/tmp/finn_dev_samu/synth_out_of_context_fg51qaeo/results_finn_design_wrapper/finn_design_wrapper.xdc]
Finished Parsing XDC File [/tmp/finn_dev_samu/synth_out_of_context_fg51qaeo/results_finn_design_wrapper/finn_design_wrapper.xdc]
INFO: [Opt 31-138] Pushed 0 inverter(s) to 0 load pin(s).
Netlist sorting complete. Time (s): cpu = 00:00:00.01 ; elapsed = 00:00:00.01 . Memory (MB): peak = 2806.430 ; gain = 0.000 ; free physical = 36151 ; free virtual = 56856
INFO: [Project 1-111] Unisim Transformation Summary:
  A total of 404 instances were transformed.
  DSP48E1 => DSP48E2 (DSP_ALU, DSP_A_B_DATA, DSP_C_DATA, DSP_MULTIPLIER, DSP_M_DATA, DSP_OUTPUT, DSP_PREADD, DSP_PREADD_DATA): 1 instance 
  DSP48E2 => DSP48E2 (DSP_ALU, DSP_A_B_DATA, DSP_C_DATA, DSP_MULTIPLIER, DSP_M_DATA, DSP_OUTPUT, DSP_PREADD, DSP_PREADD_DATA): 15 instances
  RAM512X1S => RAM512X1S (MUXF7(x4), MUXF8(x2), MUXF9, RAMS64E1(x8)): 40 instances
  RAM64M8 => RAM64M8 (RAMD64E(x8)): 174 instances
  RAM64X1D => RAM64X1D (RAMD64E(x2)): 174 instances

7 Infos, 0 Warnings, 0 Critical Warnings and 0 Errors encountered.
link_design completed successfully
link_design: Time (s): cpu = 00:00:17 ; elapsed = 00:00:18 . Memory (MB): peak = 2806.430 ; gain = 1112.273 ; free physical = 36151 ; free virtual = 56856
Command: opt_design
Attempting to get a license for feature 'Implementation' and/or device 'xczu3eg'
INFO: [Common 17-349] Got license for feature 'Implementation' and/or device 'xczu3eg'
Running DRC as a precondition to command opt_design

Starting DRC Task
INFO: [DRC 23-27] Running DRC with 8 threads
INFO: [Project 1-461] DRC finished with 0 Errors
INFO: [Project 1-462] Please refer to the DRC report (report_drc) for more information.

Time (s): cpu = 00:00:02 ; elapsed = 00:00:00.84 . Memory (MB): peak = 2904.148 ; gain = 97.719 ; free physical = 36144 ; free virtual = 56849

Starting Cache Timing Information Task
INFO: [Timing 38-35] Done setting XDC timing constraints.
Ending Cache Timing Information Task | Checksum: f3e257ab

Time (s): cpu = 00:00:07 ; elapsed = 00:00:03 . Memory (MB): peak = 3317.977 ; gain = 413.828 ; free physical = 35812 ; free virtual = 56517

Starting Logic Optimization Task

Phase 1 Retarget
INFO: [Opt 31-1287] Pulled Inverter finn_design_i/MVAU_hls_1/MVAU_hls_1/inst/grp_Matrix_Vector_Activate_Stream_Batch_fu_540/flow_control_loop_pipe_sequential_init_U/icmp_ln249_reg_12342[0]_i_1 into driver instance finn_design_i/MVAU_hls_1/MVAU_hls_1/inst/grp_Matrix_Vector_Activate_Stream_Batch_fu_540/flow_control_loop_pipe_sequential_init_U/grp_Matrix_Vector_Activate_Stream_Batch_fu_540_ap_start_reg_i_2, which resulted in an inversion of 5 pins
INFO: [Opt 31-1287] Pulled Inverter finn_design_i/MVAU_hls_2/MVAU_hls_2/inst/grp_Matrix_Vector_Activate_Stream_Batch_fu_540/flow_control_loop_pipe_sequential_init_U/icmp_ln249_reg_13744[0]_i_1 into driver instance finn_design_i/MVAU_hls_2/MVAU_hls_2/inst/grp_Matrix_Vector_Activate_Stream_Batch_fu_540/flow_control_loop_pipe_sequential_init_U/ap_CS_iter1_fsm[1]_i_2__0, which resulted in an inversion of 7 pins
INFO: [Opt 31-1287] Pulled Inverter finn_design_i/MVAU_hls_3/MVAU_hls_3/inst/grp_Matrix_Vector_Activate_Stream_Batch_fu_540/flow_control_loop_pipe_sequential_init_U/icmp_ln249_reg_14359[0]_i_1 into driver instance finn_design_i/MVAU_hls_3/MVAU_hls_3/inst/grp_Matrix_Vector_Activate_Stream_Batch_fu_540/flow_control_loop_pipe_sequential_init_U/grp_Matrix_Vector_Activate_Stream_Batch_fu_540_ap_start_reg_i_2__0, which resulted in an inversion of 20 pins
INFO: [Opt 31-1287] Pulled Inverter finn_design_i/MVAU_hls_5/MVAU_hls_5/inst/grp_Matrix_Vector_Activate_Stream_Batch_fu_540/flow_control_loop_pipe_sequential_init_U/ap_phi_reg_pp0_iter1_inElem_1_reg_4782[15]_i_1 into driver instance finn_design_i/MVAU_hls_5/MVAU_hls_5/inst/grp_Matrix_Vector_Activate_Stream_Batch_fu_540/flow_control_loop_pipe_sequential_init_U/grp_Matrix_Vector_Activate_Stream_Batch_fu_540_ap_start_reg_i_2__1, which resulted in an inversion of 10 pins
INFO: [Opt 31-1287] Pulled Inverter finn_design_i/MVAU_hls_6/MVAU_hls_6/inst/grp_Matrix_Vector_Activate_Stream_Batch_fu_540/flow_control_loop_pipe_sequential_init_U/icmp_ln253_reg_16285[0]_i_1 into driver instance finn_design_i/MVAU_hls_6/MVAU_hls_6/inst/grp_Matrix_Vector_Activate_Stream_Batch_fu_540/flow_control_loop_pipe_sequential_init_U/icmp_ln249_reg_16281[0]_i_3, which resulted in an inversion of 3 pins
INFO: [Opt 31-1287] Pulled Inverter finn_design_i/MVAU_hls_6/MVAU_hls_6/inst/grp_Matrix_Vector_Activate_Stream_Batch_fu_540/flow_control_loop_pipe_sequential_init_U/icmp_ln290_reg_16322[0]_i_1 into driver instance finn_design_i/MVAU_hls_6/MVAU_hls_6/inst/grp_Matrix_Vector_Activate_Stream_Batch_fu_540/flow_control_loop_pipe_sequential_init_U/icmp_ln290_reg_16322[0]_i_3, which resulted in an inversion of 7 pins
INFO: [Opt 31-138] Pushed 7 inverter(s) to 3907 load pin(s).
INFO: [Opt 31-49] Retargeted 0 cell(s).
Phase 1 Retarget | Checksum: 648b475e

Time (s): cpu = 00:00:05 ; elapsed = 00:00:03 . Memory (MB): peak = 3590.773 ; gain = 0.000 ; free physical = 35585 ; free virtual = 56290
INFO: [Opt 31-389] Phase Retarget created 0 cells and removed 13 cells

Phase 2 Constant propagation
INFO: [Opt 31-138] Pushed 0 inverter(s) to 0 load pin(s).
Phase 2 Constant propagation | Checksum: 4260cd91

Time (s): cpu = 00:00:06 ; elapsed = 00:00:03 . Memory (MB): peak = 3590.773 ; gain = 0.000 ; free physical = 35583 ; free virtual = 56288
INFO: [Opt 31-389] Phase Constant propagation created 0 cells and removed 0 cells

Phase 3 Sweep
Phase 3 Sweep | Checksum: 8cc76bb0

Time (s): cpu = 00:00:07 ; elapsed = 00:00:04 . Memory (MB): peak = 3590.773 ; gain = 0.000 ; free physical = 35576 ; free virtual = 56281
INFO: [Opt 31-389] Phase Sweep created 0 cells and removed 0 cells

Phase 4 BUFG optimization
INFO: [Opt 31-1077] Phase BUFG optimization inserted 0 global clock buffer(s) for CLOCK_LOW_FANOUT.
Phase 4 BUFG optimization | Checksum: 8cc76bb0

Time (s): cpu = 00:00:07 ; elapsed = 00:00:05 . Memory (MB): peak = 3622.789 ; gain = 32.016 ; free physical = 35576 ; free virtual = 56281
INFO: [Opt 31-662] Phase BUFG optimization created 0 cells of which 0 are BUFGs and removed 0 cells.

Phase 5 Shift Register Optimization
INFO: [Opt 31-1064] SRL Remap converted 0 SRLs to 0 registers and converted 0 registers of register chains to 0 SRLs
Phase 5 Shift Register Optimization | Checksum: 8cc76bb0

Time (s): cpu = 00:00:08 ; elapsed = 00:00:05 . Memory (MB): peak = 3622.789 ; gain = 32.016 ; free physical = 35576 ; free virtual = 56281
INFO: [Opt 31-389] Phase Shift Register Optimization created 0 cells and removed 0 cells

Phase 6 Post Processing Netlist
Phase 6 Post Processing Netlist | Checksum: 8cc76bb0

Time (s): cpu = 00:00:08 ; elapsed = 00:00:05 . Memory (MB): peak = 3622.789 ; gain = 32.016 ; free physical = 35575 ; free virtual = 56280
INFO: [Opt 31-389] Phase Post Processing Netlist created 0 cells and removed 0 cells
Opt_design Change Summary
=========================


-------------------------------------------------------------------------------------------------------------------------
|  Phase                        |  #Cells created  |  #Cells Removed  |  #Constrained objects preventing optimizations  |
-------------------------------------------------------------------------------------------------------------------------
|  Retarget                     |               0  |              13  |                                              0  |
|  Constant propagation         |               0  |               0  |                                              0  |
|  Sweep                        |               0  |               0  |                                              0  |
|  BUFG optimization            |               0  |               0  |                                              0  |
|  Shift Register Optimization  |               0  |               0  |                                              0  |
|  Post Processing Netlist      |               0  |               0  |                                              0  |
-------------------------------------------------------------------------------------------------------------------------



Starting Connectivity Check Task

Time (s): cpu = 00:00:00.14 ; elapsed = 00:00:00.14 . Memory (MB): peak = 3622.789 ; gain = 0.000 ; free physical = 35576 ; free virtual = 56281
Ending Logic Optimization Task | Checksum: fae24466

Time (s): cpu = 00:00:10 ; elapsed = 00:00:07 . Memory (MB): peak = 3622.789 ; gain = 32.016 ; free physical = 35576 ; free virtual = 56281

Starting Power Optimization Task
INFO: [Pwropt 34-132] Skipping clock gating for clocks with a period < 2.00 ns.
INFO: [Timing 38-35] Done setting XDC timing constraints.
Running Vector-less Activity Propagation...
INFO: [Pwropt 34-9] Applying IDT optimizations ...
INFO: [Pwropt 34-10] Applying ODC optimizations ...

Finished Running Vector-less Activity Propagation


Starting PowerOpt Patch Enables Task
INFO: [Pwropt 34-162] WRITE_MODE attribute of 0 BRAM(s) out of a total of 407 has been updated to save power. Run report_power_opt to get a complete listing of the BRAMs updated.
INFO: [Pwropt 34-201] Structural ODC has moved 0 WE to EN ports
Number of BRAM Ports augmented: 0 newly gated: 0 Total Ports: 814
Ending PowerOpt Patch Enables Task | Checksum: fae24466

Time (s): cpu = 00:00:00.96 ; elapsed = 00:00:00.96 . Memory (MB): peak = 4668.762 ; gain = 0.000 ; free physical = 35089 ; free virtual = 55794
Ending Power Optimization Task | Checksum: fae24466

Time (s): cpu = 00:00:41 ; elapsed = 00:00:18 . Memory (MB): peak = 4668.762 ; gain = 1045.973 ; free physical = 35209 ; free virtual = 55915

Starting Final Cleanup Task
Ending Final Cleanup Task | Checksum: fae24466

Time (s): cpu = 00:00:00.01 ; elapsed = 00:00:00 . Memory (MB): peak = 4668.762 ; gain = 0.000 ; free physical = 35209 ; free virtual = 55915

Starting Netlist Obfuscation Task
Netlist sorting complete. Time (s): cpu = 00:00:00.01 ; elapsed = 00:00:00.01 . Memory (MB): peak = 4668.762 ; gain = 0.000 ; free physical = 35209 ; free virtual = 55915
Ending Netlist Obfuscation Task | Checksum: fae24466

Time (s): cpu = 00:00:00.01 ; elapsed = 00:00:00.02 . Memory (MB): peak = 4668.762 ; gain = 0.000 ; free physical = 35209 ; free virtual = 55915
INFO: [Common 17-83] Releasing license: Implementation
36 Infos, 0 Warnings, 0 Critical Warnings and 0 Errors encountered.
opt_design completed successfully
opt_design: Time (s): cpu = 00:01:02 ; elapsed = 00:00:31 . Memory (MB): peak = 4668.762 ; gain = 1862.332 ; free physical = 35209 ; free virtual = 55915
INFO: [Timing 38-35] Done setting XDC timing constraints.
INFO: [Timing 38-480] Writing timing data to binary archive.
INFO: [Common 17-1381] The checkpoint '/tmp/finn_dev_samu/synth_out_of_context_fg51qaeo/results_finn_design_wrapper/vivadocompile/vivadocompile.runs/impl_1/finn_design_wrapper_opt.dcp' has been generated.
write_checkpoint: Time (s): cpu = 00:00:14 ; elapsed = 00:00:06 . Memory (MB): peak = 4668.762 ; gain = 0.000 ; free physical = 34973 ; free virtual = 55706
INFO: [runtcl-4] Executing : report_drc -file finn_design_wrapper_drc_opted.rpt -pb finn_design_wrapper_drc_opted.pb -rpx finn_design_wrapper_drc_opted.rpx
Command: report_drc -file finn_design_wrapper_drc_opted.rpt -pb finn_design_wrapper_drc_opted.pb -rpx finn_design_wrapper_drc_opted.rpx
INFO: [IP_Flow 19-234] Refreshing IP repositories
INFO: [IP_Flow 19-1704] No user IP repositories specified
INFO: [IP_Flow 19-2313] Loaded Vivado IP repository '/tools/Xilinx/Vivado/2022.2/data/ip'.
INFO: [DRC 23-27] Running DRC with 8 threads
INFO: [Vivado_Tcl 2-168] The results of DRC are in file /tmp/finn_dev_samu/synth_out_of_context_fg51qaeo/results_finn_design_wrapper/vivadocompile/vivadocompile.runs/impl_1/finn_design_wrapper_drc_opted.rpt.
report_drc completed successfully
Command: place_design
Attempting to get a license for feature 'Implementation' and/or device 'xczu3eg'
INFO: [Common 17-349] Got license for feature 'Implementation' and/or device 'xczu3eg'
INFO: [DRC 23-27] Running DRC with 8 threads
INFO: [Vivado_Tcl 4-198] DRC finished with 0 Errors
INFO: [Vivado_Tcl 4-199] Please refer to the DRC report (report_drc) for more information.
Running DRC as a precondition to command place_design
INFO: [DRC 23-27] Running DRC with 8 threads
INFO: [Vivado_Tcl 4-198] DRC finished with 0 Errors
INFO: [Vivado_Tcl 4-199] Please refer to the DRC report (report_drc) for more information.

Starting Placer Task
INFO: [Place 30-611] Multithreading enabled for place_design using a maximum of 8 CPUs

Phase 1 Placer Initialization

Phase 1.1 Placer Initialization Netlist Sorting
Netlist sorting complete. Time (s): cpu = 00:00:00.01 ; elapsed = 00:00:00.01 . Memory (MB): peak = 4715.836 ; gain = 0.000 ; free physical = 34850 ; free virtual = 55582
Phase 1.1 Placer Initialization Netlist Sorting | Checksum: db70b74c

Time (s): cpu = 00:00:00.03 ; elapsed = 00:00:00.03 . Memory (MB): peak = 4715.836 ; gain = 0.000 ; free physical = 34850 ; free virtual = 55582
Netlist sorting complete. Time (s): cpu = 00:00:00.01 ; elapsed = 00:00:00.01 . Memory (MB): peak = 4715.836 ; gain = 0.000 ; free physical = 34850 ; free virtual = 55582

Phase 1.2 IO Placement/ Clock Placement/ Build Placer Device
Phase 1.2 IO Placement/ Clock Placement/ Build Placer Device | Checksum: 1ac1ebd8

Time (s): cpu = 00:00:15 ; elapsed = 00:00:14 . Memory (MB): peak = 5095.047 ; gain = 379.211 ; free physical = 34451 ; free virtual = 55184

Phase 1.3 Build Placer Netlist Model
Phase 1.3 Build Placer Netlist Model | Checksum: 1086d1b21

Time (s): cpu = 00:00:41 ; elapsed = 00:00:25 . Memory (MB): peak = 5127.062 ; gain = 411.227 ; free physical = 34259 ; free virtual = 54992

Phase 1.4 Constrain Clocks/Macros
Phase 1.4 Constrain Clocks/Macros | Checksum: 1086d1b21

Time (s): cpu = 00:00:41 ; elapsed = 00:00:25 . Memory (MB): peak = 5127.062 ; gain = 411.227 ; free physical = 34259 ; free virtual = 54992
Phase 1 Placer Initialization | Checksum: 1086d1b21

Time (s): cpu = 00:00:41 ; elapsed = 00:00:25 . Memory (MB): peak = 5127.062 ; gain = 411.227 ; free physical = 34260 ; free virtual = 54993

Phase 2 Global Placement

Phase 2.1 Floorplanning

Phase 2.1.1 Partition Driven Placement

Phase 2.1.1.1 PBP: Partition Driven Placement
Phase 2.1.1.1 PBP: Partition Driven Placement | Checksum: fbeec8bd

Time (s): cpu = 00:01:22 ; elapsed = 00:00:42 . Memory (MB): peak = 5127.062 ; gain = 411.227 ; free physical = 34434 ; free virtual = 55167

Phase 2.1.1.2 PBP: Clock Region Placement
Phase 2.1.1.2 PBP: Clock Region Placement | Checksum: fbeec8bd

Time (s): cpu = 00:01:22 ; elapsed = 00:00:42 . Memory (MB): peak = 5127.062 ; gain = 411.227 ; free physical = 34436 ; free virtual = 55169

Phase 2.1.1.3 PBP: Discrete Incremental
Phase 2.1.1.3 PBP: Discrete Incremental | Checksum: 111faa703

Time (s): cpu = 00:01:23 ; elapsed = 00:00:42 . Memory (MB): peak = 5127.062 ; gain = 411.227 ; free physical = 34436 ; free virtual = 55169

Phase 2.1.1.4 PBP: Compute Congestion
Phase 2.1.1.4 PBP: Compute Congestion | Checksum: 111faa703

Time (s): cpu = 00:01:24 ; elapsed = 00:00:42 . Memory (MB): peak = 5173.426 ; gain = 457.590 ; free physical = 34369 ; free virtual = 55103

Phase 2.1.1.5 PBP: Macro Placement
Phase 2.1.1.5 PBP: Macro Placement | Checksum: 17da83341

Time (s): cpu = 00:01:25 ; elapsed = 00:00:43 . Memory (MB): peak = 5173.426 ; gain = 457.590 ; free physical = 34370 ; free virtual = 55103

Phase 2.1.1.6 PBP: UpdateTiming
Phase 2.1.1.6 PBP: UpdateTiming | Checksum: 15806110c

Time (s): cpu = 00:01:30 ; elapsed = 00:00:45 . Memory (MB): peak = 5203.441 ; gain = 487.605 ; free physical = 34302 ; free virtual = 55035

Phase 2.1.1.7 PBP: Add part constraints
Phase 2.1.1.7 PBP: Add part constraints | Checksum: 15806110c

Time (s): cpu = 00:01:30 ; elapsed = 00:00:45 . Memory (MB): peak = 5203.441 ; gain = 487.605 ; free physical = 34302 ; free virtual = 55035
Phase 2.1.1 Partition Driven Placement | Checksum: 15806110c

Time (s): cpu = 00:01:30 ; elapsed = 00:00:45 . Memory (MB): peak = 5203.441 ; gain = 487.605 ; free physical = 34322 ; free virtual = 55056
Phase 2.1 Floorplanning | Checksum: 184fae3ff

Time (s): cpu = 00:01:30 ; elapsed = 00:00:45 . Memory (MB): peak = 5203.441 ; gain = 487.605 ; free physical = 34322 ; free virtual = 55056

Phase 2.2 Update Timing before SLR Path Opt
Phase 2.2 Update Timing before SLR Path Opt | Checksum: 184fae3ff

Time (s): cpu = 00:01:30 ; elapsed = 00:00:45 . Memory (MB): peak = 5203.441 ; gain = 487.605 ; free physical = 34322 ; free virtual = 55055

Phase 2.3 Post-Processing in Floorplanning
Phase 2.3 Post-Processing in Floorplanning | Checksum: 184fae3ff

Time (s): cpu = 00:01:30 ; elapsed = 00:00:46 . Memory (MB): peak = 5203.441 ; gain = 487.605 ; free physical = 34327 ; free virtual = 55061

Phase 2.4 Global Placement Core

Phase 2.4.1 UpdateTiming Before Physical Synthesis
Phase 2.4.1 UpdateTiming Before Physical Synthesis | Checksum: 1786cf803

Time (s): cpu = 00:02:42 ; elapsed = 00:01:11 . Memory (MB): peak = 5211.445 ; gain = 495.609 ; free physical = 34282 ; free virtual = 55015

Phase 2.4.2 Physical Synthesis In Placer
INFO: [Physopt 32-1035] Found 0 LUTNM shape to break, 3822 LUT instances to create LUTNM shape
INFO: [Physopt 32-1044] Break lutnm for timing: one critical 0, two critical 0, total 0, new lutff created 0
INFO: [Physopt 32-1138] End 1 Pass. Optimized 1594 nets or LUTs. Breaked 0 LUT, combined 1594 existing LUTs and moved 0 existing LUT
INFO: [Physopt 32-1030] Pass 1. Identified 98 candidate driver sets for equivalent driver rewiring.
INFO: [Physopt 32-661] Optimized 79 nets.  Re-placed 1179 instances.
INFO: [Physopt 32-775] End 1 Pass. Optimized 79 nets or cells. Created 0 new cell, deleted 322 existing cells and moved 1179 existing cells
Netlist sorting complete. Time (s): cpu = 00:00:00.34 ; elapsed = 00:00:00.35 . Memory (MB): peak = 5211.445 ; gain = 0.000 ; free physical = 34371 ; free virtual = 55105
INFO: [Physopt 32-65] No nets found for high-fanout optimization.
INFO: [Physopt 32-232] Optimized 0 net. Created 0 new instance.
INFO: [Physopt 32-775] End 1 Pass. Optimized 0 net or cell. Created 0 new cell, deleted 0 existing cell and moved 0 existing cell
INFO: [Physopt 32-670] No setup violation found.  DSP Register Optimization was not performed.
INFO: [Physopt 32-670] No setup violation found.  Shift Register to Pipeline Optimization was not performed.
INFO: [Physopt 32-670] No setup violation found.  Shift Register Optimization was not performed.
INFO: [Physopt 32-670] No setup violation found.  BRAM Register Optimization was not performed.
INFO: [Physopt 32-670] No setup violation found.  URAM Register Optimization was not performed.
INFO: [Physopt 32-949] No candidate nets found for dynamic/static region interface net replication
INFO: [Physopt 32-775] End 1 Pass. Optimized 0 net or cell. Created 0 new cell, deleted 0 existing cell and moved 0 existing cell
Netlist sorting complete. Time (s): cpu = 00:00:00.01 ; elapsed = 00:00:00.01 . Memory (MB): peak = 5211.445 ; gain = 0.000 ; free physical = 34375 ; free virtual = 55108

Summary of Physical Synthesis Optimizations
============================================


-----------------------------------------------------------------------------------------------------------------------------------------------------------
|  Optimization                                     |  Added Cells  |  Removed Cells  |  Optimized Cells/Nets  |  Dont Touch  |  Iterations  |  Elapsed   |
-----------------------------------------------------------------------------------------------------------------------------------------------------------
|  LUT Combining                                    |            0  |           1594  |                  1594  |           0  |           1  |  00:00:02  |
|  Retime                                           |            0  |              0  |                     0  |           0  |           1  |  00:00:00  |
|  Equivalent Driver Rewiring                       |            0  |            322  |                    79  |           0  |           1  |  00:00:33  |
|  Very High Fanout                                 |            0  |              0  |                     0  |           0  |           1  |  00:00:01  |
|  DSP Register                                     |            0  |              0  |                     0  |           0  |           0  |  00:00:00  |
|  Shift Register to Pipeline                       |            0  |              0  |                     0  |           0  |           0  |  00:00:00  |
|  Shift Register                                   |            0  |              0  |                     0  |           0  |           0  |  00:00:00  |
|  BRAM Register                                    |            0  |              0  |                     0  |           0  |           0  |  00:00:00  |
|  URAM Register                                    |            0  |              0  |                     0  |           0  |           0  |  00:00:00  |
|  Dynamic/Static Region Interface Net Replication  |            0  |              0  |                     0  |           0  |           1  |  00:00:00  |
|  Total                                            |            0  |           1916  |                  1673  |           0  |           5  |  00:00:36  |
-----------------------------------------------------------------------------------------------------------------------------------------------------------


Phase 2.4.2 Physical Synthesis In Placer | Checksum: 16528d9ca

Time (s): cpu = 00:03:24 ; elapsed = 00:01:51 . Memory (MB): peak = 5211.445 ; gain = 495.609 ; free physical = 34371 ; free virtual = 55105
Phase 2.4 Global Placement Core | Checksum: 233e74e01

Time (s): cpu = 00:03:36 ; elapsed = 00:01:55 . Memory (MB): peak = 5211.445 ; gain = 495.609 ; free physical = 34347 ; free virtual = 55080
Phase 2 Global Placement | Checksum: 233e74e01

Time (s): cpu = 00:03:36 ; elapsed = 00:01:55 . Memory (MB): peak = 5211.445 ; gain = 495.609 ; free physical = 34386 ; free virtual = 55119

Phase 3 Detail Placement

Phase 3.1 Commit Multi Column Macros
Phase 3.1 Commit Multi Column Macros | Checksum: 26ab897d7

Time (s): cpu = 00:03:42 ; elapsed = 00:01:57 . Memory (MB): peak = 5211.445 ; gain = 495.609 ; free physical = 34271 ; free virtual = 55005

Phase 3.2 Commit Most Macros & LUTRAMs
Phase 3.2 Commit Most Macros & LUTRAMs | Checksum: 151326a5b

Time (s): cpu = 00:03:53 ; elapsed = 00:02:02 . Memory (MB): peak = 5211.445 ; gain = 495.609 ; free physical = 34228 ; free virtual = 54962

Phase 3.3 Small Shape DP

Phase 3.3.1 Small Shape Clustering
Phase 3.3.1 Small Shape Clustering | Checksum: 1ef8abdd0

Time (s): cpu = 00:04:01 ; elapsed = 00:02:08 . Memory (MB): peak = 5211.445 ; gain = 495.609 ; free physical = 34173 ; free virtual = 54907

Phase 3.3.2 Flow Legalize Slice Clusters
Phase 3.3.2 Flow Legalize Slice Clusters | Checksum: 226c33279

Time (s): cpu = 00:04:02 ; elapsed = 00:02:09 . Memory (MB): peak = 5211.445 ; gain = 495.609 ; free physical = 34178 ; free virtual = 54911

Phase 3.3.3 Slice Area Swap

Phase 3.3.3.1 Slice Area Swap Initial
Phase 3.3.3.1 Slice Area Swap Initial | Checksum: 1f94146ae

Time (s): cpu = 00:04:09 ; elapsed = 00:02:15 . Memory (MB): peak = 5211.445 ; gain = 495.609 ; free physical = 34176 ; free virtual = 54910
Phase 3.3.3 Slice Area Swap | Checksum: 1f94146ae

Time (s): cpu = 00:04:09 ; elapsed = 00:02:15 . Memory (MB): peak = 5211.445 ; gain = 495.609 ; free physical = 34180 ; free virtual = 54914
Phase 3.3 Small Shape DP | Checksum: 1ee0d74f9

Time (s): cpu = 00:04:30 ; elapsed = 00:02:21 . Memory (MB): peak = 5211.445 ; gain = 495.609 ; free physical = 34190 ; free virtual = 54924

Phase 3.4 Re-assign LUT pins
Phase 3.4 Re-assign LUT pins | Checksum: 2546501ce

Time (s): cpu = 00:04:34 ; elapsed = 00:02:26 . Memory (MB): peak = 5211.445 ; gain = 495.609 ; free physical = 34213 ; free virtual = 54947

Phase 3.5 Pipeline Register Optimization
Phase 3.5 Pipeline Register Optimization | Checksum: 13ae88ace

Time (s): cpu = 00:04:35 ; elapsed = 00:02:26 . Memory (MB): peak = 5211.445 ; gain = 495.609 ; free physical = 34213 ; free virtual = 54947
Phase 3 Detail Placement | Checksum: 13ae88ace

Time (s): cpu = 00:04:35 ; elapsed = 00:02:27 . Memory (MB): peak = 5211.445 ; gain = 495.609 ; free physical = 34214 ; free virtual = 54948

Phase 4 Post Placement Optimization and Clean-Up

Phase 4.1 Post Commit Optimization
INFO: [Timing 38-35] Done setting XDC timing constraints.

Phase 4.1.1 Post Placement Optimization
Post Placement Optimization Initialization | Checksum: 130a560b8

Phase 4.1.1.1 BUFG Insertion

Starting Physical Synthesis Task

Phase 1 Physical Synthesis Initialization
INFO: [Physopt 32-721] Multithreading enabled for phys_opt_design using a maximum of 8 CPUs
INFO: [Physopt 32-619] Estimated Timing Summary | WNS=3.000 | TNS=0.000 |
Phase 1 Physical Synthesis Initialization | Checksum: 18b2a9cc6

Time (s): cpu = 00:00:02 ; elapsed = 00:00:00.5 . Memory (MB): peak = 5211.445 ; gain = 0.000 ; free physical = 34197 ; free virtual = 54931
INFO: [Place 46-32] Processed net finn_design_i/MVAU_hls_3/MVAU_hls_3/inst/grp_Matrix_Vector_Activate_Stream_Batch_fu_540/p_ZL7threshs_237_U/E[0], BUFG insertion was skipped because the netlist could not be updated.
INFO: [Place 46-35] Processed net finn_design_i/MVAU_hls_2/MVAU_hls_2/inst/grp_Matrix_Vector_Activate_Stream_Batch_fu_540/p_ZL7threshs_116_U/E[0], inserted BUFG to drive 4251 loads.
INFO: [Place 46-32] Processed net finn_design_i/MVAU_hls_0/MVAU_hls_0/inst/grp_Matrix_Vector_Activate_Stream_Batch_fu_540/p_ZL7threshs_253_U/p_ZL7threshs_0_ce0, BUFG insertion was skipped because the netlist could not be updated.
INFO: [Place 46-32] Processed net finn_design_i/MVAU_hls_1/MVAU_hls_1/inst/grp_Matrix_Vector_Activate_Stream_Batch_fu_540/p_ZL7threshs_93_U/E[0], BUFG insertion was skipped because the netlist could not be updated.
INFO: [Place 46-32] Processed net finn_design_i/MVAU_hls_4/MVAU_hls_4/inst/grp_Matrix_Vector_Activate_Stream_Batch_fu_540/p_ZL7threshs_73_U/E[0], BUFG insertion was skipped because the netlist could not be updated.
INFO: [Place 46-32] Processed net finn_design_i/MVAU_hls_5/MVAU_hls_5/inst/grp_Matrix_Vector_Activate_Stream_Batch_fu_540/p_ZL7threshs_93_U/ap_CS_iter3_fsm_reg[1], BUFG insertion was skipped because the netlist could not be updated.
INFO: [Place 46-56] BUFG insertion identified 6 candidate nets. Inserted BUFG: 1, Replicated BUFG Driver: 0, Skipped due to Placement/Routing Conflicts: 0, Skipped due to Timing Degradation: 0, Skipped due to Illegal Netlist: 5.
Ending Physical Synthesis Task | Checksum: 1e1f26f5b

Time (s): cpu = 00:00:07 ; elapsed = 00:00:04 . Memory (MB): peak = 5211.445 ; gain = 0.000 ; free physical = 34184 ; free virtual = 54918
Phase 4.1.1.1 BUFG Insertion | Checksum: 13cda4286

Time (s): cpu = 00:05:15 ; elapsed = 00:02:40 . Memory (MB): peak = 5211.445 ; gain = 495.609 ; free physical = 34196 ; free virtual = 54929

Phase 4.1.1.2 Post Placement Timing Optimization
INFO: [Place 30-746] Post Placement Timing Summary WNS=3.000. For the most accurate timing information please run report_timing.
Phase 4.1.1.2 Post Placement Timing Optimization | Checksum: 1ee42c000

Time (s): cpu = 00:05:16 ; elapsed = 00:02:40 . Memory (MB): peak = 5211.445 ; gain = 495.609 ; free physical = 34196 ; free virtual = 54930

Time (s): cpu = 00:05:16 ; elapsed = 00:02:40 . Memory (MB): peak = 5211.445 ; gain = 495.609 ; free physical = 34196 ; free virtual = 54930
Phase 4.1 Post Commit Optimization | Checksum: 1ee42c000

Time (s): cpu = 00:05:16 ; elapsed = 00:02:41 . Memory (MB): peak = 5211.445 ; gain = 495.609 ; free physical = 34198 ; free virtual = 54932
Netlist sorting complete. Time (s): cpu = 00:00:00.04 ; elapsed = 00:00:00.04 . Memory (MB): peak = 5211.445 ; gain = 0.000 ; free physical = 34163 ; free virtual = 54897

Phase 4.2 Post Placement Cleanup
Phase 4.2 Post Placement Cleanup | Checksum: 26c81263f

Time (s): cpu = 00:05:19 ; elapsed = 00:02:43 . Memory (MB): peak = 5211.445 ; gain = 495.609 ; free physical = 34168 ; free virtual = 54901

Phase 4.3 Placer Reporting

Phase 4.3.1 Print Estimated Congestion
INFO: [Place 30-612] Post-Placement Estimated Congestion 
 ________________________________________________________________________
|           | Global Congestion | Long Congestion   | Short Congestion  |
| Direction | Region Size       | Region Size       | Region Size       |
|___________|___________________|___________________|___________________|
|      North|                1x1|                1x1|                8x8|
|___________|___________________|___________________|___________________|
|      South|                1x1|                1x1|                2x2|
|___________|___________________|___________________|___________________|
|       East|                1x1|                1x1|                8x8|
|___________|___________________|___________________|___________________|
|       West|                4x4|                1x1|                8x8|
|___________|___________________|___________________|___________________|

Phase 4.3.1 Print Estimated Congestion | Checksum: 26c81263f

Time (s): cpu = 00:05:20 ; elapsed = 00:02:44 . Memory (MB): peak = 5211.445 ; gain = 495.609 ; free physical = 34181 ; free virtual = 54915
Phase 4.3 Placer Reporting | Checksum: 26c81263f

Time (s): cpu = 00:05:20 ; elapsed = 00:02:44 . Memory (MB): peak = 5211.445 ; gain = 495.609 ; free physical = 34181 ; free virtual = 54914

Phase 4.4 Final Placement Cleanup
Netlist sorting complete. Time (s): cpu = 00:00:00.01 ; elapsed = 00:00:00.01 . Memory (MB): peak = 5211.445 ; gain = 0.000 ; free physical = 34184 ; free virtual = 54918

Time (s): cpu = 00:05:20 ; elapsed = 00:02:44 . Memory (MB): peak = 5211.445 ; gain = 495.609 ; free physical = 34184 ; free virtual = 54918
Phase 4 Post Placement Optimization and Clean-Up | Checksum: 1ada786b6

Time (s): cpu = 00:05:21 ; elapsed = 00:02:44 . Memory (MB): peak = 5211.445 ; gain = 495.609 ; free physical = 34184 ; free virtual = 54918
Ending Placer Task | Checksum: ea5376a9

Time (s): cpu = 00:05:21 ; elapsed = 00:02:45 . Memory (MB): peak = 5211.445 ; gain = 495.609 ; free physical = 34174 ; free virtual = 54908
INFO: [Common 17-83] Releasing license: Implementation
82 Infos, 0 Warnings, 0 Critical Warnings and 0 Errors encountered.
place_design completed successfully
place_design: Time (s): cpu = 00:05:26 ; elapsed = 00:02:47 . Memory (MB): peak = 5211.445 ; gain = 495.609 ; free physical = 34336 ; free virtual = 55070
INFO: [Timing 38-480] Writing timing data to binary archive.
Writing XDEF routing.
Writing XDEF routing logical nets.
Writing XDEF routing special nets.
Write XDEF Complete: Time (s): cpu = 00:00:14 ; elapsed = 00:00:05 . Memory (MB): peak = 5211.445 ; gain = 0.000 ; free physical = 34135 ; free virtual = 55001
INFO: [Common 17-1381] The checkpoint '/tmp/finn_dev_samu/synth_out_of_context_fg51qaeo/results_finn_design_wrapper/vivadocompile/vivadocompile.runs/impl_1/finn_design_wrapper_placed.dcp' has been generated.
write_checkpoint: Time (s): cpu = 00:00:24 ; elapsed = 00:00:11 . Memory (MB): peak = 5211.445 ; gain = 0.000 ; free physical = 34325 ; free virtual = 55098
INFO: [runtcl-4] Executing : report_io -file finn_design_wrapper_io_placed.rpt
report_io: Time (s): cpu = 00:00:00.11 ; elapsed = 00:00:00.23 . Memory (MB): peak = 5211.445 ; gain = 0.000 ; free physical = 34307 ; free virtual = 55080
INFO: [runtcl-4] Executing : report_utilization -file finn_design_wrapper_utilization_placed.rpt -pb finn_design_wrapper_utilization_placed.pb
INFO: [runtcl-4] Executing : report_control_sets -verbose -file finn_design_wrapper_control_sets_placed.rpt
report_control_sets: Time (s): cpu = 00:00:00.17 ; elapsed = 00:00:00.32 . Memory (MB): peak = 5211.445 ; gain = 0.000 ; free physical = 34320 ; free virtual = 55093
Command: phys_opt_design
Attempting to get a license for feature 'Implementation' and/or device 'xczu3eg'
INFO: [Common 17-349] Got license for feature 'Implementation' and/or device 'xczu3eg'

Starting Initial Update Timing Task
WARNING: [Timing 38-242] The property HD.CLK_SRC of clock port "ap_clk" is not set. In out-of-context mode, this prevents timing estimation for clock delay/skew
Resolution: Set the HD.CLK_SRC property of the out-of-context port to the location of the clock buffer instance in the top-level design

Time (s): cpu = 00:00:26 ; elapsed = 00:00:06 . Memory (MB): peak = 5211.445 ; gain = 0.000 ; free physical = 34350 ; free virtual = 55124
INFO: [Vivado_Tcl 4-383] Design worst setup slack (WNS) is greater than or equal to 0.000 ns. Skipping all physical synthesis optimizations.
INFO: [Vivado_Tcl 4-232] No setup violation found. The netlist was not modified.
INFO: [Common 17-83] Releasing license: Implementation
91 Infos, 1 Warnings, 0 Critical Warnings and 0 Errors encountered.
phys_opt_design completed successfully
phys_opt_design: Time (s): cpu = 00:00:27 ; elapsed = 00:00:07 . Memory (MB): peak = 5211.445 ; gain = 0.000 ; free physical = 34350 ; free virtual = 55124
INFO: [Timing 38-480] Writing timing data to binary archive.
Writing XDEF routing.
Writing XDEF routing logical nets.
Writing XDEF routing special nets.
Write XDEF Complete: Time (s): cpu = 00:00:14 ; elapsed = 00:00:05 . Memory (MB): peak = 5211.445 ; gain = 0.000 ; free physical = 34116 ; free virtual = 55021
INFO: [Common 17-1381] The checkpoint '/tmp/finn_dev_samu/synth_out_of_context_fg51qaeo/results_finn_design_wrapper/vivadocompile/vivadocompile.runs/impl_1/finn_design_wrapper_physopt.dcp' has been generated.
write_checkpoint: Time (s): cpu = 00:00:17 ; elapsed = 00:00:08 . Memory (MB): peak = 5211.445 ; gain = 0.000 ; free physical = 34163 ; free virtual = 54976
Command: route_design
Attempting to get a license for feature 'Implementation' and/or device 'xczu3eg'
INFO: [Common 17-349] Got license for feature 'Implementation' and/or device 'xczu3eg'
Running DRC as a precondition to command route_design
INFO: [DRC 23-27] Running DRC with 8 threads
INFO: [Vivado_Tcl 4-198] DRC finished with 0 Errors
INFO: [Vivado_Tcl 4-199] Please refer to the DRC report (report_drc) for more information.


Starting Routing Task
INFO: [Route 35-254] Multithreading enabled for route_design using a maximum of 8 CPUs

Phase 1 Build RT Design
Checksum: PlaceDB: 4139793a ConstDB: 0 ShapeSum: 2adb9730 RouteDB: 7e3e663f
Nodegraph reading from file.  Time (s): cpu = 00:00:00.33 ; elapsed = 00:00:00.35 . Memory (MB): peak = 5211.445 ; gain = 0.000 ; free physical = 33982 ; free virtual = 54795
WARNING: [Route 35-197] Clock port "ap_clk" does not have an associated HD.CLK_SRC. Without this constraint, timing analysis may not be accurate and upstream checks cannot be done to ensure correct clock placement.
WARNING: [Route 35-198] Port "ap_rst_n" does not have an associated HD.PARTPIN_LOCS, which will prevent the partial routing of the signal "ap_rst_n". Without this partial route, timing analysis to/from this port will not be accurate, and no routing information for this port can be exported.
WARNING: [Route 35-198] Port "s_axis_1_tdata[1]" does not have an associated HD.PARTPIN_LOCS, which will prevent the partial routing of the signal "s_axis_1_tdata[1]". Without this partial route, timing analysis to/from this port will not be accurate, and no routing information for this port can be exported.
WARNING: [Route 35-198] Port "s_axis_1_tdata[5]" does not have an associated HD.PARTPIN_LOCS, which will prevent the partial routing of the signal "s_axis_1_tdata[5]". Without this partial route, timing analysis to/from this port will not be accurate, and no routing information for this port can be exported.
WARNING: [Route 35-198] Port "s_axis_1_tdata[6]" does not have an associated HD.PARTPIN_LOCS, which will prevent the partial routing of the signal "s_axis_1_tdata[6]". Without this partial route, timing analysis to/from this port will not be accurate, and no routing information for this port can be exported.
WARNING: [Route 35-198] Port "s_axis_0_tdata[11]" does not have an associated HD.PARTPIN_LOCS, which will prevent the partial routing of the signal "s_axis_0_tdata[11]". Without this partial route, timing analysis to/from this port will not be accurate, and no routing information for this port can be exported.
WARNING: [Route 35-198] Port "s_axis_0_tvalid" does not have an associated HD.PARTPIN_LOCS, which will prevent the partial routing of the signal "s_axis_0_tvalid". Without this partial route, timing analysis to/from this port will not be accurate, and no routing information for this port can be exported.
WARNING: [Route 35-198] Port "s_axis_0_tdata[101]" does not have an associated HD.PARTPIN_LOCS, which will prevent the partial routing of the signal "s_axis_0_tdata[101]". Without this partial route, timing analysis to/from this port will not be accurate, and no routing information for this port can be exported.
WARNING: [Route 35-198] Port "s_axis_0_tdata[113]" does not have an associated HD.PARTPIN_LOCS, which will prevent the partial routing of the signal "s_axis_0_tdata[113]". Without this partial route, timing analysis to/from this port will not be accurate, and no routing information for this port can be exported.
WARNING: [Route 35-198] Port "s_axis_0_tdata[81]" does not have an associated HD.PARTPIN_LOCS, which will prevent the partial routing of the signal "s_axis_0_tdata[81]". Without this partial route, timing analysis to/from this port will not be accurate, and no routing information for this port can be exported.
WARNING: [Route 35-198] Port "s_axis_0_tdata[105]" does not have an associated HD.PARTPIN_LOCS, which will prevent the partial routing of the signal "s_axis_0_tdata[105]". Without this partial route, timing analysis to/from this port will not be accurate, and no routing information for this port can be exported.
WARNING: [Route 35-198] Port "s_axis_0_tdata[27]" does not have an associated HD.PARTPIN_LOCS, which will prevent the partial routing of the signal "s_axis_0_tdata[27]". Without this partial route, timing analysis to/from this port will not be accurate, and no routing information for this port can be exported.
WARNING: [Route 35-198] Port "s_axis_0_tdata[35]" does not have an associated HD.PARTPIN_LOCS, which will prevent the partial routing of the signal "s_axis_0_tdata[35]". Without this partial route, timing analysis to/from this port will not be accurate, and no routing information for this port can be exported.
WARNING: [Route 35-198] Port "s_axis_0_tdata[43]" does not have an associated HD.PARTPIN_LOCS, which will prevent the partial routing of the signal "s_axis_0_tdata[43]". Without this partial route, timing analysis to/from this port will not be accurate, and no routing information for this port can be exported.
WARNING: [Route 35-198] Port "s_axis_0_tdata[89]" does not have an associated HD.PARTPIN_LOCS, which will prevent the partial routing of the signal "s_axis_0_tdata[89]". Without this partial route, timing analysis to/from this port will not be accurate, and no routing information for this port can be exported.
WARNING: [Route 35-198] Port "s_axis_0_tdata[19]" does not have an associated HD.PARTPIN_LOCS, which will prevent the partial routing of the signal "s_axis_0_tdata[19]". Without this partial route, timing analysis to/from this port will not be accurate, and no routing information for this port can be exported.
WARNING: [Route 35-198] Port "s_axis_0_tdata[93]" does not have an associated HD.PARTPIN_LOCS, which will prevent the partial routing of the signal "s_axis_0_tdata[93]". Without this partial route, timing analysis to/from this port will not be accurate, and no routing information for this port can be exported.
WARNING: [Route 35-198] Port "s_axis_0_tdata[97]" does not have an associated HD.PARTPIN_LOCS, which will prevent the partial routing of the signal "s_axis_0_tdata[97]". Without this partial route, timing analysis to/from this port will not be accurate, and no routing information for this port can be exported.
WARNING: [Route 35-198] Port "s_axis_0_tdata[53]" does not have an associated HD.PARTPIN_LOCS, which will prevent the partial routing of the signal "s_axis_0_tdata[53]". Without this partial route, timing analysis to/from this port will not be accurate, and no routing information for this port can be exported.
WARNING: [Route 35-198] Port "s_axis_0_tdata[120]" does not have an associated HD.PARTPIN_LOCS, which will prevent the partial routing of the signal "s_axis_0_tdata[120]". Without this partial route, timing analysis to/from this port will not be accurate, and no routing information for this port can be exported.
WARNING: [Route 35-198] Port "s_axis_0_tdata[104]" does not have an associated HD.PARTPIN_LOCS, which will prevent the partial routing of the signal "s_axis_0_tdata[104]". Without this partial route, timing analysis to/from this port will not be accurate, and no routing information for this port can be exported.
WARNING: [Route 35-198] Port "s_axis_0_tdata[121]" does not have an associated HD.PARTPIN_LOCS, which will prevent the partial routing of the signal "s_axis_0_tdata[121]". Without this partial route, timing analysis to/from this port will not be accurate, and no routing information for this port can be exported.
WARNING: [Route 35-198] Port "s_axis_0_tdata[16]" does not have an associated HD.PARTPIN_LOCS, which will prevent the partial routing of the signal "s_axis_0_tdata[16]". Without this partial route, timing analysis to/from this port will not be accurate, and no routing information for this port can be exported.
WARNING: [Route 35-198] Port "s_axis_0_tdata[56]" does not have an associated HD.PARTPIN_LOCS, which will prevent the partial routing of the signal "s_axis_0_tdata[56]". Without this partial route, timing analysis to/from this port will not be accurate, and no routing information for this port can be exported.
WARNING: [Route 35-198] Port "s_axis_0_tdata[32]" does not have an associated HD.PARTPIN_LOCS, which will prevent the partial routing of the signal "s_axis_0_tdata[32]". Without this partial route, timing analysis to/from this port will not be accurate, and no routing information for this port can be exported.
WARNING: [Route 35-198] Port "s_axis_0_tdata[28]" does not have an associated HD.PARTPIN_LOCS, which will prevent the partial routing of the signal "s_axis_0_tdata[28]". Without this partial route, timing analysis to/from this port will not be accurate, and no routing information for this port can be exported.
WARNING: [Route 35-198] Port "s_axis_0_tdata[80]" does not have an associated HD.PARTPIN_LOCS, which will prevent the partial routing of the signal "s_axis_0_tdata[80]". Without this partial route, timing analysis to/from this port will not be accurate, and no routing information for this port can be exported.
WARNING: [Route 35-198] Port "s_axis_0_tdata[82]" does not have an associated HD.PARTPIN_LOCS, which will prevent the partial routing of the signal "s_axis_0_tdata[82]". Without this partial route, timing analysis to/from this port will not be accurate, and no routing information for this port can be exported.
WARNING: [Route 35-198] Port "s_axis_0_tdata[96]" does not have an associated HD.PARTPIN_LOCS, which will prevent the partial routing of the signal "s_axis_0_tdata[96]". Without this partial route, timing analysis to/from this port will not be accurate, and no routing information for this port can be exported.
WARNING: [Route 35-198] Port "s_axis_0_tdata[109]" does not have an associated HD.PARTPIN_LOCS, which will prevent the partial routing of the signal "s_axis_0_tdata[109]". Without this partial route, timing analysis to/from this port will not be accurate, and no routing information for this port can be exported.
WARNING: [Route 35-198] Port "s_axis_0_tdata[3]" does not have an associated HD.PARTPIN_LOCS, which will prevent the partial routing of the signal "s_axis_0_tdata[3]". Without this partial route, timing analysis to/from this port will not be accurate, and no routing information for this port can be exported.
WARNING: [Route 35-198] Port "s_axis_0_tdata[65]" does not have an associated HD.PARTPIN_LOCS, which will prevent the partial routing of the signal "s_axis_0_tdata[65]". Without this partial route, timing analysis to/from this port will not be accurate, and no routing information for this port can be exported.
WARNING: [Route 35-198] Port "s_axis_0_tdata[73]" does not have an associated HD.PARTPIN_LOCS, which will prevent the partial routing of the signal "s_axis_0_tdata[73]". Without this partial route, timing analysis to/from this port will not be accurate, and no routing information for this port can be exported.
WARNING: [Route 35-198] Port "s_axis_0_tdata[117]" does not have an associated HD.PARTPIN_LOCS, which will prevent the partial routing of the signal "s_axis_0_tdata[117]". Without this partial route, timing analysis to/from this port will not be accurate, and no routing information for this port can be exported.
WARNING: [Route 35-198] Port "s_axis_0_tdata[49]" does not have an associated HD.PARTPIN_LOCS, which will prevent the partial routing of the signal "s_axis_0_tdata[49]". Without this partial route, timing analysis to/from this port will not be accurate, and no routing information for this port can be exported.
WARNING: [Route 35-198] Port "s_axis_0_tdata[60]" does not have an associated HD.PARTPIN_LOCS, which will prevent the partial routing of the signal "s_axis_0_tdata[60]". Without this partial route, timing analysis to/from this port will not be accurate, and no routing information for this port can be exported.
WARNING: [Route 35-198] Port "s_axis_0_tdata[88]" does not have an associated HD.PARTPIN_LOCS, which will prevent the partial routing of the signal "s_axis_0_tdata[88]". Without this partial route, timing analysis to/from this port will not be accurate, and no routing information for this port can be exported.
WARNING: [Route 35-198] Port "s_axis_0_tdata[48]" does not have an associated HD.PARTPIN_LOCS, which will prevent the partial routing of the signal "s_axis_0_tdata[48]". Without this partial route, timing analysis to/from this port will not be accurate, and no routing information for this port can be exported.
WARNING: [Route 35-198] Port "s_axis_0_tdata[23]" does not have an associated HD.PARTPIN_LOCS, which will prevent the partial routing of the signal "s_axis_0_tdata[23]". Without this partial route, timing analysis to/from this port will not be accurate, and no routing information for this port can be exported.
WARNING: [Route 35-198] Port "s_axis_0_tdata[24]" does not have an associated HD.PARTPIN_LOCS, which will prevent the partial routing of the signal "s_axis_0_tdata[24]". Without this partial route, timing analysis to/from this port will not be accurate, and no routing information for this port can be exported.
WARNING: [Route 35-198] Port "s_axis_0_tdata[40]" does not have an associated HD.PARTPIN_LOCS, which will prevent the partial routing of the signal "s_axis_0_tdata[40]". Without this partial route, timing analysis to/from this port will not be accurate, and no routing information for this port can be exported.
WARNING: [Route 35-198] Port "s_axis_0_tdata[44]" does not have an associated HD.PARTPIN_LOCS, which will prevent the partial routing of the signal "s_axis_0_tdata[44]". Without this partial route, timing analysis to/from this port will not be accurate, and no routing information for this port can be exported.
WARNING: [Route 35-198] Port "s_axis_0_tdata[36]" does not have an associated HD.PARTPIN_LOCS, which will prevent the partial routing of the signal "s_axis_0_tdata[36]". Without this partial route, timing analysis to/from this port will not be accurate, and no routing information for this port can be exported.
WARNING: [Route 35-198] Port "s_axis_0_tdata[85]" does not have an associated HD.PARTPIN_LOCS, which will prevent the partial routing of the signal "s_axis_0_tdata[85]". Without this partial route, timing analysis to/from this port will not be accurate, and no routing information for this port can be exported.
WARNING: [Route 35-198] Port "s_axis_0_tdata[125]" does not have an associated HD.PARTPIN_LOCS, which will prevent the partial routing of the signal "s_axis_0_tdata[125]". Without this partial route, timing analysis to/from this port will not be accurate, and no routing information for this port can be exported.
WARNING: [Route 35-198] Port "s_axis_0_tdata[111]" does not have an associated HD.PARTPIN_LOCS, which will prevent the partial routing of the signal "s_axis_0_tdata[111]". Without this partial route, timing analysis to/from this port will not be accurate, and no routing information for this port can be exported.
WARNING: [Route 35-198] Port "s_axis_0_tdata[7]" does not have an associated HD.PARTPIN_LOCS, which will prevent the partial routing of the signal "s_axis_0_tdata[7]". Without this partial route, timing analysis to/from this port will not be accurate, and no routing information for this port can be exported.
WARNING: [Route 35-198] Port "s_axis_0_tdata[20]" does not have an associated HD.PARTPIN_LOCS, which will prevent the partial routing of the signal "s_axis_0_tdata[20]". Without this partial route, timing analysis to/from this port will not be accurate, and no routing information for this port can be exported.
WARNING: [Route 35-198] Port "s_axis_0_tdata[63]" does not have an associated HD.PARTPIN_LOCS, which will prevent the partial routing of the signal "s_axis_0_tdata[63]". Without this partial route, timing analysis to/from this port will not be accurate, and no routing information for this port can be exported.
WARNING: [Route 35-198] Port "s_axis_0_tdata[75]" does not have an associated HD.PARTPIN_LOCS, which will prevent the partial routing of the signal "s_axis_0_tdata[75]". Without this partial route, timing analysis to/from this port will not be accurate, and no routing information for this port can be exported.
WARNING: [Route 35-198] Port "s_axis_0_tdata[12]" does not have an associated HD.PARTPIN_LOCS, which will prevent the partial routing of the signal "s_axis_0_tdata[12]". Without this partial route, timing analysis to/from this port will not be accurate, and no routing information for this port can be exported.
WARNING: [Route 35-198] Port "s_axis_0_tdata[45]" does not have an associated HD.PARTPIN_LOCS, which will prevent the partial routing of the signal "s_axis_0_tdata[45]". Without this partial route, timing analysis to/from this port will not be accurate, and no routing information for this port can be exported.
WARNING: [Route 35-198] Port "s_axis_0_tdata[61]" does not have an associated HD.PARTPIN_LOCS, which will prevent the partial routing of the signal "s_axis_0_tdata[61]". Without this partial route, timing analysis to/from this port will not be accurate, and no routing information for this port can be exported.
WARNING: [Route 35-198] Port "s_axis_0_tdata[4]" does not have an associated HD.PARTPIN_LOCS, which will prevent the partial routing of the signal "s_axis_0_tdata[4]". Without this partial route, timing analysis to/from this port will not be accurate, and no routing information for this port can be exported.
WARNING: [Route 35-198] Port "s_axis_0_tdata[57]" does not have an associated HD.PARTPIN_LOCS, which will prevent the partial routing of the signal "s_axis_0_tdata[57]". Without this partial route, timing analysis to/from this port will not be accurate, and no routing information for this port can be exported.
WARNING: [Route 35-198] Port "s_axis_0_tdata[68]" does not have an associated HD.PARTPIN_LOCS, which will prevent the partial routing of the signal "s_axis_0_tdata[68]". Without this partial route, timing analysis to/from this port will not be accurate, and no routing information for this port can be exported.
WARNING: [Route 35-198] Port "s_axis_0_tdata[0]" does not have an associated HD.PARTPIN_LOCS, which will prevent the partial routing of the signal "s_axis_0_tdata[0]". Without this partial route, timing analysis to/from this port will not be accurate, and no routing information for this port can be exported.
WARNING: [Route 35-198] Port "s_axis_0_tdata[9]" does not have an associated HD.PARTPIN_LOCS, which will prevent the partial routing of the signal "s_axis_0_tdata[9]". Without this partial route, timing analysis to/from this port will not be accurate, and no routing information for this port can be exported.
WARNING: [Route 35-198] Port "m_axis_0_tready" does not have an associated HD.PARTPIN_LOCS, which will prevent the partial routing of the signal "m_axis_0_tready". Without this partial route, timing analysis to/from this port will not be accurate, and no routing information for this port can be exported.
WARNING: [Route 35-198] Port "s_axis_0_tdata[127]" does not have an associated HD.PARTPIN_LOCS, which will prevent the partial routing of the signal "s_axis_0_tdata[127]". Without this partial route, timing analysis to/from this port will not be accurate, and no routing information for this port can be exported.
WARNING: [Route 35-198] Port "s_axis_0_tdata[72]" does not have an associated HD.PARTPIN_LOCS, which will prevent the partial routing of the signal "s_axis_0_tdata[72]". Without this partial route, timing analysis to/from this port will not be accurate, and no routing information for this port can be exported.
WARNING: [Route 35-198] Port "s_axis_0_tdata[98]" does not have an associated HD.PARTPIN_LOCS, which will prevent the partial routing of the signal "s_axis_0_tdata[98]". Without this partial route, timing analysis to/from this port will not be accurate, and no routing information for this port can be exported.
WARNING: [Route 35-198] Port "s_axis_0_tdata[119]" does not have an associated HD.PARTPIN_LOCS, which will prevent the partial routing of the signal "s_axis_0_tdata[119]". Without this partial route, timing analysis to/from this port will not be accurate, and no routing information for this port can be exported.
WARNING: [Route 35-198] Port "s_axis_0_tdata[64]" does not have an associated HD.PARTPIN_LOCS, which will prevent the partial routing of the signal "s_axis_0_tdata[64]". Without this partial route, timing analysis to/from this port will not be accurate, and no routing information for this port can be exported.
WARNING: [Route 35-198] Port "s_axis_0_tdata[87]" does not have an associated HD.PARTPIN_LOCS, which will prevent the partial routing of the signal "s_axis_0_tdata[87]". Without this partial route, timing analysis to/from this port will not be accurate, and no routing information for this port can be exported.
WARNING: [Route 35-198] Port "s_axis_0_tdata[95]" does not have an associated HD.PARTPIN_LOCS, which will prevent the partial routing of the signal "s_axis_0_tdata[95]". Without this partial route, timing analysis to/from this port will not be accurate, and no routing information for this port can be exported.
WARNING: [Route 35-198] Port "s_axis_0_tdata[112]" does not have an associated HD.PARTPIN_LOCS, which will prevent the partial routing of the signal "s_axis_0_tdata[112]". Without this partial route, timing analysis to/from this port will not be accurate, and no routing information for this port can be exported.
WARNING: [Route 35-198] Port "s_axis_0_tdata[122]" does not have an associated HD.PARTPIN_LOCS, which will prevent the partial routing of the signal "s_axis_0_tdata[122]". Without this partial route, timing analysis to/from this port will not be accurate, and no routing information for this port can be exported.
WARNING: [Route 35-198] Port "s_axis_0_tdata[86]" does not have an associated HD.PARTPIN_LOCS, which will prevent the partial routing of the signal "s_axis_0_tdata[86]". Without this partial route, timing analysis to/from this port will not be accurate, and no routing information for this port can be exported.
WARNING: [Route 35-198] Port "s_axis_0_tdata[66]" does not have an associated HD.PARTPIN_LOCS, which will prevent the partial routing of the signal "s_axis_0_tdata[66]". Without this partial route, timing analysis to/from this port will not be accurate, and no routing information for this port can be exported.
WARNING: [Route 35-198] Port "s_axis_0_tdata[79]" does not have an associated HD.PARTPIN_LOCS, which will prevent the partial routing of the signal "s_axis_0_tdata[79]". Without this partial route, timing analysis to/from this port will not be accurate, and no routing information for this port can be exported.
WARNING: [Route 35-198] Port "s_axis_0_tdata[58]" does not have an associated HD.PARTPIN_LOCS, which will prevent the partial routing of the signal "s_axis_0_tdata[58]". Without this partial route, timing analysis to/from this port will not be accurate, and no routing information for this port can be exported.
WARNING: [Route 35-198] Port "s_axis_0_tdata[31]" does not have an associated HD.PARTPIN_LOCS, which will prevent the partial routing of the signal "s_axis_0_tdata[31]". Without this partial route, timing analysis to/from this port will not be accurate, and no routing information for this port can be exported.
WARNING: [Route 35-198] Port "s_axis_0_tdata[47]" does not have an associated HD.PARTPIN_LOCS, which will prevent the partial routing of the signal "s_axis_0_tdata[47]". Without this partial route, timing analysis to/from this port will not be accurate, and no routing information for this port can be exported.
WARNING: [Route 35-198] Port "s_axis_0_tdata[52]" does not have an associated HD.PARTPIN_LOCS, which will prevent the partial routing of the signal "s_axis_0_tdata[52]". Without this partial route, timing analysis to/from this port will not be accurate, and no routing information for this port can be exported.
WARNING: [Route 35-198] Port "s_axis_0_tdata[59]" does not have an associated HD.PARTPIN_LOCS, which will prevent the partial routing of the signal "s_axis_0_tdata[59]". Without this partial route, timing analysis to/from this port will not be accurate, and no routing information for this port can be exported.
WARNING: [Route 35-198] Port "s_axis_0_tdata[37]" does not have an associated HD.PARTPIN_LOCS, which will prevent the partial routing of the signal "s_axis_0_tdata[37]". Without this partial route, timing analysis to/from this port will not be accurate, and no routing information for this port can be exported.
WARNING: [Route 35-198] Port "s_axis_0_tdata[83]" does not have an associated HD.PARTPIN_LOCS, which will prevent the partial routing of the signal "s_axis_0_tdata[83]". Without this partial route, timing analysis to/from this port will not be accurate, and no routing information for this port can be exported.
WARNING: [Route 35-198] Port "s_axis_0_tdata[84]" does not have an associated HD.PARTPIN_LOCS, which will prevent the partial routing of the signal "s_axis_0_tdata[84]". Without this partial route, timing analysis to/from this port will not be accurate, and no routing information for this port can be exported.
WARNING: [Route 35-198] Port "s_axis_0_tdata[76]" does not have an associated HD.PARTPIN_LOCS, which will prevent the partial routing of the signal "s_axis_0_tdata[76]". Without this partial route, timing analysis to/from this port will not be accurate, and no routing information for this port can be exported.
WARNING: [Route 35-198] Port "s_axis_0_tdata[103]" does not have an associated HD.PARTPIN_LOCS, which will prevent the partial routing of the signal "s_axis_0_tdata[103]". Without this partial route, timing analysis to/from this port will not be accurate, and no routing information for this port can be exported.
WARNING: [Route 35-198] Port "s_axis_0_tdata[71]" does not have an associated HD.PARTPIN_LOCS, which will prevent the partial routing of the signal "s_axis_0_tdata[71]". Without this partial route, timing analysis to/from this port will not be accurate, and no routing information for this port can be exported.
WARNING: [Route 35-198] Port "s_axis_0_tdata[74]" does not have an associated HD.PARTPIN_LOCS, which will prevent the partial routing of the signal "s_axis_0_tdata[74]". Without this partial route, timing analysis to/from this port will not be accurate, and no routing information for this port can be exported.
WARNING: [Route 35-198] Port "s_axis_0_tdata[38]" does not have an associated HD.PARTPIN_LOCS, which will prevent the partial routing of the signal "s_axis_0_tdata[38]". Without this partial route, timing analysis to/from this port will not be accurate, and no routing information for this port can be exported.
WARNING: [Route 35-198] Port "s_axis_0_tdata[126]" does not have an associated HD.PARTPIN_LOCS, which will prevent the partial routing of the signal "s_axis_0_tdata[126]". Without this partial route, timing analysis to/from this port will not be accurate, and no routing information for this port can be exported.
WARNING: [Route 35-198] Port "s_axis_0_tdata[90]" does not have an associated HD.PARTPIN_LOCS, which will prevent the partial routing of the signal "s_axis_0_tdata[90]". Without this partial route, timing analysis to/from this port will not be accurate, and no routing information for this port can be exported.
WARNING: [Route 35-198] Port "s_axis_0_tdata[69]" does not have an associated HD.PARTPIN_LOCS, which will prevent the partial routing of the signal "s_axis_0_tdata[69]". Without this partial route, timing analysis to/from this port will not be accurate, and no routing information for this port can be exported.
WARNING: [Route 35-198] Port "s_axis_0_tdata[77]" does not have an associated HD.PARTPIN_LOCS, which will prevent the partial routing of the signal "s_axis_0_tdata[77]". Without this partial route, timing analysis to/from this port will not be accurate, and no routing information for this port can be exported.
WARNING: [Route 35-198] Port "s_axis_0_tdata[18]" does not have an associated HD.PARTPIN_LOCS, which will prevent the partial routing of the signal "s_axis_0_tdata[18]". Without this partial route, timing analysis to/from this port will not be accurate, and no routing information for this port can be exported.
WARNING: [Route 35-198] Port "s_axis_0_tdata[15]" does not have an associated HD.PARTPIN_LOCS, which will prevent the partial routing of the signal "s_axis_0_tdata[15]". Without this partial route, timing analysis to/from this port will not be accurate, and no routing information for this port can be exported.
WARNING: [Route 35-198] Port "s_axis_0_tdata[106]" does not have an associated HD.PARTPIN_LOCS, which will prevent the partial routing of the signal "s_axis_0_tdata[106]". Without this partial route, timing analysis to/from this port will not be accurate, and no routing information for this port can be exported.
WARNING: [Route 35-198] Port "s_axis_0_tdata[1]" does not have an associated HD.PARTPIN_LOCS, which will prevent the partial routing of the signal "s_axis_0_tdata[1]". Without this partial route, timing analysis to/from this port will not be accurate, and no routing information for this port can be exported.
WARNING: [Route 35-198] Port "s_axis_0_tdata[33]" does not have an associated HD.PARTPIN_LOCS, which will prevent the partial routing of the signal "s_axis_0_tdata[33]". Without this partial route, timing analysis to/from this port will not be accurate, and no routing information for this port can be exported.
WARNING: [Route 35-198] Port "s_axis_0_tdata[107]" does not have an associated HD.PARTPIN_LOCS, which will prevent the partial routing of the signal "s_axis_0_tdata[107]". Without this partial route, timing analysis to/from this port will not be accurate, and no routing information for this port can be exported.
WARNING: [Route 35-198] Port "s_axis_0_tdata[10]" does not have an associated HD.PARTPIN_LOCS, which will prevent the partial routing of the signal "s_axis_0_tdata[10]". Without this partial route, timing analysis to/from this port will not be accurate, and no routing information for this port can be exported.
WARNING: [Route 35-198] Port "s_axis_0_tdata[34]" does not have an associated HD.PARTPIN_LOCS, which will prevent the partial routing of the signal "s_axis_0_tdata[34]". Without this partial route, timing analysis to/from this port will not be accurate, and no routing information for this port can be exported.
WARNING: [Route 35-198] Port "s_axis_0_tdata[39]" does not have an associated HD.PARTPIN_LOCS, which will prevent the partial routing of the signal "s_axis_0_tdata[39]". Without this partial route, timing analysis to/from this port will not be accurate, and no routing information for this port can be exported.
WARNING: [Route 35-198] Port "s_axis_0_tdata[50]" does not have an associated HD.PARTPIN_LOCS, which will prevent the partial routing of the signal "s_axis_0_tdata[50]". Without this partial route, timing analysis to/from this port will not be accurate, and no routing information for this port can be exported.
WARNING: [Route 35-198] Port "s_axis_0_tdata[22]" does not have an associated HD.PARTPIN_LOCS, which will prevent the partial routing of the signal "s_axis_0_tdata[22]". Without this partial route, timing analysis to/from this port will not be accurate, and no routing information for this port can be exported.
WARNING: [Route 35-198] Port "s_axis_0_tdata[94]" does not have an associated HD.PARTPIN_LOCS, which will prevent the partial routing of the signal "s_axis_0_tdata[94]". Without this partial route, timing analysis to/from this port will not be accurate, and no routing information for this port can be exported.
WARNING: [Route 35-198] Port "s_axis_0_tdata[2]" does not have an associated HD.PARTPIN_LOCS, which will prevent the partial routing of the signal "s_axis_0_tdata[2]". Without this partial route, timing analysis to/from this port will not be accurate, and no routing information for this port can be exported.
INFO: [Common 17-14] Message 'Route 35-198' appears 100 times and further instances of the messages will be disabled. Use the Tcl command set_msg_config to change the current settings.
Post Restoration Checksum: NetGraph: 914544fa NumContArr: 76995c67 Constraints: cad580c4 Timing: 0
Phase 1 Build RT Design | Checksum: 1d2b42225

Time (s): cpu = 00:00:46 ; elapsed = 00:00:09 . Memory (MB): peak = 5211.445 ; gain = 0.000 ; free physical = 34044 ; free virtual = 54857

Phase 2 Router Initialization

Phase 2.1 Fix Topology Constraints
Phase 2.1 Fix Topology Constraints | Checksum: 1d2b42225

Time (s): cpu = 00:00:46 ; elapsed = 00:00:10 . Memory (MB): peak = 5211.445 ; gain = 0.000 ; free physical = 34022 ; free virtual = 54834

Phase 2.2 Pre Route Cleanup
Phase 2.2 Pre Route Cleanup | Checksum: 1d2b42225

Time (s): cpu = 00:00:47 ; elapsed = 00:00:10 . Memory (MB): peak = 5211.445 ; gain = 0.000 ; free physical = 34031 ; free virtual = 54844

Phase 2.3 Global Clock Net Routing
 Number of Nodes with overlaps = 0
Phase 2.3 Global Clock Net Routing | Checksum: f5374fdc

Time (s): cpu = 00:00:49 ; elapsed = 00:00:11 . Memory (MB): peak = 5211.445 ; gain = 0.000 ; free physical = 33968 ; free virtual = 54781

Phase 2.4 Update Timing
Phase 2.4 Update Timing | Checksum: 22e972576

Time (s): cpu = 00:01:07 ; elapsed = 00:00:18 . Memory (MB): peak = 5211.445 ; gain = 0.000 ; free physical = 33959 ; free virtual = 54772
INFO: [Route 35-416] Intermediate Timing Summary | WNS=3.261  | TNS=0.000  | WHS=-0.003 | THS=-0.017 |


Router Utilization Summary
  Global Vertical Routing Utilization    = 0.000158928 %
  Global Horizontal Routing Utilization  = 8.20856e-05 %
  Routable Net Status*
  *Does not include unroutable nets such as driverless and loadless.
  Run report_route_status for detailed report.
  Number of Failed Nets               = 73088
    (Failed Nets is the sum of unrouted and partially routed nets)
  Number of Unrouted Nets             = 68154
  Number of Partially Routed Nets     = 4934
  Number of Node Overlaps             = 1

Phase 2 Router Initialization | Checksum: 1c22a3e75

Time (s): cpu = 00:01:34 ; elapsed = 00:00:27 . Memory (MB): peak = 5256.730 ; gain = 45.285 ; free physical = 33932 ; free virtual = 54745

Phase 3 Initial Routing

Phase 3.1 Global Routing
Phase 3.1 Global Routing | Checksum: 1c22a3e75

Time (s): cpu = 00:01:34 ; elapsed = 00:00:27 . Memory (MB): peak = 5256.730 ; gain = 45.285 ; free physical = 33931 ; free virtual = 54745
Phase 3 Initial Routing | Checksum: 27522c6c7

Time (s): cpu = 00:02:01 ; elapsed = 00:00:37 . Memory (MB): peak = 5276.730 ; gain = 65.285 ; free physical = 34006 ; free virtual = 54819

Phase 4 Rip-up And Reroute

Phase 4.1 Global Iteration 0
 Number of Nodes with overlaps = 23274
INFO: [Route 35-443] CLB routing congestion detected. Several CLBs have high routing utilization, which can impact timing closure. Congested CLBs and Nets are dumped in: iter_7_CongestedCLBsAndNets.txt
 Number of Nodes with overlaps = 1735
 Number of Nodes with overlaps = 201
 Number of Nodes with overlaps = 49
 Number of Nodes with overlaps = 18
 Number of Nodes with overlaps = 11
 Number of Nodes with overlaps = 5
 Number of Nodes with overlaps = 2
 Number of Nodes with overlaps = 1
 Number of Nodes with overlaps = 0
INFO: [Route 35-416] Intermediate Timing Summary | WNS=2.661  | TNS=0.000  | WHS=0.015  | THS=0.000  |

Phase 4.1 Global Iteration 0 | Checksum: 274b0fe7a

Time (s): cpu = 00:05:36 ; elapsed = 00:02:28 . Memory (MB): peak = 5292.738 ; gain = 81.293 ; free physical = 34056 ; free virtual = 54870

Phase 4.2 Additional Iteration for Hold
Phase 4.2 Additional Iteration for Hold | Checksum: 1d697874f

Time (s): cpu = 00:05:37 ; elapsed = 00:02:28 . Memory (MB): peak = 5292.738 ; gain = 81.293 ; free physical = 34082 ; free virtual = 54896
Phase 4 Rip-up And Reroute | Checksum: 1d697874f

Time (s): cpu = 00:05:37 ; elapsed = 00:02:29 . Memory (MB): peak = 5292.738 ; gain = 81.293 ; free physical = 34082 ; free virtual = 54896

Phase 5 Delay and Skew Optimization

Phase 5.1 Delay CleanUp
Phase 5.1 Delay CleanUp | Checksum: 1d697874f

Time (s): cpu = 00:05:38 ; elapsed = 00:02:29 . Memory (MB): peak = 5292.738 ; gain = 81.293 ; free physical = 34083 ; free virtual = 54897

Phase 5.2 Clock Skew Optimization
Phase 5.2 Clock Skew Optimization | Checksum: 1d697874f

Time (s): cpu = 00:05:38 ; elapsed = 00:02:29 . Memory (MB): peak = 5292.738 ; gain = 81.293 ; free physical = 34083 ; free virtual = 54897
Phase 5 Delay and Skew Optimization | Checksum: 1d697874f

Time (s): cpu = 00:05:38 ; elapsed = 00:02:29 . Memory (MB): peak = 5292.738 ; gain = 81.293 ; free physical = 34082 ; free virtual = 54896

Phase 6 Post Hold Fix

Phase 6.1 Hold Fix Iter

Phase 6.1.1 Update Timing
Phase 6.1.1 Update Timing | Checksum: 1fa3dbc22

Time (s): cpu = 00:05:56 ; elapsed = 00:02:35 . Memory (MB): peak = 5292.738 ; gain = 81.293 ; free physical = 34097 ; free virtual = 54911
INFO: [Route 35-416] Intermediate Timing Summary | WNS=2.661  | TNS=0.000  | WHS=0.015  | THS=0.000  |

Phase 6.1 Hold Fix Iter | Checksum: 1fa3dbc22

Time (s): cpu = 00:05:56 ; elapsed = 00:02:36 . Memory (MB): peak = 5292.738 ; gain = 81.293 ; free physical = 34097 ; free virtual = 54911
Phase 6 Post Hold Fix | Checksum: 1fa3dbc22

Time (s): cpu = 00:05:56 ; elapsed = 00:02:36 . Memory (MB): peak = 5292.738 ; gain = 81.293 ; free physical = 34097 ; free virtual = 54911

Phase 7 Leaf Clock Prog Delay Opt
Phase 7 Leaf Clock Prog Delay Opt | Checksum: 2674a20a3

Time (s): cpu = 00:06:14 ; elapsed = 00:02:42 . Memory (MB): peak = 5292.738 ; gain = 81.293 ; free physical = 34066 ; free virtual = 54880

Phase 8 Route finalize

Router Utilization Summary
  Global Vertical Routing Utilization    = 21.9323 %
  Global Horizontal Routing Utilization  = 22.4162 %
  Routable Net Status*
  *Does not include unroutable nets such as driverless and loadless.
  Run report_route_status for detailed report.
  Number of Failed Nets               = 0
    (Failed Nets is the sum of unrouted and partially routed nets)
  Number of Unrouted Nets             = 0
  Number of Partially Routed Nets     = 0
  Number of Node Overlaps             = 0

Phase 8 Route finalize | Checksum: 2656db620

Time (s): cpu = 00:06:15 ; elapsed = 00:02:42 . Memory (MB): peak = 5292.738 ; gain = 81.293 ; free physical = 34075 ; free virtual = 54889

Phase 9 Verifying routed nets

 Verification completed successfully
Phase 9 Verifying routed nets | Checksum: 2656db620

Time (s): cpu = 00:06:15 ; elapsed = 00:02:43 . Memory (MB): peak = 5292.738 ; gain = 81.293 ; free physical = 34102 ; free virtual = 54917

Phase 10 Depositing Routes
Phase 10 Depositing Routes | Checksum: 2656db620

Time (s): cpu = 00:06:22 ; elapsed = 00:02:48 . Memory (MB): peak = 5292.738 ; gain = 81.293 ; free physical = 34085 ; free virtual = 54899

Phase 11 Resolve XTalk
Phase 11 Resolve XTalk | Checksum: 2656db620

Time (s): cpu = 00:06:23 ; elapsed = 00:02:49 . Memory (MB): peak = 5292.738 ; gain = 81.293 ; free physical = 34070 ; free virtual = 54884

Phase 12 Post Router Timing
INFO: [Route 35-57] Estimated Timing Summary | WNS=2.661  | TNS=0.000  | WHS=0.015  | THS=0.000  |

INFO: [Route 35-327] The final timing numbers are based on the router estimated timing analysis. For a complete and accurate timing signoff, please run report_timing_summary.
Phase 12 Post Router Timing | Checksum: 2656db620

Time (s): cpu = 00:06:27 ; elapsed = 00:02:50 . Memory (MB): peak = 5292.738 ; gain = 81.293 ; free physical = 34082 ; free virtual = 54896
INFO: [Route 35-16] Router Completed Successfully

Time (s): cpu = 00:06:27 ; elapsed = 00:02:50 . Memory (MB): peak = 5292.738 ; gain = 81.293 ; free physical = 34157 ; free virtual = 54971

Routing Is Done.
INFO: [Common 17-83] Releasing license: Implementation
107 Infos, 102 Warnings, 0 Critical Warnings and 0 Errors encountered.
route_design completed successfully
route_design: Time (s): cpu = 00:06:35 ; elapsed = 00:02:54 . Memory (MB): peak = 5292.738 ; gain = 81.293 ; free physical = 34157 ; free virtual = 54971
INFO: [Timing 38-480] Writing timing data to binary archive.
Writing XDEF routing.
Writing XDEF routing logical nets.
Writing XDEF routing special nets.
Write XDEF Complete: Time (s): cpu = 00:00:15 ; elapsed = 00:00:06 . Memory (MB): peak = 5292.738 ; gain = 0.000 ; free physical = 33912 ; free virtual = 54876
INFO: [Common 17-1381] The checkpoint '/tmp/finn_dev_samu/synth_out_of_context_fg51qaeo/results_finn_design_wrapper/vivadocompile/vivadocompile.runs/impl_1/finn_design_wrapper_routed.dcp' has been generated.
write_checkpoint: Time (s): cpu = 00:00:29 ; elapsed = 00:00:14 . Memory (MB): peak = 5300.742 ; gain = 8.004 ; free physical = 33904 ; free virtual = 54766
INFO: [runtcl-4] Executing : report_drc -file finn_design_wrapper_drc_routed.rpt -pb finn_design_wrapper_drc_routed.pb -rpx finn_design_wrapper_drc_routed.rpx
Command: report_drc -file finn_design_wrapper_drc_routed.rpt -pb finn_design_wrapper_drc_routed.pb -rpx finn_design_wrapper_drc_routed.rpx
INFO: [IP_Flow 19-1839] IP Catalog is up to date.
INFO: [DRC 23-27] Running DRC with 8 threads
INFO: [Vivado_Tcl 2-168] The results of DRC are in file /tmp/finn_dev_samu/synth_out_of_context_fg51qaeo/results_finn_design_wrapper/vivadocompile/vivadocompile.runs/impl_1/finn_design_wrapper_drc_routed.rpt.
report_drc completed successfully
INFO: [runtcl-4] Executing : report_methodology -file finn_design_wrapper_methodology_drc_routed.rpt -pb finn_design_wrapper_methodology_drc_routed.pb -rpx finn_design_wrapper_methodology_drc_routed.rpx
Command: report_methodology -file finn_design_wrapper_methodology_drc_routed.rpt -pb finn_design_wrapper_methodology_drc_routed.pb -rpx finn_design_wrapper_methodology_drc_routed.rpx
INFO: [Timing 38-35] Done setting XDC timing constraints.
WARNING: [Timing 38-242] The property HD.CLK_SRC of clock port "ap_clk" is not set. In out-of-context mode, this prevents timing estimation for clock delay/skew
Resolution: Set the HD.CLK_SRC property of the out-of-context port to the location of the clock buffer instance in the top-level design
INFO: [DRC 23-133] Running Methodology with 8 threads
INFO: [Vivado_Tcl 2-1520] The results of Report Methodology are in file /tmp/finn_dev_samu/synth_out_of_context_fg51qaeo/results_finn_design_wrapper/vivadocompile/vivadocompile.runs/impl_1/finn_design_wrapper_methodology_drc_routed.rpt.
report_methodology completed successfully
report_methodology: Time (s): cpu = 00:00:43 ; elapsed = 00:00:11 . Memory (MB): peak = 5420.934 ; gain = 0.000 ; free physical = 33842 ; free virtual = 54704
INFO: [runtcl-4] Executing : report_power -file finn_design_wrapper_power_routed.rpt -pb finn_design_wrapper_power_summary_routed.pb -rpx finn_design_wrapper_power_routed.rpx
Command: report_power -file finn_design_wrapper_power_routed.rpt -pb finn_design_wrapper_power_summary_routed.pb -rpx finn_design_wrapper_power_routed.rpx
INFO: [Timing 38-35] Done setting XDC timing constraints.
Running Vector-less Activity Propagation...

Finished Running Vector-less Activity Propagation
WARNING: [Power 33-332] Found switching activity that implies high-fanout reset nets being asserted for excessive periods of time which may result in inaccurate power analysis.
Resolution: To review and fix problems, please run Power Constraints Advisor in the GUI from Tools > Power Constraints Advisor or run report_power with the -advisory option to generate a text report.
119 Infos, 104 Warnings, 0 Critical Warnings and 0 Errors encountered.
report_power completed successfully
report_power: Time (s): cpu = 00:00:36 ; elapsed = 00:00:12 . Memory (MB): peak = 5464.547 ; gain = 43.613 ; free physical = 33696 ; free virtual = 54570
INFO: [runtcl-4] Executing : report_route_status -file finn_design_wrapper_route_status.rpt -pb finn_design_wrapper_route_status.pb
INFO: [runtcl-4] Executing : report_timing_summary -max_paths 10 -report_unconstrained -file finn_design_wrapper_timing_summary_routed.rpt -pb finn_design_wrapper_timing_summary_routed.pb -rpx finn_design_wrapper_timing_summary_routed.rpx -warn_on_violation 
INFO: [Timing 38-91] UpdateTimingParams: Speed grade: -1, Temperature grade: E, Delay Type: min_max.
INFO: [Timing 38-191] Multithreading enabled for timing update using a maximum of 8 CPUs
INFO: [runtcl-4] Executing : report_incremental_reuse -file finn_design_wrapper_incremental_reuse_routed.rpt
INFO: [Vivado_Tcl 4-1062] Incremental flow is disabled. No incremental reuse Info to report.
INFO: [runtcl-4] Executing : report_clock_utilization -file finn_design_wrapper_clock_utilization_routed.rpt
INFO: [runtcl-4] Executing : report_bus_skew -warn_on_violation -file finn_design_wrapper_bus_skew_routed.rpt -pb finn_design_wrapper_bus_skew_routed.pb -rpx finn_design_wrapper_bus_skew_routed.rpx
INFO: [Timing 38-91] UpdateTimingParams: Speed grade: -1, Temperature grade: E, Delay Type: min_max.
INFO: [Timing 38-191] Multithreading enabled for timing update using a maximum of 8 CPUs
INFO: [Common 17-206] Exiting Vivado at Tue Jun  9 02:02:03 2026...
